../roboclaw/roboclaw.c:34:24:roboClaw_init	16	static
../roboclaw/roboclaw.c:43:13:crc_clear	16	static
../roboclaw/roboclaw.c:47:13:crc_update	24	static
../roboclaw/roboclaw.c:59:17:crc_get	16	static
../roboclaw/roboclaw.c:63:31:write_n	44	static
../roboclaw/roboclaw.c:89:13:write	16	static
../roboclaw/roboclaw.c:93:12:read	16	static
../roboclaw/roboclaw.c:97:12:read_timeout	24	static
../roboclaw/roboclaw.c:108:17:Read4_1	48	static
../roboclaw/roboclaw.c:176:24:ForwardM1	24	static
../roboclaw/roboclaw.c:180:24:BackwardM1	24	static
../roboclaw/roboclaw.c:183:24:SetMinVoltageMainBattery	24	static
../roboclaw/roboclaw.c:187:24:SetMaxVoltageMainBattery	24	static
../roboclaw/roboclaw.c:191:24:ForwardM2	24	static
../roboclaw/roboclaw.c:195:24:BackwardM2	24	static
../roboclaw/roboclaw.c:199:24:ForwardBackwardM1	24	static
../roboclaw/roboclaw.c:203:24:ForwardBackwardM2	24	static
../roboclaw/roboclaw.c:207:24:ForwardMixed	24	static
../roboclaw/roboclaw.c:211:24:BackwardMixed	24	static
../roboclaw/roboclaw.c:215:24:TurnRightMixed	24	static
../roboclaw/roboclaw.c:219:24:TurnLeftMixed	24	static
../roboclaw/roboclaw.c:223:24:ForwardBackwardMixed	24	static
../roboclaw/roboclaw.c:227:24:LeftRightMixed	24	static
../roboclaw/roboclaw.c:231:24:SetM1VelocityPID	160	static
../roboclaw/roboclaw.c:237:24:SetM2VelocityPID	160	static
../roboclaw/roboclaw.c:243:24:ResetEncoders	16	static
../roboclaw/roboclaw.c:246:24:SetEncM1	40	static
../roboclaw/roboclaw.c:250:24:SetEncM2	40	static
../roboclaw/roboclaw.c:253:24:SetMinVoltageLogicBattery	24	static
../roboclaw/roboclaw.c:257:24:SetMaxVoltageLogicBattery	24	static
../roboclaw/roboclaw.c:260:24:DutyM1	24	static
../roboclaw/roboclaw.c:264:24:DutyM2	24	static
../roboclaw/roboclaw.c:268:24:DutyM1M2	40	static
../roboclaw/roboclaw.c:272:24:SpeedM1	40	static
../roboclaw/roboclaw.c:276:24:SpeedM2	40	static
../roboclaw/roboclaw.c:280:24:SpeedM1M2	80	static
../roboclaw/roboclaw.c:284:24:SpeedAccelM1	80	static
../roboclaw/roboclaw.c:288:24:SpeedAccelM2	80	static
../roboclaw/roboclaw.c:291:24:SpeedAccelM1M2	112	static
../roboclaw/roboclaw.c:295:24:SpeedDistanceM1	88	static
../roboclaw/roboclaw.c:299:24:SpeedDistanceM2	88	static
../roboclaw/roboclaw.c:303:24:SpeedDistanceM1M2	160	static
../roboclaw/roboclaw.c:307:24:SpeedAccelDistanceM1	128	static
../roboclaw/roboclaw.c:311:24:SpeedAccelDistanceM2	128	static
../roboclaw/roboclaw.c:315:24:SpeedAccelDistanceM1M2	192	static
../roboclaw/roboclaw.c:318:24:SpeedAccelM1M2_2	144	static
../roboclaw/roboclaw.c:322:24:SpeedAccelDistanceM1M2_2	224	static
../roboclaw/roboclaw.c:326:24:DutyAccelM1	64	static
../roboclaw/roboclaw.c:330:24:DutyAccelM2	64	static
../roboclaw/roboclaw.c:334:24:DutyAccelM1M2	112	static
../roboclaw/roboclaw.c:337:24:SetMainVoltages	40	static
../roboclaw/roboclaw.c:341:24:SetLogicVoltages	40	static
../roboclaw/roboclaw.c:344:24:SetM1PositionPID	256	static
../roboclaw/roboclaw.c:351:24:SetM2PositionPID	256	static
../roboclaw/roboclaw.c:357:24:SpeedAccelDeccelPositionM1	160	static
../roboclaw/roboclaw.c:361:24:SpeedAccelDeccelPositionM2	160	static
../roboclaw/roboclaw.c:365:24:SpeedAccelDeccelPositionM1M2	288	static
../roboclaw/roboclaw.c:369:24:SetM1DefaultAccel	40	static
../roboclaw/roboclaw.c:373:24:SetM2DefaultAccel	40	static
../roboclaw/roboclaw.c:377:24:SetPinFunctions	40	static
../roboclaw/roboclaw.c:380:24:SetDeadBand	24	static
../roboclaw/roboclaw.c:383:24:RestoreDefaults	16	static
../roboclaw/roboclaw.c:386:24:SetM1EncoderMode	24	static
../roboclaw/roboclaw.c:390:24:SetM2EncoderMode	24	static
../roboclaw/roboclaw.c:394:24:WriteNVM	32	static
../roboclaw/roboclaw.c:398:24:ReadNVM	16	static
../roboclaw/roboclaw.c:402:24:SetConfig	24	static
../roboclaw/roboclaw.c:405:24:SetM1MaxCurrent	64	static
../roboclaw/roboclaw.c:409:24:SetM2MaxCurrent	64	static
../roboclaw/roboclaw.c:412:24:SetPWMMode	24	static
../roboclaw/roboclaw.c:420:10:ReadEncM1	24	static
../roboclaw/roboclaw.c:424:10:ReadEncM2	24	static
../roboclaw/roboclaw.c:428:10:ReadSpeedM1	24	static
../roboclaw/roboclaw.c:432:10:ReadSpeedM2	24	static
