../Core/Src/main.c:148:9:pulsesPerSecondToRPM	1
../Core/Src/main.c:155:10:map_value	1
../Core/Src/main.c:178:6:HAL_CAN_RxFifo1MsgPendingCallback	1
../Core/Src/main.c:206:5:main	3
../Core/Src/main.c:315:6:SystemClock_Config	3
../Core/Src/main.c:355:13:MX_CAN_Init	2
../Core/Src/main.c:392:13:MX_USART1_UART_Init	2
../Core/Src/main.c:425:13:MX_USART2_UART_Init	2
../Core/Src/main.c:458:13:MX_USART3_UART_Init	2
../Core/Src/main.c:489:13:MX_DMA_Init	1
../Core/Src/main.c:522:13:MX_GPIO_Init	1
../Core/Src/main.c:546:6:Error_Handler	1
