../Core/Src/main.c:148:9:pulsesPerSecondToRPM	24	static
../Core/Src/main.c:155:10:map_value	32	static
../Core/Src/main.c:178:6:HAL_CAN_RxFifo1MsgPendingCallback	16	static
../Core/Src/main.c:206:5:main	24	static
../Core/Src/main.c:315:6:SystemClock_Config	72	static
../Core/Src/main.c:355:13:MX_CAN_Init	8	static
../Core/Src/main.c:392:13:MX_USART1_UART_Init	8	static
../Core/Src/main.c:425:13:MX_USART2_UART_Init	8	static
../Core/Src/main.c:458:13:MX_USART3_UART_Init	8	static
../Core/Src/main.c:489:13:MX_DMA_Init	16	static
../Core/Src/main.c:522:13:MX_GPIO_Init	24	static
../Core/Src/main.c:546:6:Error_Handler	4	static,ignoring_inline_asm
