Archive member included to satisfy reference by file (symbol)

C:/ST/STM32CubeIDE_1.18.0/STM32CubeIDE/plugins/com.st.stm32cube.ide.mcu.externaltools.gnu-tools-for-stm32.13.3.rel1.win32_1.0.0.202411081344/tools/bin/../lib/gcc/arm-none-eabi/13.3.1/../../../../arm-none-eabi/lib/thumb/v7-m/nofp\libc_nano.a(libc_a-exit.o)
                              C:/ST/STM32CubeIDE_1.18.0/STM32CubeIDE/plugins/com.st.stm32cube.ide.mcu.externaltools.gnu-tools-for-stm32.13.3.rel1.win32_1.0.0.202411081344/tools/bin/../lib/gcc/arm-none-eabi/13.3.1/../../../../arm-none-eabi/lib/thumb/v7-m/nofp/crt0.o (exit)
C:/ST/STM32CubeIDE_1.18.0/STM32CubeIDE/plugins/com.st.stm32cube.ide.mcu.externaltools.gnu-tools-for-stm32.13.3.rel1.win32_1.0.0.202411081344/tools/bin/../lib/gcc/arm-none-eabi/13.3.1/../../../../arm-none-eabi/lib/thumb/v7-m/nofp\libc_nano.a(libc_a-findfp.o)
                              C:/ST/STM32CubeIDE_1.18.0/STM32CubeIDE/plugins/com.st.stm32cube.ide.mcu.externaltools.gnu-tools-for-stm32.13.3.rel1.win32_1.0.0.202411081344/tools/bin/../lib/gcc/arm-none-eabi/13.3.1/../../../../arm-none-eabi/lib/thumb/v7-m/nofp\libc_nano.a(libc_a-exit.o) (__stdio_exit_handler)
C:/ST/STM32CubeIDE_1.18.0/STM32CubeIDE/plugins/com.st.stm32cube.ide.mcu.externaltools.gnu-tools-for-stm32.13.3.rel1.win32_1.0.0.202411081344/tools/bin/../lib/gcc/arm-none-eabi/13.3.1/../../../../arm-none-eabi/lib/thumb/v7-m/nofp\libc_nano.a(libc_a-fwalk.o)
                              C:/ST/STM32CubeIDE_1.18.0/STM32CubeIDE/plugins/com.st.stm32cube.ide.mcu.externaltools.gnu-tools-for-stm32.13.3.rel1.win32_1.0.0.202411081344/tools/bin/../lib/gcc/arm-none-eabi/13.3.1/../../../../arm-none-eabi/lib/thumb/v7-m/nofp\libc_nano.a(libc_a-findfp.o) (_fwalk_sglue)
C:/ST/STM32CubeIDE_1.18.0/STM32CubeIDE/plugins/com.st.stm32cube.ide.mcu.externaltools.gnu-tools-for-stm32.13.3.rel1.win32_1.0.0.202411081344/tools/bin/../lib/gcc/arm-none-eabi/13.3.1/../../../../arm-none-eabi/lib/thumb/v7-m/nofp\libc_nano.a(libc_a-stdio.o)
                              C:/ST/STM32CubeIDE_1.18.0/STM32CubeIDE/plugins/com.st.stm32cube.ide.mcu.externaltools.gnu-tools-for-stm32.13.3.rel1.win32_1.0.0.202411081344/tools/bin/../lib/gcc/arm-none-eabi/13.3.1/../../../../arm-none-eabi/lib/thumb/v7-m/nofp\libc_nano.a(libc_a-findfp.o) (__sread)
C:/ST/STM32CubeIDE_1.18.0/STM32CubeIDE/plugins/com.st.stm32cube.ide.mcu.externaltools.gnu-tools-for-stm32.13.3.rel1.win32_1.0.0.202411081344/tools/bin/../lib/gcc/arm-none-eabi/13.3.1/../../../../arm-none-eabi/lib/thumb/v7-m/nofp\libc_nano.a(libc_a-memset.o)
                              C:/ST/STM32CubeIDE_1.18.0/STM32CubeIDE/plugins/com.st.stm32cube.ide.mcu.externaltools.gnu-tools-for-stm32.13.3.rel1.win32_1.0.0.202411081344/tools/bin/../lib/gcc/arm-none-eabi/13.3.1/../../../../arm-none-eabi/lib/thumb/v7-m/nofp/crt0.o (memset)
C:/ST/STM32CubeIDE_1.18.0/STM32CubeIDE/plugins/com.st.stm32cube.ide.mcu.externaltools.gnu-tools-for-stm32.13.3.rel1.win32_1.0.0.202411081344/tools/bin/../lib/gcc/arm-none-eabi/13.3.1/../../../../arm-none-eabi/lib/thumb/v7-m/nofp\libc_nano.a(libc_a-closer.o)
                              C:/ST/STM32CubeIDE_1.18.0/STM32CubeIDE/plugins/com.st.stm32cube.ide.mcu.externaltools.gnu-tools-for-stm32.13.3.rel1.win32_1.0.0.202411081344/tools/bin/../lib/gcc/arm-none-eabi/13.3.1/../../../../arm-none-eabi/lib/thumb/v7-m/nofp\libc_nano.a(libc_a-stdio.o) (_close_r)
C:/ST/STM32CubeIDE_1.18.0/STM32CubeIDE/plugins/com.st.stm32cube.ide.mcu.externaltools.gnu-tools-for-stm32.13.3.rel1.win32_1.0.0.202411081344/tools/bin/../lib/gcc/arm-none-eabi/13.3.1/../../../../arm-none-eabi/lib/thumb/v7-m/nofp\libc_nano.a(libc_a-reent.o)
                              C:/ST/STM32CubeIDE_1.18.0/STM32CubeIDE/plugins/com.st.stm32cube.ide.mcu.externaltools.gnu-tools-for-stm32.13.3.rel1.win32_1.0.0.202411081344/tools/bin/../lib/gcc/arm-none-eabi/13.3.1/../../../../arm-none-eabi/lib/thumb/v7-m/nofp\libc_nano.a(libc_a-closer.o) (errno)
C:/ST/STM32CubeIDE_1.18.0/STM32CubeIDE/plugins/com.st.stm32cube.ide.mcu.externaltools.gnu-tools-for-stm32.13.3.rel1.win32_1.0.0.202411081344/tools/bin/../lib/gcc/arm-none-eabi/13.3.1/../../../../arm-none-eabi/lib/thumb/v7-m/nofp\libc_nano.a(libc_a-impure.o)
                              C:/ST/STM32CubeIDE_1.18.0/STM32CubeIDE/plugins/com.st.stm32cube.ide.mcu.externaltools.gnu-tools-for-stm32.13.3.rel1.win32_1.0.0.202411081344/tools/bin/../lib/gcc/arm-none-eabi/13.3.1/../../../../arm-none-eabi/lib/thumb/v7-m/nofp\libc_nano.a(libc_a-reent.o) (_impure_ptr)
C:/ST/STM32CubeIDE_1.18.0/STM32CubeIDE/plugins/com.st.stm32cube.ide.mcu.externaltools.gnu-tools-for-stm32.13.3.rel1.win32_1.0.0.202411081344/tools/bin/../lib/gcc/arm-none-eabi/13.3.1/../../../../arm-none-eabi/lib/thumb/v7-m/nofp\libc_nano.a(libc_a-lseekr.o)
[...]
Memory Configuration

Name             Origin             Length             Attributes
RAM              0x20000000         0x00005000         xrw
FLASH            0x08000000         0x00010000         xr
*default*        0x00000000         0xffffffff

Linker script and memory map

LOAD C:/ST/STM32CubeIDE_1.18.0/STM32CubeIDE/plugins/com.st.stm32cube.ide.mcu.externaltools.gnu-tools-for-stm32.13.3.rel1.win32_1.0.0.202411081344/tools/bin/../lib/gcc/arm-none-eabi/13.3.1/thumb/v7-m/nofp/crti.o
LOAD C:/ST/STM32CubeIDE_1.18.0/STM32CubeIDE/plugins/com.st.stm32cube.ide.mcu.externaltools.gnu-tools-for-stm32.13.3.rel1.win32_1.0.0.202411081344/tools/bin/../lib/gcc/arm-none-eabi/13.3.1/thumb/v7-m/nofp/crtbegin.o
LOAD C:/ST/STM32CubeIDE_1.18.0/STM32CubeIDE/plugins/com.st.stm32cube.ide.mcu.externaltools.gnu-tools-for-stm32.13.3.rel1.win32_1.0.0.202411081344/tools/bin/../lib/gcc/arm-none-eabi/13.3.1/../../../../arm-none-eabi/lib/thumb/v7-m/nofp/crt0.o
LOAD ./Core/Src/main.o
LOAD ./Core/Src/stm32f1xx_hal_msp.o
LOAD ./Core/Src/stm32f1xx_it.o
LOAD ./Core/Src/syscalls.o
LOAD ./Core/Src/sysmem.o
LOAD ./Core/Src/system_stm32f1xx.o
LOAD ./Core/Startup/startup_stm32f103c8tx.o
LOAD ./Drivers/STM32F1xx_HAL_Driver/Src/stm32f1xx_hal.o
LOAD ./Drivers/STM32F1xx_HAL_Driver/Src/stm32f1xx_hal_can.o
LOAD ./Drivers/STM32F1xx_HAL_Driver/Src/stm32f1xx_hal_cortex.o
LOAD ./Drivers/STM32F1xx_HAL_Driver/Src/stm32f1xx_hal_dma.o
LOAD ./Drivers/STM32F1xx_HAL_Driver/Src/stm32f1xx_hal_exti.o
LOAD ./Drivers/STM32F1xx_HAL_Driver/Src/stm32f1xx_hal_flash.o
LOAD ./Drivers/STM32F1xx_HAL_Driver/Src/stm32f1xx_hal_flash_ex.o
LOAD ./Drivers/STM32F1xx_HAL_Driver/Src/stm32f1xx_hal_gpio.o
LOAD ./Drivers/STM32F1xx_HAL_Driver/Src/stm32f1xx_hal_gpio_ex.o
LOAD ./Drivers/STM32F1xx_HAL_Driver/Src/stm32f1xx_hal_pwr.o
LOAD ./Drivers/STM32F1xx_HAL_Driver/Src/stm32f1xx_hal_rcc.o
LOAD ./Drivers/STM32F1xx_HAL_Driver/Src/stm32f1xx_hal_rcc_ex.o
LOAD ./Drivers/STM32F1xx_HAL_Driver/Src/stm32f1xx_hal_uart.o
LOAD ./roboclaw/roboclaw.o
LOAD ./serial/Serial.o
LOAD ./serial/base_serial.o
LOAD ./serial/ringbuffer.o
START GROUP
LOAD C:/ST/STM32CubeIDE_1.18.0/STM32CubeIDE/plugins/com.st.stm32cube.ide.mcu.externaltools.gnu-tools-for-stm32.13.3.rel1.win32_1.0.0.202411081344/tools/bin/../lib/gcc/arm-none-eabi/13.3.1/../../../../arm-none-eabi/lib/thumb/v7-m/nofp\libc_nano.a
LOAD C:/ST/STM32CubeIDE_1.18.0/STM32CubeIDE/plugins/com.st.stm32cube.ide.mcu.externaltools.gnu-tools-for-stm32.13.3.rel1.win32_1.0.0.202411081344/tools/bin/../lib/gcc/arm-none-eabi/13.3.1/../../../../arm-none-eabi/lib/thumb/v7-m/nofp\libm.a
END GROUP
START GROUP
LOAD C:/ST/STM32CubeIDE_1.18.0/STM32CubeIDE/plugins/com.st.stm32cube.ide.mcu.externaltools.gnu-tools-for-stm32.13.3.rel1.win32_1.0.0.202411081344/tools/bin/../lib/gcc/arm-none-eabi/13.3.1/thumb/v7-m/nofp\libgcc.a
LOAD C:/ST/STM32CubeIDE_1.18.0/STM32CubeIDE/plugins/com.st.stm32cube.ide.mcu.externaltools.gnu-tools-for-stm32.13.3.rel1.win32_1.0.0.202411081344/tools/bin/../lib/gcc/arm-none-eabi/13.3.1/../../../../arm-none-eabi/lib/thumb/v7-m/nofp\libc_nano.a
END GROUP
START GROUP
LOAD C:/ST/STM32CubeIDE_1.18.0/STM32CubeIDE/plugins/com.st.stm32cube.ide.mcu.externaltools.gnu-tools-for-stm32.13.3.rel1.win32_1.0.0.202411081344/tools/bin/../lib/gcc/arm-none-eabi/13.3.1/thumb/v7-m/nofp\libgcc.a
LOAD C:/ST/STM32CubeIDE_1.18.0/STM32CubeIDE/plugins/com.st.stm32cube.ide.mcu.externaltools.gnu-tools-for-stm32.13.3.rel1.win32_1.0.0.202411081344/tools/bin/../lib/gcc/arm-none-eabi/13.3.1/../../../../arm-none-eabi/lib/thumb/v7-m/nofp\libc_nano.a
LOAD C:/ST/STM32CubeIDE_1.18.0/STM32CubeIDE/plugins/com.st.stm32cube.ide.mcu.externaltools.gnu-tools-for-stm32.13.3.rel1.win32_1.0.0.202411081344/tools/bin/../lib/gcc/arm-none-eabi/13.3.1/../../../../arm-none-eabi/lib/thumb/v7-m/nofp\libnosys.a
END GROUP
START GROUP
LOAD C:/ST/STM32CubeIDE_1.18.0/STM32CubeIDE/plugins/com.st.stm32cube.ide.mcu.externaltools.gnu-tools-for-stm32.13.3.rel1.win32_1.0.0.202411081344/tools/bin/../lib/gcc/arm-none-eabi/13.3.1/thumb/v7-m/nofp\libgcc.a
LOAD C:/ST/STM32CubeIDE_1.18.0/STM32CubeIDE/plugins/com.st.stm32cube.ide.mcu.externaltools.gnu-tools-for-stm32.13.3.rel1.win32_1.0.0.202411081344/tools/bin/../lib/gcc/arm-none-eabi/13.3.1/../../../../arm-none-eabi/lib/thumb/v7-m/nofp\libc_nano.a
LOAD C:/ST/STM32CubeIDE_1.18.0/STM32CubeIDE/plugins/com.st.stm32cube.ide.mcu.externaltools.gnu-tools-for-stm32.13.3.rel1.win32_1.0.0.202411081344/tools/bin/../lib/gcc/arm-none-eabi/13.3.1/../../../../arm-none-eabi/lib/thumb/v7-m/nofp\libnosys.a
END GROUP
LOAD C:/ST/STM32CubeIDE_1.18.0/STM32CubeIDE/plugins/com.st.stm32cube.ide.mcu.externaltools.gnu-tools-for-stm32.13.3.rel1.win32_1.0.0.202411081344/tools/bin/../lib/gcc/arm-none-eabi/13.3.1/thumb/v7-m/nofp/crtend.o
LOAD C:/ST/STM32CubeIDE_1.18.0/STM32CubeIDE/plugins/com.st.stm32cube.ide.mcu.externaltools.gnu-tools-for-stm32.13.3.rel1.win32_1.0.0.202411081344/tools/bin/../lib/gcc/arm-none-eabi/13.3.1/thumb/v7-m/nofp/crtn.o
                0x20005000                        _estack = (ORIGIN (RAM) + LENGTH (RAM))
                0x00000200                        _Min_Heap_Size = 0x200
                0x00000400                        _Min_Stack_Size = 0x400

.isr_vector     0x08000000      0x10c
                0x08000000                        . = ALIGN (0x4)
 *(.isr_vector)
 .isr_vector    0x08000000      0x10c ./Core/Startup/startup_stm32f103c8tx.o
                0x08000000                g_pfnVectors
                0x0800010c                        . = ALIGN (0x4)

.text           0x0800010c     0x41c4
                0x0800010c                        . = ALIGN (0x4)
 *(.text)
 .text          0x0800010c       0x40 C:/ST/STM32CubeIDE_1.18.0/STM32CubeIDE/plugins/com.st.stm32cube.ide.mcu.externaltools.gnu-tools-for-stm32.13.3.rel1.win32_1.0.0.202411081344/tools/bin/../lib/gcc/arm-none-eabi/13.3.1/thumb/v7-m/nofp/crtbegin.o
 *(.text*)
 .text.HAL_CAN_RxFifo1MsgPendingCallback
                0x0800014c       0x24 ./Core/Src/main.o
                0x0800014c                HAL_CAN_RxFifo1MsgPendingCallback
 .text.main     0x08000170      0x1ac ./Core/Src/main.o
                0x08000170                main
 .text.SystemClock_Config
                0x0800031c       0x8a ./Core/Src/main.o
                0x0800031c                SystemClock_Config
 *fill*         0x080003a6        0x2 
 .text.MX_CAN_Init
                0x080003a8       0x6c ./Core/Src/main.o
 .text.MX_USART1_UART_Init
                0x08000414       0x54 ./Core/Src/main.o
 .text.MX_USART2_UART_Init
                0x08000468       0x54 ./Core/Src/main.o
 .text.MX_USART3_UART_Init
                0x080004bc       0x54 ./Core/Src/main.o
 .text.MX_DMA_Init
                0x08000510       0x8c ./Core/Src/main.o
 .text.MX_GPIO_Init
                0x0800059c       0x5c ./Core/Src/main.o
 .text.Error_Handler
                0x080005f8        0xc ./Core/Src/main.o
                0x080005f8                Error_Handler
 .text.HAL_MspInit
                0x08000604       0x64 ./Core/Src/stm32f1xx_hal_msp.o
                0x08000604                HAL_MspInit
 .text.HAL_CAN_MspInit
                0x08000668       0xa8 ./Core/Src/stm32f1xx_hal_msp.o
                0x08000668                HAL_CAN_MspInit
 .text.HAL_UART_MspInit
                0x08000710      0x3b4 ./Core/Src/stm32f1xx_hal_msp.o
                0x08000710                HAL_UART_MspInit
 .text.NMI_Handler
                0x08000ac4        0x8 ./Core/Src/stm32f1xx_it.o
                0x08000ac4                NMI_Handler
 .text.HardFault_Handler
                0x08000acc        0x8 ./Core/Src/stm32f1xx_it.o
                0x08000acc                HardFault_Handler
 .text.MemManage_Handler
                0x08000ad4        0x8 ./Core/Src/stm32f1xx_it.o
                0x08000ad4                MemManage_Handler
 .text.BusFault_Handler
                0x08000adc        0x8 ./Core/Src/stm32f1xx_it.o
                0x08000adc                BusFault_Handler
 .text.UsageFault_Handler
                0x08000ae4        0x8 ./Core/Src/stm32f1xx_it.o
                0x08000ae4                UsageFault_Handler
 .text.SVC_Handler
                0x08000aec        0xc ./Core/Src/stm32f1xx_it.o
                0x08000aec                SVC_Handler
 .text.DebugMon_Handler
                0x08000af8        0xc ./Core/Src/stm32f1xx_it.o
                0x08000af8                DebugMon_Handler
 .text.PendSV_Handler
                0x08000b04        0xc ./Core/Src/stm32f1xx_it.o
                0x08000b04                PendSV_Handler
 .text.SysTick_Handler
                0x08000b10        0xc ./Core/Src/stm32f1xx_it.o
                0x08000b10                SysTick_Handler
 .text.DMA1_Channel2_IRQHandler
                0x08000b1c       0x14 ./Core/Src/stm32f1xx_it.o
                0x08000b1c                DMA1_Channel2_IRQHandler
 .text.DMA1_Channel3_IRQHandler
                0x08000b30       0x14 ./Core/Src/stm32f1xx_it.o
                0x08000b30                DMA1_Channel3_IRQHandler
 .text.DMA1_Channel4_IRQHandler
                0x08000b44       0x14 ./Core/Src/stm32f1xx_it.o
                0x08000b44                DMA1_Channel4_IRQHandler
 .text.DMA1_Channel5_IRQHandler
                0x08000b58       0x14 ./Core/Src/stm32f1xx_it.o
                0x08000b58                DMA1_Channel5_IRQHandler
 .text.DMA1_Channel6_IRQHandler
                0x08000b6c       0x14 ./Core/Src/stm32f1xx_it.o
                0x08000b6c                DMA1_Channel6_IRQHandler
 .text.DMA1_Channel7_IRQHandler
                0x08000b80       0x14 ./Core/Src/stm32f1xx_it.o
                0x08000b80                DMA1_Channel7_IRQHandler
 .text.CAN1_RX1_IRQHandler
                0x08000b94       0x14 ./Core/Src/stm32f1xx_it.o
                0x08000b94                CAN1_RX1_IRQHandler
 .text.USART1_IRQHandler
                0x08000ba8       0x14 ./Core/Src/stm32f1xx_it.o
                0x08000ba8                USART1_IRQHandler
 .text.USART2_IRQHandler
                0x08000bbc       0x14 ./Core/Src/stm32f1xx_it.o
                0x08000bbc                USART2_IRQHandler
 .text.USART3_IRQHandler
                0x08000bd0       0x14 ./Core/Src/stm32f1xx_it.o
                0x08000bd0                USART3_IRQHandler
 .text.SystemInit
                0x08000be4        0xc ./Core/Src/system_stm32f1xx.o
                0x08000be4                SystemInit
 .text.Reset_Handler
                0x08000bf0       0x48 ./Core/Startup/startup_stm32f103c8tx.o
                0x08000bf0                Reset_Handler
 .text.Default_Handler
                0x08000c38        0x2 ./Core/Startup/startup_stm32f103c8tx.o
                0x08000c38                RTC_Alarm_IRQHandler
                0x08000c38                EXTI2_IRQHandler
                0x08000c38                TIM1_CC_IRQHandler
                0x08000c38                PVD_IRQHandler
                0x08000c38                EXTI3_IRQHandler
                0x08000c38                EXTI0_IRQHandler
                0x08000c38                I2C2_EV_IRQHandler
                0x08000c38                ADC1_2_IRQHandler
                0x08000c38                SPI1_IRQHandler
                0x08000c38                TAMPER_IRQHandler
                0x08000c38                RTC_IRQHandler
                0x08000c38                TIM4_IRQHandler
                0x08000c38                I2C1_EV_IRQHandler
                0x08000c38                TIM3_IRQHandler
                0x08000c38                RCC_IRQHandler
                0x08000c38                TIM1_TRG_COM_IRQHandler
                0x08000c38                DMA1_Channel1_IRQHandler
                0x08000c38                Default_Handler
                0x08000c38                EXTI15_10_IRQHandler
                0x08000c38                EXTI9_5_IRQHandler
                0x08000c38                SPI2_IRQHandler
                0x08000c38                EXTI4_IRQHandler
                0x08000c38                USB_LP_CAN1_RX0_IRQHandler
                0x08000c38                USB_HP_CAN1_TX_IRQHandler
                0x08000c38                TIM1_UP_IRQHandler
                0x08000c38                WWDG_IRQHandler
                0x08000c38                TIM2_IRQHandler
                0x08000c38                TIM1_BRK_IRQHandler
                0x08000c38                EXTI1_IRQHandler
                0x08000c38                I2C2_ER_IRQHandler
                0x08000c38                CAN1_SCE_IRQHandler
                0x08000c38                FLASH_IRQHandler
                0x08000c38                I2C1_ER_IRQHandler
                0x08000c38                USBWakeUp_IRQHandler
 *fill*         0x08000c3a        0x2 
 .text.HAL_Init
                0x08000c3c       0x2c ./Drivers/STM32F1xx_HAL_Driver/Src/stm32f1xx_hal.o
                0x08000c3c                HAL_Init
 .text.HAL_InitTick
                0x08000c68       0x60 ./Drivers/STM32F1xx_HAL_Driver/Src/stm32f1xx_hal.o
                0x08000c68                HAL_InitTick
 .text.HAL_IncTick
                0x08000cc8       0x24 ./Drivers/STM32F1xx_HAL_Driver/Src/stm32f1xx_hal.o
                0x08000cc8                HAL_IncTick
 .text.HAL_GetTick
                0x08000cec       0x14 ./Drivers/STM32F1xx_HAL_Driver/Src/stm32f1xx_hal.o
                0x08000cec                HAL_GetTick
 .text.HAL_Delay
                0x08000d00       0x48 ./Drivers/STM32F1xx_HAL_Driver/Src/stm32f1xx_hal.o
                0x08000d00                HAL_Delay
 .text.HAL_CAN_Init
                0x08000d48      0x1f6 ./Drivers/STM32F1xx_HAL_Driver/Src/stm32f1xx_hal_can.o
                0x08000d48                HAL_CAN_Init
 .text.HAL_CAN_ConfigFilter
                0x08000f3e      0x192 ./Drivers/STM32F1xx_HAL_Driver/Src/stm32f1xx_hal_can.o
                0x08000f3e                HAL_CAN_ConfigFilter
 .text.HAL_CAN_Start
                0x080010d0       0x88 ./Drivers/STM32F1xx_HAL_Driver/Src/stm32f1xx_hal_can.o
                0x080010d0                HAL_CAN_Start
 .text.HAL_CAN_AddTxMessage
                0x08001158      0x19e ./Drivers/STM32F1xx_HAL_Driver/Src/stm32f1xx_hal_can.o
                0x08001158                HAL_CAN_AddTxMessage
 .text.HAL_CAN_GetRxMessage
                0x080012f6      0x242 ./Drivers/STM32F1xx_HAL_Driver/Src/stm32f1xx_hal_can.o
                0x080012f6                HAL_CAN_GetRxMessage
 .text.HAL_CAN_ActivateNotification
                0x08001538       0x4a ./Drivers/STM32F1xx_HAL_Driver/Src/stm32f1xx_hal_can.o
                0x08001538                HAL_CAN_ActivateNotification
 .text.HAL_CAN_IRQHandler
                0x08001582      0x36e ./Drivers/STM32F1xx_HAL_Driver/Src/stm32f1xx_hal_can.o
                0x08001582                HAL_CAN_IRQHandler
 .text.HAL_CAN_TxMailbox0CompleteCallback
                0x080018f0       0x12 ./Drivers/STM32F1xx_HAL_Driver/Src/stm32f1xx_hal_can.o
                0x080018f0                HAL_CAN_TxMailbox0CompleteCallback
 .text.HAL_CAN_TxMailbox1CompleteCallback
                0x08001902       0x12 ./Drivers/STM32F1xx_HAL_Driver/Src/stm32f1xx_hal_can.o
                0x08001902                HAL_CAN_TxMailbox1CompleteCallback
 .text.HAL_CAN_TxMailbox2CompleteCallback
                0x08001914       0x12 ./Drivers/STM32F1xx_HAL_Driver/Src/stm32f1xx_hal_can.o
                0x08001914                HAL_CAN_TxMailbox2CompleteCallback
 .text.HAL_CAN_TxMailbox0AbortCallback
                0x08001926       0x12 ./Drivers/STM32F1xx_HAL_Driver/Src/stm32f1xx_hal_can.o
                0x08001926                HAL_CAN_TxMailbox0AbortCallback
 .text.HAL_CAN_TxMailbox1AbortCallback
                0x08001938       0x12 ./Drivers/STM32F1xx_HAL_Driver/Src/stm32f1xx_hal_can.o
                0x08001938                HAL_CAN_TxMailbox1AbortCallback
 .text.HAL_CAN_TxMailbox2AbortCallback
                0x0800194a       0x12 ./Drivers/STM32F1xx_HAL_Driver/Src/stm32f1xx_hal_can.o
                0x0800194a                HAL_CAN_TxMailbox2AbortCallback
 .text.HAL_CAN_RxFifo0MsgPendingCallback
                0x0800195c       0x12 ./Drivers/STM32F1xx_HAL_Driver/Src/stm32f1xx_hal_can.o
                0x0800195c                HAL_CAN_RxFifo0MsgPendingCallback
 .text.HAL_CAN_RxFifo0FullCallback
                0x0800196e       0x12 ./Drivers/STM32F1xx_HAL_Driver/Src/stm32f1xx_hal_can.o
                0x0800196e                HAL_CAN_RxFifo0FullCallback
 .text.HAL_CAN_RxFifo1FullCallback
                0x08001980       0x12 ./Drivers/STM32F1xx_HAL_Driver/Src/stm32f1xx_hal_can.o
                0x08001980                HAL_CAN_RxFifo1FullCallback
 .text.HAL_CAN_SleepCallback
                0x08001992       0x12 ./Drivers/STM32F1xx_HAL_Driver/Src/stm32f1xx_hal_can.o
                0x08001992                HAL_CAN_SleepCallback
 .text.HAL_CAN_WakeUpFromRxMsgCallback
                0x080019a4       0x12 ./Drivers/STM32F1xx_HAL_Driver/Src/stm32f1xx_hal_can.o
                0x080019a4                HAL_CAN_WakeUpFromRxMsgCallback
 .text.HAL_CAN_ErrorCallback
                0x080019b6       0x12 ./Drivers/STM32F1xx_HAL_Driver/Src/stm32f1xx_hal_can.o
                0x080019b6                HAL_CAN_ErrorCallback
 .text.__NVIC_SetPriorityGrouping
                0x080019c8       0x48 ./Drivers/STM32F1xx_HAL_Driver/Src/stm32f1xx_hal_cortex.o
 .text.__NVIC_GetPriorityGrouping
                0x08001a10       0x1c ./Drivers/STM32F1xx_HAL_Driver/Src/stm32f1xx_hal_cortex.o
 .text.__NVIC_EnableIRQ
                0x08001a2c       0x38 ./Drivers/STM32F1xx_HAL_Driver/Src/stm32f1xx_hal_cortex.o
 .text.__NVIC_SetPriority
                0x08001a64       0x54 ./Drivers/STM32F1xx_HAL_Driver/Src/stm32f1xx_hal_cortex.o
 .text.NVIC_EncodePriority
                0x08001ab8       0x64 ./Drivers/STM32F1xx_HAL_Driver/Src/stm32f1xx_hal_cortex.o
 .text.SysTick_Config
                0x08001b1c       0x44 ./Drivers/STM32F1xx_HAL_Driver/Src/stm32f1xx_hal_cortex.o
 .text.HAL_NVIC_SetPriorityGrouping
                0x08001b60       0x16 ./Drivers/STM32F1xx_HAL_Driver/Src/stm32f1xx_hal_cortex.o
                0x08001b60                HAL_NVIC_SetPriorityGrouping
 .text.HAL_NVIC_SetPriority
                0x08001b76       0x38 ./Drivers/STM32F1xx_HAL_Driver/Src/stm32f1xx_hal_cortex.o
                0x08001b76                HAL_NVIC_SetPriority
 .text.HAL_NVIC_EnableIRQ
                0x08001bae       0x1c ./Drivers/STM32F1xx_HAL_Driver/Src/stm32f1xx_hal_cortex.o
                0x08001bae                HAL_NVIC_EnableIRQ
 .text.HAL_SYSTICK_Config
                0x08001bca       0x18 ./Drivers/STM32F1xx_HAL_Driver/Src/stm32f1xx_hal_cortex.o
                0x08001bca                HAL_SYSTICK_Config
 *fill*         0x08001be2        0x2 
 .text.HAL_DMA_Init
                0x08001be4       0xb4 ./Drivers/STM32F1xx_HAL_Driver/Src/stm32f1xx_hal_dma.o
                0x08001be4                HAL_DMA_Init
 .text.HAL_DMA_Start_IT
                0x08001c98       0xc0 ./Drivers/STM32F1xx_HAL_Driver/Src/stm32f1xx_hal_dma.o
                0x08001c98                HAL_DMA_Start_IT
 .text.HAL_DMA_Abort
                0x08001d58       0x76 ./Drivers/STM32F1xx_HAL_Driver/Src/stm32f1xx_hal_dma.o
                0x08001d58                HAL_DMA_Abort
 *fill*         0x08001dce        0x2 
 .text.HAL_DMA_Abort_IT
                0x08001dd0       0xf0 ./Drivers/STM32F1xx_HAL_Driver/Src/stm32f1xx_hal_dma.o
                0x08001dd0                HAL_DMA_Abort_IT
 .text.HAL_DMA_IRQHandler
                0x08001ec0      0x20c ./Drivers/STM32F1xx_HAL_Driver/Src/stm32f1xx_hal_dma.o
                0x08001ec0                HAL_DMA_IRQHandler
 .text.DMA_SetConfig
                0x080020cc       0x5a ./Drivers/STM32F1xx_HAL_Driver/Src/stm32f1xx_hal_dma.o
 *fill*         0x08002126        0x2 
 .text.HAL_GPIO_Init
                0x08002128      0x308 ./Drivers/STM32F1xx_HAL_Driver/Src/stm32f1xx_hal_gpio.o
                0x08002128                HAL_GPIO_Init
 .text.HAL_RCC_OscConfig
                0x08002430      0x504 ./Drivers/STM32F1xx_HAL_Driver/Src/stm32f1xx_hal_rcc.o
                0x08002430                HAL_RCC_OscConfig
 .text.HAL_RCC_ClockConfig
                0x08002934      0x1d4 ./Drivers/STM32F1xx_HAL_Driver/Src/stm32f1xx_hal_rcc.o
                0x08002934                HAL_RCC_ClockConfig
 .text.HAL_RCC_GetSysClockFreq
                0x08002b08       0xa8 ./Drivers/STM32F1xx_HAL_Driver/Src/stm32f1xx_hal_rcc.o
                0x08002b08                HAL_RCC_GetSysClockFreq
 .text.HAL_RCC_GetHCLKFreq
                0x08002bb0       0x14 ./Drivers/STM32F1xx_HAL_Driver/Src/stm32f1xx_hal_rcc.o
                0x08002bb0                HAL_RCC_GetHCLKFreq
 .text.HAL_RCC_GetPCLK1Freq
                0x08002bc4       0x28 ./Drivers/STM32F1xx_HAL_Driver/Src/stm32f1xx_hal_rcc.o
                0x08002bc4                HAL_RCC_GetPCLK1Freq
 .text.HAL_RCC_GetPCLK2Freq
                0x08002bec       0x28 ./Drivers/STM32F1xx_HAL_Driver/Src/stm32f1xx_hal_rcc.o
                0x08002bec                HAL_RCC_GetPCLK2Freq
 .text.RCC_Delay
                0x08002c14       0x3c ./Drivers/STM32F1xx_HAL_Driver/Src/stm32f1xx_hal_rcc.o
 .text.HAL_UART_Init
                0x08002c50       0xa0 ./Drivers/STM32F1xx_HAL_Driver/Src/stm32f1xx_hal_uart.o
                0x08002c50                HAL_UART_Init
 .text.HAL_UART_Transmit_DMA
                0x08002cf0       0xe0 ./Drivers/STM32F1xx_HAL_Driver/Src/stm32f1xx_hal_uart.o
                0x08002cf0                HAL_UART_Transmit_DMA
 .text.HAL_UART_Receive_DMA
                0x08002dd0       0x4a ./Drivers/STM32F1xx_HAL_Driver/Src/stm32f1xx_hal_uart.o
                0x08002dd0                HAL_UART_Receive_DMA
 *fill*         0x08002e1a        0x2 
 .text.HAL_UART_IRQHandler
                0x08002e1c      0x524 ./Drivers/STM32F1xx_HAL_Driver/Src/stm32f1xx_hal_uart.o
                0x08002e1c                HAL_UART_IRQHandler
 .text.HAL_UART_TxHalfCpltCallback
                0x08003340       0x12 ./Drivers/STM32F1xx_HAL_Driver/Src/stm32f1xx_hal_uart.o
                0x08003340                HAL_UART_TxHalfCpltCallback
 .text.HAL_UART_RxHalfCpltCallback
                0x08003352       0x12 ./Drivers/STM32F1xx_HAL_Driver/Src/stm32f1xx_hal_uart.o
                0x08003352                HAL_UART_RxHalfCpltCallback
 .text.HAL_UARTEx_RxEventCallback
                0x08003364       0x16 ./Drivers/STM32F1xx_HAL_Driver/Src/stm32f1xx_hal_uart.o
                0x08003364                HAL_UARTEx_RxEventCallback
 .text.UART_DMATransmitCplt
                0x0800337a       0x9a ./Drivers/STM32F1xx_HAL_Driver/Src/stm32f1xx_hal_uart.o
 .text.UART_DMATxHalfCplt
                0x08003414       0x1c ./Drivers/STM32F1xx_HAL_Driver/Src/stm32f1xx_hal_uart.o
 .text.UART_DMAReceiveCplt
                0x08003430      0x12c ./Drivers/STM32F1xx_HAL_Driver/Src/stm32f1xx_hal_uart.o
 .text.UART_DMARxHalfCplt
                0x0800355c       0x3c ./Drivers/STM32F1xx_HAL_Driver/Src/stm32f1xx_hal_uart.o
 .text.UART_DMAError
                0x08003598       0x94 ./Drivers/STM32F1xx_HAL_Driver/Src/stm32f1xx_hal_uart.o
 .text.UART_Start_Receive_DMA
                0x0800362c      0x134 ./Drivers/STM32F1xx_HAL_Driver/Src/stm32f1xx_hal_uart.o
                0x0800362c                UART_Start_Receive_DMA
 .text.UART_EndTxTransfer
                0x08003760       0x4e ./Drivers/STM32F1xx_HAL_Driver/Src/stm32f1xx_hal_uart.o
 .text.UART_EndRxTransfer
                0x080037ae       0xc4 ./Drivers/STM32F1xx_HAL_Driver/Src/stm32f1xx_hal_uart.o
 .text.UART_DMAAbortOnError
                0x08003872       0x28 ./Drivers/STM32F1xx_HAL_Driver/Src/stm32f1xx_hal_uart.o
 .text.UART_Transmit_IT
                0x0800389a       0x9e ./Drivers/STM32F1xx_HAL_Driver/Src/stm32f1xx_hal_uart.o
 .text.UART_EndTransmit_IT
                0x08003938       0x30 ./Drivers/STM32F1xx_HAL_Driver/Src/stm32f1xx_hal_uart.o
 .text.UART_Receive_IT
                0x08003968      0x17c ./Drivers/STM32F1xx_HAL_Driver/Src/stm32f1xx_hal_uart.o
 .text.UART_SetConfig
                0x08003ae4      0x11c ./Drivers/STM32F1xx_HAL_Driver/Src/stm32f1xx_hal_uart.o
 .text.crc_clear
                0x08003c00       0x18 ./roboclaw/roboclaw.o
 .text.crc_update
                0x08003c18       0x74 ./roboclaw/roboclaw.o
 .text.crc_get  0x08003c8c       0x16 ./roboclaw/roboclaw.o
 .text.write_n  0x08003ca2       0xae ./roboclaw/roboclaw.o
 .text.write    0x08003d50       0x20 ./roboclaw/roboclaw.o
 .text.read_timeout
                0x08003d70       0x4c ./roboclaw/roboclaw.o
 .text.ForwardBackwardM1
                0x08003dbc       0x2a ./roboclaw/roboclaw.o
                0x08003dbc                ForwardBackwardM1
 .text.ForwardBackwardM2
                0x08003de6       0x2a ./roboclaw/roboclaw.o
                0x08003de6                ForwardBackwardM2
 .text.serial_init
                0x08003e10      0x118 ./serial/Serial.o
                0x08003e10                serial_init
 .text.serial_write
                0x08003f28       0x58 ./serial/Serial.o
                0x08003f28                serial_write
 .text.serial_available
                0x08003f80       0x26 ./serial/Serial.o
                0x08003f80                serial_available
 .text.serial_read
                0x08003fa6       0x3a ./serial/Serial.o
                0x08003fa6                serial_read
 .text.HAL_UART_TxCpltCallback
                0x08003fe0       0x46 ./serial/Serial.o
                0x08003fe0                HAL_UART_TxCpltCallback
 .text.HAL_UART_RxCpltCallback
                0x08004026       0x36 ./serial/Serial.o
                0x08004026                HAL_UART_RxCpltCallback
 .text.HAL_UART_ErrorCallback
                0x0800405c       0x16 ./serial/Serial.o
                0x0800405c                HAL_UART_ErrorCallback
 *fill*         0x08004072        0x2 
 .text.get_serial_handler
                0x08004074       0x60 ./serial/base_serial.o
                0x08004074                get_serial_handler
 .text.ring_buffer_is_empty
                0x080040d4       0x28 ./serial/ringbuffer.o
                0x080040d4                ring_buffer_is_empty
 .text.ring_buffer_is_full
                0x080040fc       0x34 ./serial/ringbuffer.o
                0x080040fc                ring_buffer_is_full
 .text.ring_buffer_init
                0x08004130       0x32 ./serial/ringbuffer.o
                0x08004130                ring_buffer_init
 .text.ring_buffer_queue
                0x08004162       0x68 ./serial/ringbuffer.o
                0x08004162                ring_buffer_queue
 .text.ring_buffer_queue_arr
                0x080041ca       0x3c ./serial/ringbuffer.o
                0x080041ca                ring_buffer_queue_arr
 .text.ring_buffer_dequeue
                0x08004206       0x58 ./serial/ringbuffer.o
                0x08004206                ring_buffer_dequeue
 .text.memset   0x0800425e       0x10 C:/ST/STM32CubeIDE_1.18.0/STM32CubeIDE/plugins/com.st.stm32cube.ide.mcu.externaltools.gnu-tools-for-stm32.13.3.rel1.win32_1.0.0.202411081344/tools/bin/../lib/gcc/arm-none-eabi/13.3.1/../../../../arm-none-eabi/lib/thumb/v7-m/nofp\libc_nano.a(libc_a-memset.o)
                0x0800425e                memset
 *fill*         0x0800426e        0x2 
 .text.__libc_init_array
                0x08004270       0x48 C:/ST/STM32CubeIDE_1.18.0/STM32CubeIDE/plugins/com.st.stm32cube.ide.mcu.externaltools.gnu-tools-for-stm32.13.3.rel1.win32_1.0.0.202411081344/tools/bin/../lib/gcc/arm-none-eabi/13.3.1/../../../../arm-none-eabi/lib/thumb/v7-m/nofp\libc_nano.a(libc_a-init.o)
                0x08004270                __libc_init_array
 *(.glue_7)
 .glue_7        0x080042b8        0x0 linker stubs
 *(.glue_7t)
 .glue_7t       0x080042b8        0x0 linker stubs
 *(.eh_frame)
 .eh_frame      0x080042b8        0x0 C:/ST/STM32CubeIDE_1.18.0/STM32CubeIDE/plugins/com.st.stm32cube.ide.mcu.externaltools.gnu-tools-for-stm32.13.3.rel1.win32_1.0.0.202411081344/tools/bin/../lib/gcc/arm-none-eabi/13.3.1/thumb/v7-m/nofp/crtbegin.o
 *(.init)
 .init          0x080042b8        0x4 C:/ST/STM32CubeIDE_1.18.0/STM32CubeIDE/plugins/com.st.stm32cube.ide.mcu.externaltools.gnu-tools-for-stm32.13.3.rel1.win32_1.0.0.202411081344/tools/bin/../lib/gcc/arm-none-eabi/13.3.1/thumb/v7-m/nofp/crti.o
                0x080042b8                _init
 .init          0x080042bc        0x8 C:/ST/STM32CubeIDE_1.18.0/STM32CubeIDE/plugins/com.st.stm32cube.ide.mcu.externaltools.gnu-tools-for-stm32.13.3.rel1.win32_1.0.0.202411081344/tools/bin/../lib/gcc/arm-none-eabi/13.3.1/thumb/v7-m/nofp/crtn.o
 *(.fini)
 .fini          0x080042c4        0x4 C:/ST/STM32CubeIDE_1.18.0/STM32CubeIDE/plugins/com.st.stm32cube.ide.mcu.externaltools.gnu-tools-for-stm32.13.3.rel1.win32_1.0.0.202411081344/tools/bin/../lib/gcc/arm-none-eabi/13.3.1/thumb/v7-m/nofp/crti.o
                0x080042c4                _fini
 .fini          0x080042c8        0x8 C:/ST/STM32CubeIDE_1.18.0/STM32CubeIDE/plugins/com.st.stm32cube.ide.mcu.externaltools.gnu-tools-for-stm32.13.3.rel1.win32_1.0.0.202411081344/tools/bin/../lib/gcc/arm-none-eabi/13.3.1/thumb/v7-m/nofp/crtn.o
                0x080042d0                        . = ALIGN (0x4)
                0x080042d0                        _etext = .

.vfp11_veneer   0x080042d0        0x0
 .vfp11_veneer  0x080042d0        0x0 linker stubs

.v4_bx          0x080042d0        0x0
 .v4_bx         0x080042d0        0x0 linker stubs

.iplt           0x080042d0        0x0
 .iplt          0x080042d0        0x0 C:/ST/STM32CubeIDE_1.18.0/STM32CubeIDE/plugins/com.st.stm32cube.ide.mcu.externaltools.gnu-tools-for-stm32.13.3.rel1.win32_1.0.0.202411081344/tools/bin/../lib/gcc/arm-none-eabi/13.3.1/thumb/v7-m/nofp/crtbegin.o

.rodata         0x080042d0       0x2c
                0x080042d0                        . = ALIGN (0x4)
 *(.rodata)
 *(.rodata*)
 .rodata.AHBPrescTable
                0x080042d0       0x10 ./Core/Src/system_stm32f1xx.o
                0x080042d0                AHBPrescTable
 .rodata.APBPrescTable
                0x080042e0        0x8 ./Core/Src/system_stm32f1xx.o
                0x080042e0                APBPrescTable
 .rodata.aPLLMULFactorTable.1
                0x080042e8       0x10 ./Drivers/STM32F1xx_HAL_Driver/Src/stm32f1xx_hal_rcc.o
 .rodata.aPredivFactorTable.0
                0x080042f8        0x2 ./Drivers/STM32F1xx_HAL_Driver/Src/stm32f1xx_hal_rcc.o
                0x080042fc                        . = ALIGN (0x4)
 *fill*         0x080042fa        0x2 

.ARM.extab      0x080042fc        0x0
                0x080042fc                        . = ALIGN (0x4)
 *(.ARM.extab* .gnu.linkonce.armextab.*)
                0x080042fc                        . = ALIGN (0x4)

.ARM            0x080042fc        0x0
                0x080042fc                        . = ALIGN (0x4)
                0x080042fc                        __exidx_start = .
 *(.ARM.exidx*)
                0x080042fc                        __exidx_end = .
                0x080042fc                        . = ALIGN (0x4)

.preinit_array  0x080042fc        0x0
                0x080042fc                        . = ALIGN (0x4)
                0x080042fc                        PROVIDE (__preinit_array_start = .)
 *(.preinit_array*)
                0x080042fc                        PROVIDE (__preinit_array_end = .)
                0x080042fc                        . = ALIGN (0x4)

.init_array     0x080042fc        0x4
                0x080042fc                        . = ALIGN (0x4)
                0x080042fc                        PROVIDE (__init_array_start = .)
 *(SORT_BY_NAME(.init_array.*))
 *(.init_array*)
 .init_array    0x080042fc        0x4 C:/ST/STM32CubeIDE_1.18.0/STM32CubeIDE/plugins/com.st.stm32cube.ide.mcu.externaltools.gnu-tools-for-stm32.13.3.rel1.win32_1.0.0.202411081344/tools/bin/../lib/gcc/arm-none-eabi/13.3.1/thumb/v7-m/nofp/crtbegin.o
                0x08004300                        PROVIDE (__init_array_end = .)
                0x08004300                        . = ALIGN (0x4)

.fini_array     0x08004300        0x4
                0x08004300                        . = ALIGN (0x4)
                [!provide]                        PROVIDE (__fini_array_start = .)
 *(SORT_BY_NAME(.fini_array.*))
 *(.fini_array*)
 .fini_array    0x08004300        0x4 C:/ST/STM32CubeIDE_1.18.0/STM32CubeIDE/plugins/com.st.stm32cube.ide.mcu.externaltools.gnu-tools-for-stm32.13.3.rel1.win32_1.0.0.202411081344/tools/bin/../lib/gcc/arm-none-eabi/13.3.1/thumb/v7-m/nofp/crtbegin.o
                [!provide]                        PROVIDE (__fini_array_end = .)
                0x08004304                        . = ALIGN (0x4)
                0x08004304                        _sidata = LOADADDR (.data)

.rel.dyn        0x08004304        0x0
 .rel.iplt      0x08004304        0x0 C:/ST/STM32CubeIDE_1.18.0/STM32CubeIDE/plugins/com.st.stm32cube.ide.mcu.externaltools.gnu-tools-for-stm32.13.3.rel1.win32_1.0.0.202411081344/tools/bin/../lib/gcc/arm-none-eabi/13.3.1/thumb/v7-m/nofp/crtbegin.o

.data           0x20000000       0x68 load address 0x08004304
                0x20000000                        . = ALIGN (0x4)
                0x20000000                        _sdata = .
 *(.data)
 *(.data*)
 .data.TxData   0x20000000        0x8 ./Core/Src/main.o
                0x20000000                TxData
 .data.SystemCoreClock
                0x20000008        0x4 ./Core/Src/system_stm32f1xx.o
                0x20000008                SystemCoreClock
 .data.uwTickPrio
                0x2000000c        0x4 ./Drivers/STM32F1xx_HAL_Driver/Src/stm32f1xx_hal.o
                0x2000000c                uwTickPrio
 .data.uwTickFreq
                0x20000010        0x1 ./Drivers/STM32F1xx_HAL_Driver/Src/stm32f1xx_hal.o
                0x20000010                uwTickFreq
 *fill*         0x20000011        0x3 
 .data.__usart1_serial_handler
                0x20000014       0x1c ./serial/Serial.o
                0x20000014                __usart1_serial_handler
 .data.__usart2_serial_handler
                0x20000030       0x1c ./serial/Serial.o
                0x20000030                __usart2_serial_handler
 .data.__usart3_serial_handler
                0x2000004c       0x1c ./serial/Serial.o
                0x2000004c                __usart3_serial_handler
 *(.RamFunc)
 *(.RamFunc*)
                0x20000068                        . = ALIGN (0x4)
                0x20000068                        _edata = .

.igot.plt       0x20000068        0x0 load address 0x0800436c
 .igot.plt      0x20000068        0x0 C:/ST/STM32CubeIDE_1.18.0/STM32CubeIDE/plugins/com.st.stm32cube.ide.mcu.externaltools.gnu-tools-for-stm32.13.3.rel1.win32_1.0.0.202411081344/tools/bin/../lib/gcc/arm-none-eabi/13.3.1/thumb/v7-m/nofp/crtbegin.o
                0x20000068                        . = ALIGN (0x4)

.bss            0x20000068      0xfc4 load address 0x0800436c
                0x20000068                        _sbss = .
                0x20000068                        __bss_start__ = _sbss
 *(.bss)
 .bss           0x20000068       0x1c C:/ST/STM32CubeIDE_1.18.0/STM32CubeIDE/plugins/com.st.stm32cube.ide.mcu.externaltools.gnu-tools-for-stm32.13.3.rel1.win32_1.0.0.202411081344/tools/bin/../lib/gcc/arm-none-eabi/13.3.1/thumb/v7-m/nofp/crtbegin.o
 *(.bss*)
 .bss.hserial_uart1
                0x20000084        0x4 ./Core/Src/main.o
                0x20000084                hserial_uart1
 .bss.hserial_uart2
                0x20000088        0x4 ./Core/Src/main.o
                0x20000088                hserial_uart2
 .bss.hserial_uart3
                0x2000008c        0x4 ./Core/Src/main.o
                0x2000008c                hserial_uart3
 .bss.hroboclaw_mc1
                0x20000090       0x10 ./Core/Src/main.o
                0x20000090                hroboclaw_mc1
 .bss.hroboclaw_mc2
                0x200000a0       0x10 ./Core/Src/main.o
                0x200000a0                hroboclaw_mc2
 .bss.hroboclaw_mc3
                0x200000b0       0x10 ./Core/Src/main.o
                0x200000b0                hroboclaw_mc3
 .bss.motorsSpeeds
                0x200000c0        0x8 ./Core/Src/main.o
                0x200000c0                motorsSpeeds
 .bss.hcan      0x200000c8       0x28 ./Core/Src/main.o
                0x200000c8                hcan
 .bss.huart1    0x200000f0       0x48 ./Core/Src/main.o
                0x200000f0                huart1
 .bss.huart2    0x20000138       0x48 ./Core/Src/main.o
                0x20000138                huart2
 .bss.huart3    0x20000180       0x48 ./Core/Src/main.o
                0x20000180                huart3
 .bss.hdma_usart1_rx
                0x200001c8       0x44 ./Core/Src/main.o
                0x200001c8                hdma_usart1_rx
 .bss.hdma_usart1_tx
                0x2000020c       0x44 ./Core/Src/main.o
                0x2000020c                hdma_usart1_tx
 .bss.hdma_usart2_rx
                0x20000250       0x44 ./Core/Src/main.o
                0x20000250                hdma_usart2_rx
 .bss.hdma_usart2_tx
                0x20000294       0x44 ./Core/Src/main.o
                0x20000294                hdma_usart2_tx
 .bss.hdma_usart3_rx
                0x200002d8       0x44 ./Core/Src/main.o
                0x200002d8                hdma_usart3_rx
 .bss.hdma_usart3_tx
                0x2000031c       0x44 ./Core/Src/main.o
                0x2000031c                hdma_usart3_tx
 .bss.sFilterConfig
                0x20000360       0x28 ./Core/Src/main.o
                0x20000360                sFilterConfig
 .bss.RxHeader  0x20000388       0x1c ./Core/Src/main.o
                0x20000388                RxHeader
 .bss.RxData    0x200003a4        0x8 ./Core/Src/main.o
                0x200003a4                RxData
 .bss.TxHeader  0x200003ac       0x18 ./Core/Src/main.o
                0x200003ac                TxHeader
 .bss.TxMailbox
                0x200003c4        0x4 ./Core/Src/main.o
                0x200003c4                TxMailbox
 .bss.uwTick    0x200003c8        0x4 ./Drivers/STM32F1xx_HAL_Driver/Src/stm32f1xx_hal.o
                0x200003c8                uwTick
 .bss.USART1_Serial_Handler
                0x200003cc        0x4 ./serial/Serial.o
                0x200003cc                USART1_Serial_Handler
 .bss.USART1_Buffer_TX
                0x200003d0      0x20c ./serial/Serial.o
                0x200003d0                USART1_Buffer_TX
 .bss.USART1_Buffer_RX
                0x200005dc      0x20c ./serial/Serial.o
                0x200005dc                USART1_Buffer_RX
 .bss.USART1_HAL_Reg_Tx
                0x200007e8        0x1 ./serial/Serial.o
                0x200007e8                USART1_HAL_Reg_Tx
 .bss.USART1_HAL_Reg_Rx
                0x200007e9        0x1 ./serial/Serial.o
                0x200007e9                USART1_HAL_Reg_Rx
 .bss.USART1_Application_Reg_Tx
                0x200007ea        0x1 ./serial/Serial.o
                0x200007ea                USART1_Application_Reg_Tx
 *fill*         0x200007eb        0x1 
 .bss.USART2_Serial_Handler
                0x200007ec        0x4 ./serial/Serial.o
                0x200007ec                USART2_Serial_Handler
 .bss.USART2_Buffer_TX
                0x200007f0      0x20c ./serial/Serial.o
                0x200007f0                USART2_Buffer_TX
 .bss.USART2_Buffer_RX
                0x200009fc      0x20c ./serial/Serial.o
                0x200009fc                USART2_Buffer_RX
 .bss.USART2_HAL_Reg_Tx
                0x20000c08        0x1 ./serial/Serial.o
                0x20000c08                USART2_HAL_Reg_Tx
 .bss.USART2_HAL_Reg_Rx
                0x20000c09        0x1 ./serial/Serial.o
                0x20000c09                USART2_HAL_Reg_Rx
 .bss.USART2_Application_Reg_Tx
                0x20000c0a        0x1 ./serial/Serial.o
                0x20000c0a                USART2_Application_Reg_Tx
 *fill*         0x20000c0b        0x1 
 .bss.USART3_Serial_Handler
                0x20000c0c        0x4 ./serial/Serial.o
                0x20000c0c                USART3_Serial_Handler
 .bss.USART3_Buffer_TX
                0x20000c10      0x20c ./serial/Serial.o
                0x20000c10                USART3_Buffer_TX
 .bss.USART3_Buffer_RX
                0x20000e1c      0x20c ./serial/Serial.o
                0x20000e1c                USART3_Buffer_RX
 .bss.USART3_HAL_Reg_Tx
                0x20001028        0x1 ./serial/Serial.o
                0x20001028                USART3_HAL_Reg_Tx
 .bss.USART3_HAL_Reg_Rx
                0x20001029        0x1 ./serial/Serial.o
                0x20001029                USART3_HAL_Reg_Rx
 .bss.USART3_Application_Reg_Tx
                0x2000102a        0x1 ./serial/Serial.o
                0x2000102a                USART3_Application_Reg_Tx
 *(COMMON)
                0x2000102c                        . = ALIGN (0x4)
 *fill*         0x2000102b        0x1 
                0x2000102c                        _ebss = .
                0x2000102c                        __bss_end__ = _ebss

._user_heap_stack
                0x2000102c      0x604 load address 0x0800436c
                0x20001030                        . = ALIGN (0x8)
 *fill*         0x2000102c        0x4 
                [!provide]                        PROVIDE (end = .)
                0x20001030                        PROVIDE (_end = .)
                0x20001230                        . = (. + _Min_Heap_Size)
 *fill*         0x20001030      0x200 
                0x20001630                        . = (. + _Min_Stack_Size)
 *fill*         0x20001230      0x400 
                0x20001630                        . = ALIGN (0x8)

/DISCARD/
 libc.a(*)
 libm.a(*)
 libgcc.a(*)

.ARM.attributes
                0x00000000       0x29
 *(.ARM.attributes)
 .ARM.attributes
                0x00000000       0x1d C:/ST/STM32CubeIDE_1.18.0/STM32CubeIDE/plugins/com.st.stm32cube.ide.mcu.externaltools.gnu-tools-for-stm32.13.3.rel1.win32_1.0.0.202411081344/tools/bin/../lib/gcc/arm-none-eabi/13.3.1/thumb/v7-m/nofp/crti.o
 .ARM.attributes
                0x0000001d       0x2d C:/ST/STM32CubeIDE_1.18.0/STM32CubeIDE/plugins/com.st.stm32cube.ide.mcu.externaltools.gnu-tools-for-stm32.13.3.rel1.win32_1.0.0.202411081344/tools/bin/../lib/gcc/arm-none-eabi/13.3.1/thumb/v7-m/nofp/crtbegin.o
 .ARM.attributes
                0x0000004a       0x2d ./Core/Src/main.o
 .ARM.attributes
                0x00000077       0x2d ./Core/Src/stm32f1xx_hal_msp.o
 .ARM.attributes
                0x000000a4       0x2d ./Core/Src/stm32f1xx_it.o
 .ARM.attributes
                0x000000d1       0x2d ./Core/Src/system_stm32f1xx.o
 .ARM.attributes
                0x000000fe       0x21 ./Core/Startup/startup_stm32f103c8tx.o
 .ARM.attributes
                0x0000011f       0x2d ./Drivers/STM32F1xx_HAL_Driver/Src/stm32f1xx_hal.o
 .ARM.attributes
                0x0000014c       0x2d ./Drivers/STM32F1xx_HAL_Driver/Src/stm32f1xx_hal_can.o
 .ARM.attributes
                0x00000179       0x2d ./Drivers/STM32F1xx_HAL_Driver/Src/stm32f1xx_hal_cortex.o
 .ARM.attributes
                0x000001a6       0x2d ./Drivers/STM32F1xx_HAL_Driver/Src/stm32f1xx_hal_dma.o
 .ARM.attributes
                0x000001d3       0x2d ./Drivers/STM32F1xx_HAL_Driver/Src/stm32f1xx_hal_gpio.o
 .ARM.attributes
                0x00000200       0x2d ./Drivers/STM32F1xx_HAL_Driver/Src/stm32f1xx_hal_rcc.o
 .ARM.attributes
                0x0000022d       0x2d ./Drivers/STM32F1xx_HAL_Driver/Src/stm32f1xx_hal_uart.o
 .ARM.attributes
                0x0000025a       0x2d ./roboclaw/roboclaw.o
 .ARM.attributes
                0x00000287       0x2d ./serial/Serial.o
 .ARM.attributes
                0x000002b4       0x2d ./serial/base_serial.o
 .ARM.attributes
                0x000002e1       0x2d ./serial/ringbuffer.o
 .ARM.attributes
                0x0000030e       0x2d C:/ST/STM32CubeIDE_1.18.0/STM32CubeIDE/plugins/com.st.stm32cube.ide.mcu.externaltools.gnu-tools-for-stm32.13.3.rel1.win32_1.0.0.202411081344/tools/bin/../lib/gcc/arm-none-eabi/13.3.1/../../../../arm-none-eabi/lib/thumb/v7-m/nofp\libc_nano.a(libc_a-memset.o)
 .ARM.attributes
                0x0000033b       0x2d C:/ST/STM32CubeIDE_1.18.0/STM32CubeIDE/plugins/com.st.stm32cube.ide.mcu.externaltools.gnu-tools-for-stm32.13.3.rel1.win32_1.0.0.202411081344/tools/bin/../lib/gcc/arm-none-eabi/13.3.1/../../../../arm-none-eabi/lib/thumb/v7-m/nofp\libc_nano.a(libc_a-init.o)
 .ARM.attributes
                0x00000368       0x1d C:/ST/STM32CubeIDE_1.18.0/STM32CubeIDE/plugins/com.st.stm32cube.ide.mcu.externaltools.gnu-tools-for-stm32.13.3.rel1.win32_1.0.0.202411081344/tools/bin/../lib/gcc/arm-none-eabi/13.3.1/thumb/v7-m/nofp/crtn.o
OUTPUT(Rover_testing.elf elf32-littlearm)
LOAD linker stubs
LOAD C:/ST/STM32CubeIDE_1.18.0/STM32CubeIDE/plugins/com.st.stm32cube.ide.mcu.externaltools.gnu-tools-for-stm32.13.3.rel1.win32_1.0.0.202411081344/tools/bin/../lib/gcc/arm-none-eabi/13.3.1/../../../../arm-none-eabi/lib/thumb/v7-m/nofp\libc.a
LOAD C:/ST/STM32CubeIDE_1.18.0/STM32CubeIDE/plugins/com.st.stm32cube.ide.mcu.externaltools.gnu-tools-for-stm32.13.3.rel1.win32_1.0.0.202411081344/tools/bin/../lib/gcc/arm-none-eabi/13.3.1/../../../../arm-none-eabi/lib/thumb/v7-m/nofp\libm.a
LOAD C:/ST/STM32CubeIDE_1.18.0/STM32CubeIDE/plugins/com.st.stm32cube.ide.mcu.externaltools.gnu-tools-for-stm32.13.3.rel1.win32_1.0.0.202411081344/tools/bin/../lib/gcc/arm-none-eabi/13.3.1/thumb/v7-m/nofp\libgcc.a

.debug_info     0x00000000     0xca5e
 .debug_info    0x00000000     0x16c1 ./Core/Src/main.o
 .debug_info    0x000016c1      0xedd ./Core/Src/stm32f1xx_hal_msp.o
 .debug_info    0x0000259e      0xaaa ./Core/Src/stm32f1xx_it.o
 .debug_info    0x00003048      0x222 ./Core/Src/system_stm32f1xx.o
 .debug_info    0x0000326a       0x30 ./Core/Startup/startup_stm32f103c8tx.o
 .debug_info    0x0000329a      0x704 ./Drivers/STM32F1xx_HAL_Driver/Src/stm32f1xx_hal.o
 .debug_info    0x0000399e      0xf13 ./Drivers/STM32F1xx_HAL_Driver/Src/stm32f1xx_hal_can.o
 .debug_info    0x000048b1      0xa87 ./Drivers/STM32F1xx_HAL_Driver/Src/stm32f1xx_hal_cortex.o
 .debug_info    0x00005338      0x6d2 ./Drivers/STM32F1xx_HAL_Driver/Src/stm32f1xx_hal_dma.o
 .debug_info    0x00005a0a      0x5ab ./Drivers/STM32F1xx_HAL_Driver/Src/stm32f1xx_hal_gpio.o
 .debug_info    0x00005fb5      0x7d5 ./Drivers/STM32F1xx_HAL_Driver/Src/stm32f1xx_hal_rcc.o
 .debug_info    0x0000678a     0x2eed ./Drivers/STM32F1xx_HAL_Driver/Src/stm32f1xx_hal_uart.o
 .debug_info    0x00009677     0x1fdd ./roboclaw/roboclaw.o
 .debug_info    0x0000b654      0xa01 ./serial/Serial.o
 .debug_info    0x0000c055      0x6c2 ./serial/base_serial.o
 .debug_info    0x0000c717      0x347 ./serial/ringbuffer.o

.debug_abbrev   0x00000000     0x21c3
 .debug_abbrev  0x00000000      0x308 ./Core/Src/main.o
 .debug_abbrev  0x00000308      0x28e ./Core/Src/stm32f1xx_hal_msp.o
 .debug_abbrev  0x00000596      0x1fb ./Core/Src/stm32f1xx_it.o
 .debug_abbrev  0x00000791      0x13f ./Core/Src/system_stm32f1xx.o
 .debug_abbrev  0x000008d0       0x24 ./Core/Startup/startup_stm32f103c8tx.o
 .debug_abbrev  0x000008f4      0x201 ./Drivers/STM32F1xx_HAL_Driver/Src/stm32f1xx_hal.o
 .debug_abbrev  0x00000af5      0x21c ./Drivers/STM32F1xx_HAL_Driver/Src/stm32f1xx_hal_can.o
 .debug_abbrev  0x00000d11      0x2f8 ./Drivers/STM32F1xx_HAL_Driver/Src/stm32f1xx_hal_cortex.o
 .debug_abbrev  0x00001009      0x20b ./Drivers/STM32F1xx_HAL_Driver/Src/stm32f1xx_hal_dma.o
 .debug_abbrev  0x00001214      0x1ca ./Drivers/STM32F1xx_HAL_Driver/Src/stm32f1xx_hal_gpio.o
 .debug_abbrev  0x000013de      0x2b3 ./Drivers/STM32F1xx_HAL_Driver/Src/stm32f1xx_hal_rcc.o
 .debug_abbrev  0x00001691      0x2f8 ./Drivers/STM32F1xx_HAL_Driver/Src/stm32f1xx_hal_uart.o
 .debug_abbrev  0x00001989      0x30b ./roboclaw/roboclaw.o
 .debug_abbrev  0x00001c94      0x242 ./serial/Serial.o
 .debug_abbrev  0x00001ed6      0x18b ./serial/base_serial.o
 .debug_abbrev  0x00002061      0x162 ./serial/ringbuffer.o

.debug_aranges  0x00000000      0xb68
 .debug_aranges
                0x00000000       0x68 ./Core/Src/main.o
 .debug_aranges
                0x00000068       0x40 ./Core/Src/stm32f1xx_hal_msp.o
 .debug_aranges
                0x000000a8       0xb0 ./Core/Src/stm32f1xx_it.o
 .debug_aranges
                0x00000158       0x28 ./Core/Src/system_stm32f1xx.o
 .debug_aranges
                0x00000180       0x28 ./Core/Startup/startup_stm32f103c8tx.o
 .debug_aranges
                0x000001a8       0xe0 ./Drivers/STM32F1xx_HAL_Driver/Src/stm32f1xx_hal.o
 .debug_aranges
                0x00000288      0x138 ./Drivers/STM32F1xx_HAL_Driver/Src/stm32f1xx_hal_can.o
 .debug_aranges
                0x000003c0      0x100 ./Drivers/STM32F1xx_HAL_Driver/Src/stm32f1xx_hal_cortex.o
 .debug_aranges
                0x000004c0       0x80 ./Drivers/STM32F1xx_HAL_Driver/Src/stm32f1xx_hal_dma.o
 .debug_aranges
                0x00000540       0x58 ./Drivers/STM32F1xx_HAL_Driver/Src/stm32f1xx_hal_gpio.o
 .debug_aranges
                0x00000598       0x90 ./Drivers/STM32F1xx_HAL_Driver/Src/stm32f1xx_hal_rcc.o
 .debug_aranges
                0x00000628      0x208 ./Drivers/STM32F1xx_HAL_Driver/Src/stm32f1xx_hal_uart.o
 .debug_aranges
                0x00000830      0x268 ./roboclaw/roboclaw.o
 .debug_aranges
                0x00000a98       0x50 ./serial/Serial.o
 .debug_aranges
                0x00000ae8       0x20 ./serial/base_serial.o
 .debug_aranges
                0x00000b08       0x60 ./serial/ringbuffer.o

.debug_rnglists
                0x00000000      0x8ac
 .debug_rnglists
                0x00000000       0x4c ./Core/Src/main.o
 .debug_rnglists
                0x0000004c       0x2e ./Core/Src/stm32f1xx_hal_msp.o
 .debug_rnglists
                0x0000007a       0x7f ./Core/Src/stm32f1xx_it.o
 .debug_rnglists
                0x000000f9       0x1a ./Core/Src/system_stm32f1xx.o
 .debug_rnglists
                0x00000113       0x19 ./Core/Startup/startup_stm32f103c8tx.o
 .debug_rnglists
                0x0000012c       0xa3 ./Drivers/STM32F1xx_HAL_Driver/Src/stm32f1xx_hal.o
 .debug_rnglists
                0x000001cf       0xed ./Drivers/STM32F1xx_HAL_Driver/Src/stm32f1xx_hal_can.o
 .debug_rnglists
                0x000002bc       0xbb ./Drivers/STM32F1xx_HAL_Driver/Src/stm32f1xx_hal_cortex.o
 .debug_rnglists
                0x00000377       0x64 ./Drivers/STM32F1xx_HAL_Driver/Src/stm32f1xx_hal_dma.o
 .debug_rnglists
                0x000003db       0x3f ./Drivers/STM32F1xx_HAL_Driver/Src/stm32f1xx_hal_gpio.o
 .debug_rnglists
                0x0000041a       0x6c ./Drivers/STM32F1xx_HAL_Driver/Src/stm32f1xx_hal_rcc.o
 .debug_rnglists
                0x00000486      0x1bc ./Drivers/STM32F1xx_HAL_Driver/Src/stm32f1xx_hal_uart.o
 .debug_rnglists
                0x00000642      0x1dc ./roboclaw/roboclaw.o
 .debug_rnglists
                0x0000081e       0x38 ./serial/Serial.o
 .debug_rnglists
                0x00000856       0x13 ./serial/base_serial.o
 .debug_rnglists
                0x00000869       0x43 ./serial/ringbuffer.o

.debug_macro    0x00000000    0x17e02
 .debug_macro   0x00000000      0x300 ./Core/Src/main.o
 .debug_macro   0x00000300      0xacc ./Core/Src/main.o
 .debug_macro   0x00000dcc      0x221 ./Core/Src/main.o
 .debug_macro   0x00000fed       0x2e ./Core/Src/main.o
 .debug_macro   0x0000101b       0x22 ./Core/Src/main.o
 .debug_macro   0x0000103d       0x22 ./Core/Src/main.o
 .debug_macro   0x0000105f       0x8e ./Core/Src/main.o
 .debug_macro   0x000010ed       0x51 ./Core/Src/main.o
 .debug_macro   0x0000113e      0x103 ./Core/Src/main.o
 .debug_macro   0x00001241       0x6a ./Core/Src/main.o
 .debug_macro   0x000012ab      0x1df ./Core/Src/main.o
 .debug_macro   0x0000148a       0x1c ./Core/Src/main.o
 .debug_macro   0x000014a6       0x22 ./Core/Src/main.o
 .debug_macro   0x000014c8       0xbd ./Core/Src/main.o
 .debug_macro   0x00001585      0xd23 ./Core/Src/main.o
 .debug_macro   0x000022a8     0xe09e ./Core/Src/main.o
 .debug_macro   0x00010346       0x6d ./Core/Src/main.o
 .debug_macro   0x000103b3     0x34a2 ./Core/Src/main.o
 .debug_macro   0x00013855      0x190 ./Core/Src/main.o
 .debug_macro   0x000139e5       0x5c ./Core/Src/main.o
 .debug_macro   0x00013a41      0x5bc ./Core/Src/main.o
 .debug_macro   0x00013ffd      0x289 ./Core/Src/main.o
 .debug_macro   0x00014286      0x1cb ./Core/Src/main.o
 .debug_macro   0x00014451      0x114 ./Core/Src/main.o
 .debug_macro   0x00014565      0x1b2 ./Core/Src/main.o
 .debug_macro   0x00014717       0x27 ./Core/Src/main.o
 .debug_macro   0x0001473e      0x136 ./Core/Src/main.o
 .debug_macro   0x00014874      0x1bc ./Core/Src/main.o
 .debug_macro   0x00014a30       0x34 ./Core/Src/main.o
 .debug_macro   0x00014a64       0x3c ./Core/Src/main.o
 .debug_macro   0x00014aa0      0x408 ./Core/Src/main.o
 .debug_macro   0x00014ea8       0x57 ./Core/Src/main.o
 .debug_macro   0x00014eff       0x87 ./Core/Src/main.o
 .debug_macro   0x00014f86      0x240 ./Core/Src/main.o
 .debug_macro   0x000151c6      0x140 ./Core/Src/main.o
 .debug_macro   0x00015306      0x28e ./Core/Src/main.o
 .debug_macro   0x00015594       0x83 ./Core/Src/main.o
 .debug_macro   0x00015617       0x61 ./Core/Src/main.o
 .debug_macro   0x00015678       0x24 ./Core/Src/main.o
 .debug_macro   0x0001569c       0x43 ./Core/Src/main.o
 .debug_macro   0x000156df       0x3a ./Core/Src/main.o
 .debug_macro   0x00015719       0x3c ./Core/Src/main.o
 .debug_macro   0x00015755      0x460 ./Core/Src/main.o
 .debug_macro   0x00015bb5       0x16 ./Core/Src/main.o
 .debug_macro   0x00015bcb       0x2e ./Core/Src/main.o
 .debug_macro   0x00015bf9       0x58 ./Core/Src/main.o
 .debug_macro   0x00015c51      0x370 ./Core/Src/main.o
 .debug_macro   0x00015fc1       0x16 ./Core/Src/main.o
 .debug_macro   0x00015fd7       0x4a ./Core/Src/main.o
 .debug_macro   0x00016021       0x34 ./Core/Src/main.o
 .debug_macro   0x00016055       0x10 ./Core/Src/main.o
 .debug_macro   0x00016065       0x58 ./Core/Src/main.o
 .debug_macro   0x000160bd       0x8e ./Core/Src/main.o
 .debug_macro   0x0001614b       0x1c ./Core/Src/main.o
 .debug_macro   0x00016167      0x185 ./Core/Src/main.o
 .debug_macro   0x000162ec       0x10 ./Core/Src/main.o
 .debug_macro   0x000162fc       0x20 ./Core/Src/main.o
 .debug_macro   0x0001631c       0x1c ./Core/Src/main.o
 .debug_macro   0x00016338       0x1c ./Core/Src/main.o
 .debug_macro   0x00016354       0x16 ./Core/Src/main.o
 .debug_macro   0x0001636a      0x146 ./Core/Src/main.o
 .debug_macro   0x000164b0      0x1a2 ./Core/Src/stm32f1xx_hal_msp.o
 .debug_macro   0x00016652      0x1ac ./Core/Src/stm32f1xx_it.o
 .debug_macro   0x000167fe      0x198 ./Core/Src/system_stm32f1xx.o
 .debug_macro   0x00016996      0x1bc ./Drivers/STM32F1xx_HAL_Driver/Src/stm32f1xx_hal.o
 .debug_macro   0x00016b52      0x1a7 ./Drivers/STM32F1xx_HAL_Driver/Src/stm32f1xx_hal_can.o
 .debug_macro   0x00016cf9      0x198 ./Drivers/STM32F1xx_HAL_Driver/Src/stm32f1xx_hal_cortex.o
 .debug_macro   0x00016e91      0x198 ./Drivers/STM32F1xx_HAL_Driver/Src/stm32f1xx_hal_dma.o
 .debug_macro   0x00017029      0x203 ./Drivers/STM32F1xx_HAL_Driver/Src/stm32f1xx_hal_gpio.o
 .debug_macro   0x0001722c      0x1aa ./Drivers/STM32F1xx_HAL_Driver/Src/stm32f1xx_hal_rcc.o
 .debug_macro   0x000173d6      0x199 ./Drivers/STM32F1xx_HAL_Driver/Src/stm32f1xx_hal_uart.o
 .debug_macro   0x0001756f      0x237 ./roboclaw/roboclaw.o
 .debug_macro   0x000177a6       0x89 ./roboclaw/roboclaw.o
 .debug_macro   0x0001782f      0x119 ./roboclaw/roboclaw.o
 .debug_macro   0x00017948      0x206 ./serial/Serial.o
 .debug_macro   0x00017b4e      0x1fc ./serial/base_serial.o
 .debug_macro   0x00017d4a       0xb8 ./serial/ringbuffer.o

.debug_line     0x00000000     0xc858
 .debug_line    0x00000000      0xb46 ./Core/Src/main.o
 .debug_line    0x00000b46      0x8f4 ./Core/Src/stm32f1xx_hal_msp.o
 .debug_line    0x0000143a      0x881 ./Core/Src/stm32f1xx_it.o
 .debug_line    0x00001cbb      0x761 ./Core/Src/system_stm32f1xx.o
 .debug_line    0x0000241c       0x78 ./Core/Startup/startup_stm32f103c8tx.o
 .debug_line    0x00002494      0x992 ./Drivers/STM32F1xx_HAL_Driver/Src/stm32f1xx_hal.o
 .debug_line    0x00002e26     0x118b ./Drivers/STM32F1xx_HAL_Driver/Src/stm32f1xx_hal_can.o
 .debug_line    0x00003fb1      0xb5c ./Drivers/STM32F1xx_HAL_Driver/Src/stm32f1xx_hal_cortex.o
 .debug_line    0x00004b0d      0xd9c ./Drivers/STM32F1xx_HAL_Driver/Src/stm32f1xx_hal_dma.o
 .debug_line    0x000058a9      0x9ef ./Drivers/STM32F1xx_HAL_Driver/Src/stm32f1xx_hal_gpio.o
 .debug_line    0x00006298      0xe4b ./Drivers/STM32F1xx_HAL_Driver/Src/stm32f1xx_hal_rcc.o
 .debug_line    0x000070e3     0x24ae ./Drivers/STM32F1xx_HAL_Driver/Src/stm32f1xx_hal_uart.o
 .debug_line    0x00009591     0x1a9b ./roboclaw/roboclaw.o
 .debug_line    0x0000b02c      0x957 ./serial/Serial.o
 .debug_line    0x0000b983      0x813 ./serial/base_serial.o
 .debug_line    0x0000c196      0x6c2 ./serial/ringbuffer.o

.debug_str      0x00000000    0x86b61
 .debug_str     0x00000000    0x86b61 ./Core/Src/main.o
                              0x847e0 (size before relaxing)
 .debug_str     0x00086b61    0x7f697 ./Core/Src/stm32f1xx_hal_msp.o
 .debug_str     0x00086b61    0x7f3cf ./Core/Src/stm32f1xx_it.o
 .debug_str     0x00086b61    0x7ebe6 ./Core/Src/system_stm32f1xx.o
 .debug_str     0x00086b61       0x84 ./Core/Startup/startup_stm32f103c8tx.o
 .debug_str     0x00086b61    0x7f319 ./Drivers/STM32F1xx_HAL_Driver/Src/stm32f1xx_hal.o
 .debug_str     0x00086b61    0x7f3ee ./Drivers/STM32F1xx_HAL_Driver/Src/stm32f1xx_hal_can.o
 .debug_str     0x00086b61    0x7f265 ./Drivers/STM32F1xx_HAL_Driver/Src/stm32f1xx_hal_cortex.o
 .debug_str     0x00086b61    0x7ef8f ./Drivers/STM32F1xx_HAL_Driver/Src/stm32f1xx_hal_dma.o
 .debug_str     0x00086b61    0x7ef6c ./Drivers/STM32F1xx_HAL_Driver/Src/stm32f1xx_hal_gpio.o
 .debug_str     0x00086b61    0x7f015 ./Drivers/STM32F1xx_HAL_Driver/Src/stm32f1xx_hal_rcc.o
 .debug_str     0x00086b61    0x7f686 ./Drivers/STM32F1xx_HAL_Driver/Src/stm32f1xx_hal_uart.o
 .debug_str     0x00086b61    0x811f7 ./roboclaw/roboclaw.o
 .debug_str     0x00086b61    0x807d7 ./serial/Serial.o
 .debug_str     0x00086b61    0x80522 ./serial/base_serial.o
 .debug_str     0x00086b61     0x53aa ./serial/ringbuffer.o

.comment        0x00000000       0x43
 .comment       0x00000000       0x43 ./Core/Src/main.o
                                 0x44 (size before relaxing)
 .comment       0x00000043       0x44 ./Core/Src/stm32f1xx_hal_msp.o
 .comment       0x00000043       0x44 ./Core/Src/stm32f1xx_it.o
 .comment       0x00000043       0x44 ./Core/Src/system_stm32f1xx.o
 .comment       0x00000043       0x44 ./Drivers/STM32F1xx_HAL_Driver/Src/stm32f1xx_hal.o
 .comment       0x00000043       0x44 ./Drivers/STM32F1xx_HAL_Driver/Src/stm32f1xx_hal_can.o
 .comment       0x00000043       0x44 ./Drivers/STM32F1xx_HAL_Driver/Src/stm32f1xx_hal_cortex.o
 .comment       0x00000043       0x44 ./Drivers/STM32F1xx_HAL_Driver/Src/stm32f1xx_hal_dma.o
 .comment       0x00000043       0x44 ./Drivers/STM32F1xx_HAL_Driver/Src/stm32f1xx_hal_gpio.o
 .comment       0x00000043       0x44 ./Drivers/STM32F1xx_HAL_Driver/Src/stm32f1xx_hal_rcc.o
 .comment       0x00000043       0x44 ./Drivers/STM32F1xx_HAL_Driver/Src/stm32f1xx_hal_uart.o
 .comment       0x00000043       0x44 ./roboclaw/roboclaw.o
 .comment       0x00000043       0x44 ./serial/Serial.o
 .comment       0x00000043       0x44 ./serial/base_serial.o
 .comment       0x00000043       0x44 ./serial/ringbuffer.o

.debug_frame    0x00000000     0x2eb0
 .debug_frame   0x00000000      0x148 ./Core/Src/main.o
 .debug_frame   0x00000148       0xcc ./Core/Src/stm32f1xx_hal_msp.o
 .debug_frame   0x00000214      0x21c ./Core/Src/stm32f1xx_it.o
 .debug_frame   0x00000430       0x58 ./Core/Src/system_stm32f1xx.o
 .debug_frame   0x00000488      0x334 ./Drivers/STM32F1xx_HAL_Driver/Src/stm32f1xx_hal.o
 .debug_frame   0x000007bc      0x5a0 ./Drivers/STM32F1xx_HAL_Driver/Src/stm32f1xx_hal_can.o
 .debug_frame   0x00000d5c      0x428 ./Drivers/STM32F1xx_HAL_Driver/Src/stm32f1xx_hal_cortex.o
 .debug_frame   0x00001184      0x208 ./Drivers/STM32F1xx_HAL_Driver/Src/stm32f1xx_hal_dma.o
 .debug_frame   0x0000138c      0x14c ./Drivers/STM32F1xx_HAL_Driver/Src/stm32f1xx_hal_gpio.o
 .debug_frame   0x000014d8      0x218 ./Drivers/STM32F1xx_HAL_Driver/Src/stm32f1xx_hal_rcc.o
 .debug_frame   0x000016f0      0x944 ./Drivers/STM32F1xx_HAL_Driver/Src/stm32f1xx_hal_uart.o
 .debug_frame   0x00002034      0xb84 ./roboclaw/roboclaw.o
 .debug_frame   0x00002bb8      0x110 ./serial/Serial.o
 .debug_frame   0x00002cc8       0x38 ./serial/base_serial.o
 .debug_frame   0x00002d00      0x164 ./serial/ringbuffer.o
 .debug_frame   0x00002e64       0x20 C:/ST/STM32CubeIDE_1.18.0/STM32CubeIDE/plugins/com.st.stm32cube.ide.mcu.externaltools.gnu-tools-for-stm32.13.3.rel1.win32_1.0.0.202411081344/tools/bin/../lib/gcc/arm-none-eabi/13.3.1/../../../../arm-none-eabi/lib/thumb/v7-m/nofp\libc_nano.a(libc_a-memset.o)
 .debug_frame   0x00002e84       0x2c C:/ST/STM32CubeIDE_1.18.0/STM32CubeIDE/plugins/com.st.stm32cube.ide.mcu.externaltools.gnu-tools-for-stm32.13.3.rel1.win32_1.0.0.202411081344/tools/bin/../lib/gcc/arm-none-eabi/13.3.1/../../../../arm-none-eabi/lib/thumb/v7-m/nofp\libc_nano.a(libc_a-init.o)

.debug_line_str
                0x00000000       0x68
 .debug_line_str
                0x00000000       0x68 ./Core/Startup/startup_stm32f103c8tx.o
