../Core/Src/main.c:197:6:HAL_CAN_RxFifo1MsgPendingCallback	16	static
../Core/Src/main.c:204:6:send_to_gps	8	static
../Core/Src/main.c:231:5:main	8	static
../Core/Src/main.c:392:6:SystemClock_Config	112	static
../Core/Src/main.c:438:13:MX_CAN_Init	8	static
../Core/Src/main.c:475:13:MX_I2C1_Init	8	static
../Core/Src/main.c:523:13:MX_USART1_UART_Init	8	static
../Core/Src/main.c:558:13:MX_USART2_UART_Init	8	static
../Core/Src/main.c:593:13:MX_USART3_UART_Init	8	static
../Core/Src/main.c:628:13:MX_USART4_UART_Init	8	static
../Core/Src/main.c:661:13:MX_DMA_Init	16	static
../Core/Src/main.c:682:13:MX_GPIO_Init	24	static
../Core/Src/main.c:704:6:Error_Handler	8	static,ignoring_inline_asm
