../Core/Src/stm32f0xx_it.c:79:6:NMI_Handler	8	static
../Core/Src/stm32f0xx_it.c:94:6:HardFault_Handler	8	static
../Core/Src/stm32f0xx_it.c:109:6:SVC_Handler	8	static
../Core/Src/stm32f0xx_it.c:122:6:PendSV_Handler	8	static
../Core/Src/stm32f0xx_it.c:135:6:SysTick_Handler	8	static
../Core/Src/stm32f0xx_it.c:156:6:DMA1_Channel2_3_IRQHandler	8	static
../Core/Src/stm32f0xx_it.c:171:6:DMA1_Channel4_5_6_7_IRQHandler	8	static
../Core/Src/stm32f0xx_it.c:188:6:USART1_IRQHandler	8	static
../Core/Src/stm32f0xx_it.c:202:6:USART2_IRQHandler	8	static
../Core/Src/stm32f0xx_it.c:216:6:USART3_4_IRQHandler	8	static
../Core/Src/stm32f0xx_it.c:231:6:CEC_CAN_IRQHandler	8	static
