../Core/Src/main.c:161:6:HAL_CAN_RxFifo1MsgPendingCallback	16	static
../Core/Src/main.c:179:5:main	8	static
../Core/Src/main.c:405:6:SystemClock_Config	72	static
../Core/Src/main.c:445:13:MX_CAN_Init	8	static
../Core/Src/main.c:482:13:MX_USART1_UART_Init	8	static
../Core/Src/main.c:515:13:MX_USART2_UART_Init	8	static
../Core/Src/main.c:548:13:MX_USART3_UART_Init	8	static
../Core/Src/main.c:579:13:MX_DMA_Init	16	static
../Core/Src/main.c:612:13:MX_GPIO_Init	24	static
../Core/Src/main.c:636:6:Error_Handler	4	static,ignoring_inline_asm
