../Core/Src/main.c:129:6:can_irq	16	static
../Core/Src/main.c:140:19:can_send	64	static
../Core/Src/main.c:159:10:map_value	32	static
../Core/Src/main.c:173:9:GoToAngle	48	static
../Core/Src/main.c:185:6:processArmControlData	80	static
../Core/Src/main.c:209:6:SendEncoderFeedback	8	static
../Core/Src/main.c:244:5:main	24	static
../Core/Src/main.c:337:6:SystemClock_Config	112	static
../Core/Src/main.c:383:13:MX_ADC_Init	24	static
../Core/Src/main.c:437:13:MX_CAN_Init	48	static
../Core/Src/main.c:511:13:MX_USART1_UART_Init	8	static
../Core/Src/main.c:546:13:MX_USART2_UART_Init	8	static
../Core/Src/main.c:581:13:MX_USART3_UART_Init	8	static
../Core/Src/main.c:614:13:MX_DMA_Init	16	static
../Core/Src/main.c:635:13:MX_GPIO_Init	48	static
../Core/Src/main.c:661:6:HAL_GPIO_EXTI_Callback	16	static
../Core/Src/main.c:669:6:HomingSequence_IT	24	static
../Core/Src/main.c:700:6:Error_Handler	8	static,ignoring_inline_asm
