Archive member included to satisfy reference by file (symbol)

C:/ST/STM32CubeIDE_1.16.1/STM32CubeIDE/plugins/com.st.stm32cube.ide.mcu.externaltools.gnu-tools-for-stm32.13.3.rel1.win32_1.0.0.202411081344/tools/bin/../lib/gcc/arm-none-eabi/13.3.1/../../../../arm-none-eabi/lib/thumb/v6-m/nofp\libc_nano.a(libc_a-exit.o)
                              C:/ST/STM32CubeIDE_1.16.1/STM32CubeIDE/plugins/com.st.stm32cube.ide.mcu.externaltools.gnu-tools-for-stm32.13.3.rel1.win32_1.0.0.202411081344/tools/bin/../lib/gcc/arm-none-eabi/13.3.1/../../../../arm-none-eabi/lib/thumb/v6-m/nofp/crt0.o (exit)
C:/ST/STM32CubeIDE_1.16.1/STM32CubeIDE/plugins/com.st.stm32cube.ide.mcu.externaltools.gnu-tools-for-stm32.13.3.rel1.win32_1.0.0.202411081344/tools/bin/../lib/gcc/arm-none-eabi/13.3.1/../../../../arm-none-eabi/lib/thumb/v6-m/nofp\libc_nano.a(libc_a-findfp.o)
                              C:/ST/STM32CubeIDE_1.16.1/STM32CubeIDE/plugins/com.st.stm32cube.ide.mcu.externaltools.gnu-tools-for-stm32.13.3.rel1.win32_1.0.0.202411081344/tools/bin/../lib/gcc/arm-none-eabi/13.3.1/../../../../arm-none-eabi/lib/thumb/v6-m/nofp\libc_nano.a(libc_a-exit.o) (__stdio_exit_handler)
C:/ST/STM32CubeIDE_1.16.1/STM32CubeIDE/plugins/com.st.stm32cube.ide.mcu.externaltools.gnu-tools-for-stm32.13.3.rel1.win32_1.0.0.202411081344/tools/bin/../lib/gcc/arm-none-eabi/13.3.1/../../../../arm-none-eabi/lib/thumb/v6-m/nofp\libc_nano.a(libc_a-fwalk.o)
                              C:/ST/STM32CubeIDE_1.16.1/STM32CubeIDE/plugins/com.st.stm32cube.ide.mcu.externaltools.gnu-tools-for-stm32.13.3.rel1.win32_1.0.0.202411081344/tools/bin/../lib/gcc/arm-none-eabi/13.3.1/../../../../arm-none-eabi/lib/thumb/v6-m/nofp\libc_nano.a(libc_a-findfp.o) (_fwalk_sglue)
C:/ST/STM32CubeIDE_1.16.1/STM32CubeIDE/plugins/com.st.stm32cube.ide.mcu.externaltools.gnu-tools-for-stm32.13.3.rel1.win32_1.0.0.202411081344/tools/bin/../lib/gcc/arm-none-eabi/13.3.1/../../../../arm-none-eabi/lib/thumb/v6-m/nofp\libc_nano.a(libc_a-printf.o)
                              ./Adafruit_BNO055/Adafruit_BNO055.o (printf)
C:/ST/STM32CubeIDE_1.16.1/STM32CubeIDE/plugins/com.st.stm32cube.ide.mcu.externaltools.gnu-tools-for-stm32.13.3.rel1.win32_1.0.0.202411081344/tools/bin/../lib/gcc/arm-none-eabi/13.3.1/../../../../arm-none-eabi/lib/thumb/v6-m/nofp\libc_nano.a(libc_a-puts.o)
                              ./Adafruit_BNO055/Adafruit_BNO055.o (puts)
C:/ST/STM32CubeIDE_1.16.1/STM32CubeIDE/plugins/com.st.stm32cube.ide.mcu.externaltools.gnu-tools-for-stm32.13.3.rel1.win32_1.0.0.202411081344/tools/bin/../lib/gcc/arm-none-eabi/13.3.1/../../../../arm-none-eabi/lib/thumb/v6-m/nofp\libc_nano.a(libc_a-stdio.o)
                              C:/ST/STM32CubeIDE_1.16.1/STM32CubeIDE/plugins/com.st.stm32cube.ide.mcu.externaltools.gnu-tools-for-stm32.13.3.rel1.win32_1.0.0.202411081344/tools/bin/../lib/gcc/arm-none-eabi/13.3.1/../../../../arm-none-eabi/lib/thumb/v6-m/nofp\libc_nano.a(libc_a-findfp.o) (__sread)
C:/ST/STM32CubeIDE_1.16.1/STM32CubeIDE/plugins/com.st.stm32cube.ide.mcu.externaltools.gnu-tools-for-stm32.13.3.rel1.win32_1.0.0.202411081344/tools/bin/../lib/gcc/arm-none-eabi/13.3.1/../../../../arm-none-eabi/lib/thumb/v6-m/nofp\libc_nano.a(libc_a-wbuf.o)
                              C:/ST/STM32CubeIDE_1.16.1/STM32CubeIDE/plugins/com.st.stm32cube.ide.mcu.externaltools.gnu-tools-for-stm32.13.3.rel1.win32_1.0.0.202411081344/tools/bin/../lib/gcc/arm-none-eabi/13.3.1/../../../../arm-none-eabi/lib/thumb/v6-m/nofp\libc_nano.a(libc_a-puts.o) (__swbuf_r)
C:/ST/STM32CubeIDE_1.16.1/STM32CubeIDE/plugins/com.st.stm32cube.ide.mcu.externaltools.gnu-tools-for-stm32.13.3.rel1.win32_1.0.0.202411081344/tools/bin/../lib/gcc/arm-none-eabi/13.3.1/../../../../arm-none-eabi/lib/thumb/v6-m/nofp\libc_nano.a(libc_a-wsetup.o)
                              C:/ST/STM32CubeIDE_1.16.1/STM32CubeIDE/plugins/com.st.stm32cube.ide.mcu.externaltools.gnu-tools-for-stm32.13.3.rel1.win32_1.0.0.202411081344/tools/bin/../lib/gcc/arm-none-eabi/13.3.1/../../../../arm-none-eabi/lib/thumb/v6-m/nofp\libc_nano.a(libc_a-puts.o) (__swsetup_r)
C:/ST/STM32CubeIDE_1.16.1/STM32CubeIDE/plugins/com.st.stm32cube.ide.mcu.externaltools.gnu-tools-for-stm32.13.3.rel1.win32_1.0.0.202411081344/tools/bin/../lib/gcc/arm-none-eabi/13.3.1/../../../../arm-none-eabi/lib/thumb/v6-m/nofp\libc_nano.a(libc_a-memset.o)
                              C:/ST/STM32CubeIDE_1.16.1/STM32CubeIDE/plugins/com.st.stm32cube.ide.mcu.externaltools.gnu-tools-for-stm32.13.3.rel1.win32_1.0.0.202411081344/tools/bin/../lib/gcc/arm-none-eabi/13.3.1/../../../../arm-none-eabi/lib/thumb/v6-m/nofp/crt0.o (memset)
C:/ST/STM32CubeIDE_1.16.1/STM32CubeIDE/plugins/com.st.stm32cube.ide.mcu.externaltools.gnu-tools-for-stm32.13.3.rel1.win32_1.0.0.202411081344/tools/bin/../lib/gcc/arm-none-eabi/13.3.1/../../../../arm-none-eabi/lib/thumb/v6-m/nofp\libc_nano.a(libc_a-strchr.o)
                              ./GPS/GPS.o (strchr)
[...]
Memory Configuration

Name             Origin             Length             Attributes
RAM              0x20000000         0x00004000         xrw
FLASH            0x08000000         0x00010000         xr
*default*        0x00000000         0xffffffff

Linker script and memory map

LOAD C:/ST/STM32CubeIDE_1.16.1/STM32CubeIDE/plugins/com.st.stm32cube.ide.mcu.externaltools.gnu-tools-for-stm32.13.3.rel1.win32_1.0.0.202411081344/tools/bin/../lib/gcc/arm-none-eabi/13.3.1/thumb/v6-m/nofp/crti.o
LOAD C:/ST/STM32CubeIDE_1.16.1/STM32CubeIDE/plugins/com.st.stm32cube.ide.mcu.externaltools.gnu-tools-for-stm32.13.3.rel1.win32_1.0.0.202411081344/tools/bin/../lib/gcc/arm-none-eabi/13.3.1/thumb/v6-m/nofp/crtbegin.o
LOAD C:/ST/STM32CubeIDE_1.16.1/STM32CubeIDE/plugins/com.st.stm32cube.ide.mcu.externaltools.gnu-tools-for-stm32.13.3.rel1.win32_1.0.0.202411081344/tools/bin/../lib/gcc/arm-none-eabi/13.3.1/../../../../arm-none-eabi/lib/thumb/v6-m/nofp/crt0.o
LOAD ./Adafruit_BNO055/Adafruit_BNO055.o
LOAD ./Adafruit_BNO055/IMU.o
LOAD ./Adafruit_BNO055/bno055.o
LOAD ./Core/Src/main.o
LOAD ./Core/Src/stm32f0xx_hal_msp.o
LOAD ./Core/Src/stm32f0xx_it.o
LOAD ./Core/Src/syscalls.o
LOAD ./Core/Src/sysmem.o
LOAD ./Core/Src/system_stm32f0xx.o
LOAD ./Core/Startup/startup_stm32f072c8tx.o
LOAD ./Drivers/STM32F0xx_HAL_Driver/Src/stm32f0xx_hal.o
LOAD ./Drivers/STM32F0xx_HAL_Driver/Src/stm32f0xx_hal_can.o
LOAD ./Drivers/STM32F0xx_HAL_Driver/Src/stm32f0xx_hal_cortex.o
LOAD ./Drivers/STM32F0xx_HAL_Driver/Src/stm32f0xx_hal_dma.o
LOAD ./Drivers/STM32F0xx_HAL_Driver/Src/stm32f0xx_hal_exti.o
LOAD ./Drivers/STM32F0xx_HAL_Driver/Src/stm32f0xx_hal_flash.o
LOAD ./Drivers/STM32F0xx_HAL_Driver/Src/stm32f0xx_hal_flash_ex.o
LOAD ./Drivers/STM32F0xx_HAL_Driver/Src/stm32f0xx_hal_gpio.o
LOAD ./Drivers/STM32F0xx_HAL_Driver/Src/stm32f0xx_hal_i2c.o
LOAD ./Drivers/STM32F0xx_HAL_Driver/Src/stm32f0xx_hal_i2c_ex.o
LOAD ./Drivers/STM32F0xx_HAL_Driver/Src/stm32f0xx_hal_pwr.o
LOAD ./Drivers/STM32F0xx_HAL_Driver/Src/stm32f0xx_hal_pwr_ex.o
LOAD ./Drivers/STM32F0xx_HAL_Driver/Src/stm32f0xx_hal_rcc.o
LOAD ./Drivers/STM32F0xx_HAL_Driver/Src/stm32f0xx_hal_rcc_ex.o
LOAD ./Drivers/STM32F0xx_HAL_Driver/Src/stm32f0xx_hal_uart.o
LOAD ./Drivers/STM32F0xx_HAL_Driver/Src/stm32f0xx_hal_uart_ex.o
LOAD ./GPS/GPS.o
LOAD ./roboclaw/roboclaw.o
LOAD ./serial/Serial.o
LOAD ./serial/base_serial.o
LOAD ./serial/ringbuffer.o
START GROUP
LOAD C:/ST/STM32CubeIDE_1.16.1/STM32CubeIDE/plugins/com.st.stm32cube.ide.mcu.externaltools.gnu-tools-for-stm32.13.3.rel1.win32_1.0.0.202411081344/tools/bin/../lib/gcc/arm-none-eabi/13.3.1/../../../../arm-none-eabi/lib/thumb/v6-m/nofp\libc_nano.a
LOAD C:/ST/STM32CubeIDE_1.16.1/STM32CubeIDE/plugins/com.st.stm32cube.ide.mcu.externaltools.gnu-tools-for-stm32.13.3.rel1.win32_1.0.0.202411081344/tools/bin/../lib/gcc/arm-none-eabi/13.3.1/../../../../arm-none-eabi/lib/thumb/v6-m/nofp\libm.a
END GROUP
START GROUP
LOAD C:/ST/STM32CubeIDE_1.16.1/STM32CubeIDE/plugins/com.st.stm32cube.ide.mcu.externaltools.gnu-tools-for-stm32.13.3.rel1.win32_1.0.0.202411081344/tools/bin/../lib/gcc/arm-none-eabi/13.3.1/thumb/v6-m/nofp\libgcc.a
LOAD C:/ST/STM32CubeIDE_1.16.1/STM32CubeIDE/plugins/com.st.stm32cube.ide.mcu.externaltools.gnu-tools-for-stm32.13.3.rel1.win32_1.0.0.202411081344/tools/bin/../lib/gcc/arm-none-eabi/13.3.1/../../../../arm-none-eabi/lib/thumb/v6-m/nofp\libc_nano.a
END GROUP
START GROUP
LOAD C:/ST/STM32CubeIDE_1.16.1/STM32CubeIDE/plugins/com.st.stm32cube.ide.mcu.externaltools.gnu-tools-for-stm32.13.3.rel1.win32_1.0.0.202411081344/tools/bin/../lib/gcc/arm-none-eabi/13.3.1/thumb/v6-m/nofp\libgcc.a
LOAD C:/ST/STM32CubeIDE_1.16.1/STM32CubeIDE/plugins/com.st.stm32cube.ide.mcu.externaltools.gnu-tools-for-stm32.13.3.rel1.win32_1.0.0.202411081344/tools/bin/../lib/gcc/arm-none-eabi/13.3.1/../../../../arm-none-eabi/lib/thumb/v6-m/nofp\libc_nano.a
LOAD C:/ST/STM32CubeIDE_1.16.1/STM32CubeIDE/plugins/com.st.stm32cube.ide.mcu.externaltools.gnu-tools-for-stm32.13.3.rel1.win32_1.0.0.202411081344/tools/bin/../lib/gcc/arm-none-eabi/13.3.1/../../../../arm-none-eabi/lib/thumb/v6-m/nofp\libnosys.a
END GROUP
START GROUP
LOAD C:/ST/STM32CubeIDE_1.16.1/STM32CubeIDE/plugins/com.st.stm32cube.ide.mcu.externaltools.gnu-tools-for-stm32.13.3.rel1.win32_1.0.0.202411081344/tools/bin/../lib/gcc/arm-none-eabi/13.3.1/thumb/v6-m/nofp\libgcc.a
LOAD C:/ST/STM32CubeIDE_1.16.1/STM32CubeIDE/plugins/com.st.stm32cube.ide.mcu.externaltools.gnu-tools-for-stm32.13.3.rel1.win32_1.0.0.202411081344/tools/bin/../lib/gcc/arm-none-eabi/13.3.1/../../../../arm-none-eabi/lib/thumb/v6-m/nofp\libc_nano.a
LOAD C:/ST/STM32CubeIDE_1.16.1/STM32CubeIDE/plugins/com.st.stm32cube.ide.mcu.externaltools.gnu-tools-for-stm32.13.3.rel1.win32_1.0.0.202411081344/tools/bin/../lib/gcc/arm-none-eabi/13.3.1/../../../../arm-none-eabi/lib/thumb/v6-m/nofp\libnosys.a
END GROUP
LOAD C:/ST/STM32CubeIDE_1.16.1/STM32CubeIDE/plugins/com.st.stm32cube.ide.mcu.externaltools.gnu-tools-for-stm32.13.3.rel1.win32_1.0.0.202411081344/tools/bin/../lib/gcc/arm-none-eabi/13.3.1/thumb/v6-m/nofp/crtend.o
LOAD C:/ST/STM32CubeIDE_1.16.1/STM32CubeIDE/plugins/com.st.stm32cube.ide.mcu.externaltools.gnu-tools-for-stm32.13.3.rel1.win32_1.0.0.202411081344/tools/bin/../lib/gcc/arm-none-eabi/13.3.1/thumb/v6-m/nofp/crtn.o
                0x20004000                        _estack = (ORIGIN (RAM) + LENGTH (RAM))
                0x00000200                        _Min_Heap_Size = 0x200
                0x00000400                        _Min_Stack_Size = 0x400

.isr_vector     0x08000000       0xc0
                0x08000000                        . = ALIGN (0x4)
 *(.isr_vector)
 .isr_vector    0x08000000       0xc0 ./Core/Startup/startup_stm32f072c8tx.o
                0x08000000                g_pfnVectors
                0x080000c0                        . = ALIGN (0x4)

.text           0x080000c0     0x6fe4
                0x080000c0                        . = ALIGN (0x4)
 *(.text)
 .text          0x080000c0       0x48 C:/ST/STM32CubeIDE_1.16.1/STM32CubeIDE/plugins/com.st.stm32cube.ide.mcu.externaltools.gnu-tools-for-stm32.13.3.rel1.win32_1.0.0.202411081344/tools/bin/../lib/gcc/arm-none-eabi/13.3.1/thumb/v6-m/nofp/crtbegin.o
 .text          0x08000108       0x14 C:/ST/STM32CubeIDE_1.16.1/STM32CubeIDE/plugins/com.st.stm32cube.ide.mcu.externaltools.gnu-tools-for-stm32.13.3.rel1.win32_1.0.0.202411081344/tools/bin/../lib/gcc/arm-none-eabi/13.3.1/thumb/v6-m/nofp\libgcc.a(_thumb1_case_shi.o)
                0x08000108                __gnu_thumb1_case_shi
 .text          0x0800011c      0x114 C:/ST/STM32CubeIDE_1.16.1/STM32CubeIDE/plugins/com.st.stm32cube.ide.mcu.externaltools.gnu-tools-for-stm32.13.3.rel1.win32_1.0.0.202411081344/tools/bin/../lib/gcc/arm-none-eabi/13.3.1/thumb/v6-m/nofp\libgcc.a(_udivsi3.o)
                0x0800011c                __aeabi_uidiv
                0x0800011c                __udivsi3
                0x08000228                __aeabi_uidivmod
 .text          0x08000230        0x4 C:/ST/STM32CubeIDE_1.16.1/STM32CubeIDE/plugins/com.st.stm32cube.ide.mcu.externaltools.gnu-tools-for-stm32.13.3.rel1.win32_1.0.0.202411081344/tools/bin/../lib/gcc/arm-none-eabi/13.3.1/thumb/v6-m/nofp\libgcc.a(_dvmd_tls.o)
                0x08000230                __aeabi_idiv0
                0x08000230                __aeabi_ldiv0
 *(.text*)
 .text.bno055_assignI2C
                0x08000234       0x1c ./Adafruit_BNO055/IMU.o
                0x08000234                bno055_assignI2C
 .text.bno055_delay
                0x08000250       0x18 ./Adafruit_BNO055/IMU.o
                0x08000250                bno055_delay
 .text.bno055_writeData
                0x08000268      0x224 ./Adafruit_BNO055/IMU.o
                0x08000268                bno055_writeData
 .text.bno055_readData
                0x0800048c       0x4c ./Adafruit_BNO055/IMU.o
                0x0800048c                bno055_readData
 .text.IMU_Setup
                0x080004d8       0x20 ./Adafruit_BNO055/IMU.o
                0x080004d8                IMU_Setup
 .text.bno055_setPage
                0x080004f8       0x20 ./Adafruit_BNO055/bno055.o
                0x080004f8                bno055_setPage
 .text.bno055_setOperationMode
                0x08000518       0x36 ./Adafruit_BNO055/bno055.o
                0x08000518                bno055_setOperationMode
 .text.bno055_setOperationModeConfig
                0x0800054e       0x10 ./Adafruit_BNO055/bno055.o
                0x0800054e                bno055_setOperationModeConfig
 .text.bno055_setOperationModeNDOF
                0x0800055e       0x10 ./Adafruit_BNO055/bno055.o
                0x0800055e                bno055_setOperationModeNDOF
 .text.bno055_reset
                0x0800056e       0x1c ./Adafruit_BNO055/bno055.o
                0x0800056e                bno055_reset
 *fill*         0x0800058a        0x2 
 .text.bno055_setup
                0x0800058c       0x58 ./Adafruit_BNO055/bno055.o
                0x0800058c                bno055_setup
 .text.can_irq  0x080005e4       0x34 ./Core/Src/main.o
                0x080005e4                can_irq
 .text.main     0x08000618      0x154 ./Core/Src/main.o
                0x08000618                main
 .text.SystemClock_Config
                0x0800076c       0xba ./Core/Src/main.o
                0x0800076c                SystemClock_Config
 *fill*         0x08000826        0x2 
 .text.MX_CAN_Init
                0x08000828      0x110 ./Core/Src/main.o
 .text.MX_I2C1_Init
                0x08000938       0x80 ./Core/Src/main.o
 .text.MX_USART1_UART_Init
                0x080009b8       0x60 ./Core/Src/main.o
 .text.MX_USART2_UART_Init
                0x08000a18       0x60 ./Core/Src/main.o
 .text.MX_USART3_UART_Init
                0x08000a78       0x60 ./Core/Src/main.o
 .text.MX_USART4_UART_Init
                0x08000ad8       0x60 ./Core/Src/main.o
 .text.MX_DMA_Init
                0x08000b38       0x4c ./Core/Src/main.o
 .text.MX_GPIO_Init
                0x08000b84       0xb0 ./Core/Src/main.o
 .text.Error_Handler
                0x08000c34        0xc ./Core/Src/main.o
                0x08000c34                Error_Handler
 .text.HAL_MspInit
                0x08000c40       0x48 ./Core/Src/stm32f0xx_hal_msp.o
                0x08000c40                HAL_MspInit
 .text.HAL_CAN_MspInit
                0x08000c88       0xac ./Core/Src/stm32f0xx_hal_msp.o
                0x08000c88                HAL_CAN_MspInit
 .text.HAL_I2C_MspInit
                0x08000d34       0x9c ./Core/Src/stm32f0xx_hal_msp.o
                0x08000d34                HAL_I2C_MspInit
 .text.HAL_UART_MspInit
                0x08000dd0      0x464 ./Core/Src/stm32f0xx_hal_msp.o
                0x08000dd0                HAL_UART_MspInit
 .text.NMI_Handler
                0x08001234        0x8 ./Core/Src/stm32f0xx_it.o
                0x08001234                NMI_Handler
 .text.HardFault_Handler
                0x0800123c        0x8 ./Core/Src/stm32f0xx_it.o
                0x0800123c                HardFault_Handler
 .text.SVC_Handler
                0x08001244        0xa ./Core/Src/stm32f0xx_it.o
                0x08001244                SVC_Handler
 .text.PendSV_Handler
                0x0800124e        0xa ./Core/Src/stm32f0xx_it.o
                0x0800124e                PendSV_Handler
 .text.SysTick_Handler
                0x08001258        0xe ./Core/Src/stm32f0xx_it.o
                0x08001258                SysTick_Handler
 *fill*         0x08001266        0x2 
 .text.DMA1_Channel2_3_IRQHandler
                0x08001268       0x24 ./Core/Src/stm32f0xx_it.o
                0x08001268                DMA1_Channel2_3_IRQHandler
 .text.DMA1_Channel4_5_6_7_IRQHandler
                0x0800128c       0x3c ./Core/Src/stm32f0xx_it.o
                0x0800128c                DMA1_Channel4_5_6_7_IRQHandler
 .text.USART1_IRQHandler
                0x080012c8       0x18 ./Core/Src/stm32f0xx_it.o
                0x080012c8                USART1_IRQHandler
 .text.USART2_IRQHandler
                0x080012e0       0x18 ./Core/Src/stm32f0xx_it.o
                0x080012e0                USART2_IRQHandler
 .text.USART3_4_IRQHandler
                0x080012f8       0x24 ./Core/Src/stm32f0xx_it.o
                0x080012f8                USART3_4_IRQHandler
 .text.CEC_CAN_IRQHandler
                0x0800131c       0x18 ./Core/Src/stm32f0xx_it.o
                0x0800131c                CEC_CAN_IRQHandler
 .text._read    0x08001334       0x3a ./Core/Src/syscalls.o
                0x08001334                _read
 .text._write   0x0800136e       0x38 ./Core/Src/syscalls.o
                0x0800136e                _write
 .text._close   0x080013a6       0x14 ./Core/Src/syscalls.o
                0x080013a6                _close
 .text._fstat   0x080013ba       0x1c ./Core/Src/syscalls.o
                0x080013ba                _fstat
 .text._isatty  0x080013d6       0x12 ./Core/Src/syscalls.o
                0x080013d6                _isatty
 .text._lseek   0x080013e8       0x16 ./Core/Src/syscalls.o
                0x080013e8                _lseek
 *fill*         0x080013fe        0x2 
 .text._sbrk    0x08001400       0x6c ./Core/Src/sysmem.o
                0x08001400                _sbrk
 .text.SystemInit
                0x0800146c        0xa ./Core/Src/system_stm32f0xx.o
                0x0800146c                SystemInit
 *fill*         0x08001476        0x2 
 .text.Reset_Handler
                0x08001478       0x50 ./Core/Startup/startup_stm32f072c8tx.o
                0x08001478                Reset_Handler
 .text.Default_Handler
                0x080014c8        0x2 ./Core/Startup/startup_stm32f072c8tx.o
                0x080014c8                TIM1_CC_IRQHandler
                0x080014c8                TSC_IRQHandler
                0x080014c8                ADC1_COMP_IRQHandler
                0x080014c8                I2C1_IRQHandler
                0x080014c8                RCC_CRS_IRQHandler
                0x080014c8                SPI1_IRQHandler
                0x080014c8                TIM6_DAC_IRQHandler
                0x080014c8                EXTI2_3_IRQHandler
                0x080014c8                I2C2_IRQHandler
                0x080014c8                TIM17_IRQHandler
                0x080014c8                RTC_IRQHandler
                0x080014c8                PVD_VDDIO2_IRQHandler
                0x080014c8                TIM16_IRQHandler
                0x080014c8                TIM3_IRQHandler
                0x080014c8                EXTI4_15_IRQHandler
                0x080014c8                DMA1_Channel1_IRQHandler
                0x080014c8                Default_Handler
                0x080014c8                TIM14_IRQHandler
                0x080014c8                TIM7_IRQHandler
                0x080014c8                TIM15_IRQHandler
                0x080014c8                EXTI0_1_IRQHandler
                0x080014c8                USB_IRQHandler
                0x080014c8                SPI2_IRQHandler
                0x080014c8                WWDG_IRQHandler
                0x080014c8                TIM2_IRQHandler
                0x080014c8                FLASH_IRQHandler
                0x080014c8                TIM1_BRK_UP_TRG_COM_IRQHandler
 *fill*         0x080014ca        0x2 
 .text.HAL_Init
                0x080014cc       0x28 ./Drivers/STM32F0xx_HAL_Driver/Src/stm32f0xx_hal.o
                0x080014cc                HAL_Init
 .text.HAL_InitTick
                0x080014f4       0x68 ./Drivers/STM32F0xx_HAL_Driver/Src/stm32f0xx_hal.o
                0x080014f4                HAL_InitTick
 .text.HAL_IncTick
                0x0800155c       0x24 ./Drivers/STM32F0xx_HAL_Driver/Src/stm32f0xx_hal.o
                0x0800155c                HAL_IncTick
 .text.HAL_GetTick
                0x08001580       0x14 ./Drivers/STM32F0xx_HAL_Driver/Src/stm32f0xx_hal.o
                0x08001580                HAL_GetTick
 .text.HAL_Delay
                0x08001594       0x48 ./Drivers/STM32F0xx_HAL_Driver/Src/stm32f0xx_hal.o
                0x08001594                HAL_Delay
 .text.HAL_CAN_Init
                0x080015dc      0x294 ./Drivers/STM32F0xx_HAL_Driver/Src/stm32f0xx_hal_can.o
                0x080015dc                HAL_CAN_Init
 .text.HAL_CAN_RegisterCallback
                0x08001870      0x150 ./Drivers/STM32F0xx_HAL_Driver/Src/stm32f0xx_hal_can.o
                0x08001870                HAL_CAN_RegisterCallback
 .text.HAL_CAN_ConfigFilter
                0x080019c0      0x1e4 ./Drivers/STM32F0xx_HAL_Driver/Src/stm32f0xx_hal_can.o
                0x080019c0                HAL_CAN_ConfigFilter
 .text.HAL_CAN_Start
                0x08001ba4       0x8c ./Drivers/STM32F0xx_HAL_Driver/Src/stm32f0xx_hal_can.o
                0x08001ba4                HAL_CAN_Start
 .text.HAL_CAN_GetRxMessage
                0x08001c30      0x256 ./Drivers/STM32F0xx_HAL_Driver/Src/stm32f0xx_hal_can.o
                0x08001c30                HAL_CAN_GetRxMessage
 .text.HAL_CAN_ActivateNotification
                0x08001e86       0x54 ./Drivers/STM32F0xx_HAL_Driver/Src/stm32f0xx_hal_can.o
                0x08001e86                HAL_CAN_ActivateNotification
 .text.HAL_CAN_IRQHandler
                0x08001eda      0x382 ./Drivers/STM32F0xx_HAL_Driver/Src/stm32f0xx_hal_can.o
                0x08001eda                HAL_CAN_IRQHandler
 .text.HAL_CAN_TxMailbox0CompleteCallback
                0x0800225c       0x10 ./Drivers/STM32F0xx_HAL_Driver/Src/stm32f0xx_hal_can.o
                0x0800225c                HAL_CAN_TxMailbox0CompleteCallback
 .text.HAL_CAN_TxMailbox1CompleteCallback
                0x0800226c       0x10 ./Drivers/STM32F0xx_HAL_Driver/Src/stm32f0xx_hal_can.o
                0x0800226c                HAL_CAN_TxMailbox1CompleteCallback
 .text.HAL_CAN_TxMailbox2CompleteCallback
                0x0800227c       0x10 ./Drivers/STM32F0xx_HAL_Driver/Src/stm32f0xx_hal_can.o
                0x0800227c                HAL_CAN_TxMailbox2CompleteCallback
 .text.HAL_CAN_TxMailbox0AbortCallback
                0x0800228c       0x10 ./Drivers/STM32F0xx_HAL_Driver/Src/stm32f0xx_hal_can.o
                0x0800228c                HAL_CAN_TxMailbox0AbortCallback
 .text.HAL_CAN_TxMailbox1AbortCallback
                0x0800229c       0x10 ./Drivers/STM32F0xx_HAL_Driver/Src/stm32f0xx_hal_can.o
                0x0800229c                HAL_CAN_TxMailbox1AbortCallback
 .text.HAL_CAN_TxMailbox2AbortCallback
                0x080022ac       0x10 ./Drivers/STM32F0xx_HAL_Driver/Src/stm32f0xx_hal_can.o
                0x080022ac                HAL_CAN_TxMailbox2AbortCallback
 .text.HAL_CAN_RxFifo0MsgPendingCallback
                0x080022bc       0x10 ./Drivers/STM32F0xx_HAL_Driver/Src/stm32f0xx_hal_can.o
                0x080022bc                HAL_CAN_RxFifo0MsgPendingCallback
 .text.HAL_CAN_RxFifo0FullCallback
                0x080022cc       0x10 ./Drivers/STM32F0xx_HAL_Driver/Src/stm32f0xx_hal_can.o
                0x080022cc                HAL_CAN_RxFifo0FullCallback
 .text.HAL_CAN_RxFifo1MsgPendingCallback
                0x080022dc       0x10 ./Drivers/STM32F0xx_HAL_Driver/Src/stm32f0xx_hal_can.o
                0x080022dc                HAL_CAN_RxFifo1MsgPendingCallback
 .text.HAL_CAN_RxFifo1FullCallback
                0x080022ec       0x10 ./Drivers/STM32F0xx_HAL_Driver/Src/stm32f0xx_hal_can.o
                0x080022ec                HAL_CAN_RxFifo1FullCallback
 .text.HAL_CAN_SleepCallback
                0x080022fc       0x10 ./Drivers/STM32F0xx_HAL_Driver/Src/stm32f0xx_hal_can.o
                0x080022fc                HAL_CAN_SleepCallback
 .text.HAL_CAN_WakeUpFromRxMsgCallback
                0x0800230c       0x10 ./Drivers/STM32F0xx_HAL_Driver/Src/stm32f0xx_hal_can.o
                0x0800230c                HAL_CAN_WakeUpFromRxMsgCallback
 .text.HAL_CAN_ErrorCallback
                0x0800231c       0x10 ./Drivers/STM32F0xx_HAL_Driver/Src/stm32f0xx_hal_can.o
                0x0800231c                HAL_CAN_ErrorCallback
 .text.__NVIC_EnableIRQ
                0x0800232c       0x34 ./Drivers/STM32F0xx_HAL_Driver/Src/stm32f0xx_hal_cortex.o
 .text.__NVIC_SetPriority
                0x08002360       0xdc ./Drivers/STM32F0xx_HAL_Driver/Src/stm32f0xx_hal_cortex.o
 .text.SysTick_Config
                0x0800243c       0x48 ./Drivers/STM32F0xx_HAL_Driver/Src/stm32f0xx_hal_cortex.o
 .text.HAL_NVIC_SetPriority
                0x08002484       0x2a ./Drivers/STM32F0xx_HAL_Driver/Src/stm32f0xx_hal_cortex.o
                0x08002484                HAL_NVIC_SetPriority
 .text.HAL_NVIC_EnableIRQ
                0x080024ae       0x20 ./Drivers/STM32F0xx_HAL_Driver/Src/stm32f0xx_hal_cortex.o
                0x080024ae                HAL_NVIC_EnableIRQ
 .text.HAL_SYSTICK_Config
                0x080024ce       0x1a ./Drivers/STM32F0xx_HAL_Driver/Src/stm32f0xx_hal_cortex.o
                0x080024ce                HAL_SYSTICK_Config
 .text.HAL_DMA_Init
                0x080024e8       0x90 ./Drivers/STM32F0xx_HAL_Driver/Src/stm32f0xx_hal_dma.o
                0x080024e8                HAL_DMA_Init
 .text.HAL_DMA_Start_IT
                0x08002578       0xcc ./Drivers/STM32F0xx_HAL_Driver/Src/stm32f0xx_hal_dma.o
                0x08002578                HAL_DMA_Start_IT
 .text.HAL_DMA_Abort
                0x08002644       0x70 ./Drivers/STM32F0xx_HAL_Driver/Src/stm32f0xx_hal_dma.o
                0x08002644                HAL_DMA_Abort
 .text.HAL_DMA_Abort_IT
                0x080026b4       0x8a ./Drivers/STM32F0xx_HAL_Driver/Src/stm32f0xx_hal_dma.o
                0x080026b4                HAL_DMA_Abort_IT
 .text.HAL_DMA_IRQHandler
                0x0800273e      0x144 ./Drivers/STM32F0xx_HAL_Driver/Src/stm32f0xx_hal_dma.o
                0x0800273e                HAL_DMA_IRQHandler
 .text.DMA_SetConfig
                0x08002882       0x58 ./Drivers/STM32F0xx_HAL_Driver/Src/stm32f0xx_hal_dma.o
 *fill*         0x080028da        0x2 
 .text.DMA_CalcBaseAndBitshift
                0x080028dc       0x38 ./Drivers/STM32F0xx_HAL_Driver/Src/stm32f0xx_hal_dma.o
 .text.HAL_GPIO_Init
                0x08002914      0x2f0 ./Drivers/STM32F0xx_HAL_Driver/Src/stm32f0xx_hal_gpio.o
                0x08002914                HAL_GPIO_Init
 .text.HAL_GPIO_WritePin
                0x08002c04       0x3a ./Drivers/STM32F0xx_HAL_Driver/Src/stm32f0xx_hal_gpio.o
                0x08002c04                HAL_GPIO_WritePin
 *fill*         0x08002c3e        0x2 
 .text.HAL_I2C_Init
                0x08002c40      0x14c ./Drivers/STM32F0xx_HAL_Driver/Src/stm32f0xx_hal_i2c.o
                0x08002c40                HAL_I2C_Init
 .text.HAL_I2C_Master_Transmit
                0x08002d8c      0x254 ./Drivers/STM32F0xx_HAL_Driver/Src/stm32f0xx_hal_i2c.o
                0x08002d8c                HAL_I2C_Master_Transmit
 .text.HAL_I2C_Master_Receive
                0x08002fe0      0x210 ./Drivers/STM32F0xx_HAL_Driver/Src/stm32f0xx_hal_i2c.o
                0x08002fe0                HAL_I2C_Master_Receive
 .text.HAL_I2C_GetState
                0x080031f0       0x18 ./Drivers/STM32F0xx_HAL_Driver/Src/stm32f0xx_hal_i2c.o
                0x080031f0                HAL_I2C_GetState
 .text.HAL_I2C_GetError
                0x08003208       0x14 ./Drivers/STM32F0xx_HAL_Driver/Src/stm32f0xx_hal_i2c.o
                0x08003208                HAL_I2C_GetError
 .text.I2C_Flush_TXDR
                0x0800321c       0x44 ./Drivers/STM32F0xx_HAL_Driver/Src/stm32f0xx_hal_i2c.o
 .text.I2C_WaitOnFlagUntilTimeout
                0x08003260       0xb0 ./Drivers/STM32F0xx_HAL_Driver/Src/stm32f0xx_hal_i2c.o
 .text.I2C_WaitOnTXISFlagUntilTimeout
                0x08003310       0x8c ./Drivers/STM32F0xx_HAL_Driver/Src/stm32f0xx_hal_i2c.o
 .text.I2C_WaitOnSTOPFlagUntilTimeout
                0x0800339c       0x86 ./Drivers/STM32F0xx_HAL_Driver/Src/stm32f0xx_hal_i2c.o
 *fill*         0x08003422        0x2 
 .text.I2C_WaitOnRXNEFlagUntilTimeout
                0x08003424      0x13c ./Drivers/STM32F0xx_HAL_Driver/Src/stm32f0xx_hal_i2c.o
 .text.I2C_IsErrorOccurred
                0x08003560      0x1f0 ./Drivers/STM32F0xx_HAL_Driver/Src/stm32f0xx_hal_i2c.o
 .text.I2C_TransferConfig
                0x08003750       0x74 ./Drivers/STM32F0xx_HAL_Driver/Src/stm32f0xx_hal_i2c.o
 .text.HAL_I2CEx_ConfigAnalogFilter
                0x080037c4       0x98 ./Drivers/STM32F0xx_HAL_Driver/Src/stm32f0xx_hal_i2c_ex.o
                0x080037c4                HAL_I2CEx_ConfigAnalogFilter
 .text.HAL_I2CEx_ConfigDigitalFilter
                0x0800385c       0x98 ./Drivers/STM32F0xx_HAL_Driver/Src/stm32f0xx_hal_i2c_ex.o
                0x0800385c                HAL_I2CEx_ConfigDigitalFilter
 .text.HAL_RCC_OscConfig
                0x080038f4      0x70c ./Drivers/STM32F0xx_HAL_Driver/Src/stm32f0xx_hal_rcc.o
                0x080038f4                HAL_RCC_OscConfig
 .text.HAL_RCC_ClockConfig
                0x08004000      0x1b4 ./Drivers/STM32F0xx_HAL_Driver/Src/stm32f0xx_hal_rcc.o
                0x08004000                HAL_RCC_ClockConfig
 .text.HAL_RCC_GetSysClockFreq
                0x080041b4       0xe4 ./Drivers/STM32F0xx_HAL_Driver/Src/stm32f0xx_hal_rcc.o
                0x080041b4                HAL_RCC_GetSysClockFreq
 .text.HAL_RCC_GetHCLKFreq
                0x08004298       0x14 ./Drivers/STM32F0xx_HAL_Driver/Src/stm32f0xx_hal_rcc.o
                0x08004298                HAL_RCC_GetHCLKFreq
 .text.HAL_RCC_GetPCLK1Freq
                0x080042ac       0x2c ./Drivers/STM32F0xx_HAL_Driver/Src/stm32f0xx_hal_rcc.o
                0x080042ac                HAL_RCC_GetPCLK1Freq
 .text.HAL_RCCEx_PeriphCLKConfig
                0x080042d8      0x1fc ./Drivers/STM32F0xx_HAL_Driver/Src/stm32f0xx_hal_rcc_ex.o
                0x080042d8                HAL_RCCEx_PeriphCLKConfig
 .text.HAL_UART_Init
                0x080044d4       0xa8 ./Drivers/STM32F0xx_HAL_Driver/Src/stm32f0xx_hal_uart.o
                0x080044d4                HAL_UART_Init
 .text.HAL_UART_Transmit_DMA
                0x0800457c      0x120 ./Drivers/STM32F0xx_HAL_Driver/Src/stm32f0xx_hal_uart.o
                0x0800457c                HAL_UART_Transmit_DMA
 .text.HAL_UART_Receive_DMA
                0x0800469c       0xae ./Drivers/STM32F0xx_HAL_Driver/Src/stm32f0xx_hal_uart.o
                0x0800469c                HAL_UART_Receive_DMA
 *fill*         0x0800474a        0x2 
 .text.HAL_UART_IRQHandler
                0x0800474c      0x5c0 ./Drivers/STM32F0xx_HAL_Driver/Src/stm32f0xx_hal_uart.o
                0x0800474c                HAL_UART_IRQHandler
 .text.HAL_UART_TxHalfCpltCallback
                0x08004d0c       0x10 ./Drivers/STM32F0xx_HAL_Driver/Src/stm32f0xx_hal_uart.o
                0x08004d0c                HAL_UART_TxHalfCpltCallback
 .text.HAL_UART_RxHalfCpltCallback
                0x08004d1c       0x10 ./Drivers/STM32F0xx_HAL_Driver/Src/stm32f0xx_hal_uart.o
                0x08004d1c                HAL_UART_RxHalfCpltCallback
 .text.HAL_UARTEx_RxEventCallback
                0x08004d2c       0x16 ./Drivers/STM32F0xx_HAL_Driver/Src/stm32f0xx_hal_uart.o
                0x08004d2c                HAL_UARTEx_RxEventCallback
 *fill*         0x08004d42        0x2 
 .text.UART_SetConfig
                0x08004d44      0x310 ./Drivers/STM32F0xx_HAL_Driver/Src/stm32f0xx_hal_uart.o
                0x08004d44                UART_SetConfig
 .text.UART_AdvFeatureConfig
                0x08005054      0x168 ./Drivers/STM32F0xx_HAL_Driver/Src/stm32f0xx_hal_uart.o
                0x08005054                UART_AdvFeatureConfig
 .text.UART_CheckIdleState
                0x080051bc      0x150 ./Drivers/STM32F0xx_HAL_Driver/Src/stm32f0xx_hal_uart.o
                0x080051bc                UART_CheckIdleState
 .text.UART_WaitOnFlagUntilTimeout
                0x0800530c       0xde ./Drivers/STM32F0xx_HAL_Driver/Src/stm32f0xx_hal_uart.o
                0x0800530c                UART_WaitOnFlagUntilTimeout
 *fill*         0x080053ea        0x2 
 .text.UART_Start_Receive_DMA
                0x080053ec      0x140 ./Drivers/STM32F0xx_HAL_Driver/Src/stm32f0xx_hal_uart.o
                0x080053ec                UART_Start_Receive_DMA
 .text.UART_EndTxTransfer
                0x0800552c       0x48 ./Drivers/STM32F0xx_HAL_Driver/Src/stm32f0xx_hal_uart.o
 .text.UART_EndRxTransfer
                0x08005574       0xc8 ./Drivers/STM32F0xx_HAL_Driver/Src/stm32f0xx_hal_uart.o
 .text.UART_DMATransmitCplt
                0x0800563c       0x94 ./Drivers/STM32F0xx_HAL_Driver/Src/stm32f0xx_hal_uart.o
 .text.UART_DMATxHalfCplt
                0x080056d0       0x1e ./Drivers/STM32F0xx_HAL_Driver/Src/stm32f0xx_hal_uart.o
 *fill*         0x080056ee        0x2 
 .text.UART_DMAReceiveCplt
                0x080056f0      0x12c ./Drivers/STM32F0xx_HAL_Driver/Src/stm32f0xx_hal_uart.o
 .text.UART_DMARxHalfCplt
                0x0800581c       0x42 ./Drivers/STM32F0xx_HAL_Driver/Src/stm32f0xx_hal_uart.o
 .text.UART_DMAError
                0x0800585e       0x84 ./Drivers/STM32F0xx_HAL_Driver/Src/stm32f0xx_hal_uart.o
 .text.UART_DMAAbortOnError
                0x080058e2       0x2e ./Drivers/STM32F0xx_HAL_Driver/Src/stm32f0xx_hal_uart.o
 .text.UART_EndTransmit_IT
                0x08005910       0x56 ./Drivers/STM32F0xx_HAL_Driver/Src/stm32f0xx_hal_uart.o
 .text.HAL_UARTEx_WakeupCallback
                0x08005966       0x10 ./Drivers/STM32F0xx_HAL_Driver/Src/stm32f0xx_hal_uart_ex.o
                0x08005966                HAL_UARTEx_WakeupCallback
 .text.crc_clear
                0x08005976       0x16 ./roboclaw/roboclaw.o
 .text.crc_update
                0x0800598c       0x84 ./roboclaw/roboclaw.o
 .text.crc_get  0x08005a10       0x14 ./roboclaw/roboclaw.o
 .text.write_n  0x08005a24       0xec ./roboclaw/roboclaw.o
 .text.write    0x08005b10       0x20 ./roboclaw/roboclaw.o
 .text.read_timeout
                0x08005b30       0x4c ./roboclaw/roboclaw.o
 .text.ForwardBackwardM1
                0x08005b7c       0x2e ./roboclaw/roboclaw.o
                0x08005b7c                ForwardBackwardM1
 .text.ForwardBackwardM2
                0x08005baa       0x2e ./roboclaw/roboclaw.o
                0x08005baa                ForwardBackwardM2
 .text.serial_init
                0x08005bd8      0x170 ./serial/Serial.o
                0x08005bd8                serial_init
 .text.serial_write
                0x08005d48       0x5a ./serial/Serial.o
                0x08005d48                serial_write
 .text.serial_available
                0x08005da2       0x22 ./serial/Serial.o
                0x08005da2                serial_available
 .text.serial_read
                0x08005dc4       0x38 ./serial/Serial.o
                0x08005dc4                serial_read
 .text.HAL_UART_TxCpltCallback
                0x08005dfc       0x4e ./serial/Serial.o
                0x08005dfc                HAL_UART_TxCpltCallback
 .text.HAL_UART_RxCpltCallback
                0x08005e4a       0x40 ./serial/Serial.o
                0x08005e4a                HAL_UART_RxCpltCallback
 .text.HAL_UART_ErrorCallback
                0x08005e8a       0x3a ./serial/Serial.o
                0x08005e8a                HAL_UART_ErrorCallback
 .text.get_serial_handler
                0x08005ec4       0x78 ./serial/base_serial.o
                0x08005ec4                get_serial_handler
 .text.ring_buffer_is_empty
                0x08005f3c       0x2c ./serial/ringbuffer.o
                0x08005f3c                ring_buffer_is_empty
 .text.ring_buffer_is_full
                0x08005f68       0x3c ./serial/ringbuffer.o
                0x08005f68                ring_buffer_is_full
 .text.ring_buffer_init
                0x08005fa4       0x3c ./serial/ringbuffer.o
                0x08005fa4                ring_buffer_init
 .text.ring_buffer_queue
                0x08005fe0       0x78 ./serial/ringbuffer.o
                0x08005fe0                ring_buffer_queue
 .text.ring_buffer_queue_arr
                0x08006058       0x50 ./serial/ringbuffer.o
                0x08006058                ring_buffer_queue_arr
 .text.ring_buffer_dequeue
                0x080060a8       0x62 ./serial/ringbuffer.o
                0x080060a8                ring_buffer_dequeue
 *fill*         0x0800610a        0x2 
 .text.std      0x0800610c       0x6c C:/ST/STM32CubeIDE_1.16.1/STM32CubeIDE/plugins/com.st.stm32cube.ide.mcu.externaltools.gnu-tools-for-stm32.13.3.rel1.win32_1.0.0.202411081344/tools/bin/../lib/gcc/arm-none-eabi/13.3.1/../../../../arm-none-eabi/lib/thumb/v6-m/nofp\libc_nano.a(libc_a-findfp.o)
 .text.stdio_exit_handler
                0x08006178       0x1c C:/ST/STM32CubeIDE_1.16.1/STM32CubeIDE/plugins/com.st.stm32cube.ide.mcu.externaltools.gnu-tools-for-stm32.13.3.rel1.win32_1.0.0.202411081344/tools/bin/../lib/gcc/arm-none-eabi/13.3.1/../../../../arm-none-eabi/lib/thumb/v6-m/nofp\libc_nano.a(libc_a-findfp.o)
 .text.cleanup_stdio
                0x08006194       0x3c C:/ST/STM32CubeIDE_1.16.1/STM32CubeIDE/plugins/com.st.stm32cube.ide.mcu.externaltools.gnu-tools-for-stm32.13.3.rel1.win32_1.0.0.202411081344/tools/bin/../lib/gcc/arm-none-eabi/13.3.1/../../../../arm-none-eabi/lib/thumb/v6-m/nofp\libc_nano.a(libc_a-findfp.o)
 .text.global_stdio_init.part.0
                0x080061d0       0x3c C:/ST/STM32CubeIDE_1.16.1/STM32CubeIDE/plugins/com.st.stm32cube.ide.mcu.externaltools.gnu-tools-for-stm32.13.3.rel1.win32_1.0.0.202411081344/tools/bin/../lib/gcc/arm-none-eabi/13.3.1/../../../../arm-none-eabi/lib/thumb/v6-m/nofp\libc_nano.a(libc_a-findfp.o)
 .text.__sfp_lock_acquire
                0x0800620c       0x10 C:/ST/STM32CubeIDE_1.16.1/STM32CubeIDE/plugins/com.st.stm32cube.ide.mcu.externaltools.gnu-tools-for-stm32.13.3.rel1.win32_1.0.0.202411081344/tools/bin/../lib/gcc/arm-none-eabi/13.3.1/../../../../arm-none-eabi/lib/thumb/v6-m/nofp\libc_nano.a(libc_a-findfp.o)
                0x0800620c                __sfp_lock_acquire
 .text.__sfp_lock_release
                0x0800621c       0x10 C:/ST/STM32CubeIDE_1.16.1/STM32CubeIDE/plugins/com.st.stm32cube.ide.mcu.externaltools.gnu-tools-for-stm32.13.3.rel1.win32_1.0.0.202411081344/tools/bin/../lib/gcc/arm-none-eabi/13.3.1/../../../../arm-none-eabi/lib/thumb/v6-m/nofp\libc_nano.a(libc_a-findfp.o)
                0x0800621c                __sfp_lock_release
 .text.__sinit  0x0800622c       0x30 C:/ST/STM32CubeIDE_1.16.1/STM32CubeIDE/plugins/com.st.stm32cube.ide.mcu.externaltools.gnu-tools-for-stm32.13.3.rel1.win32_1.0.0.202411081344/tools/bin/../lib/gcc/arm-none-eabi/13.3.1/../../../../arm-none-eabi/lib/thumb/v6-m/nofp\libc_nano.a(libc_a-findfp.o)
                0x0800622c                __sinit
 .text._fwalk_sglue
                0x0800625c       0x38 C:/ST/STM32CubeIDE_1.16.1/STM32CubeIDE/plugins/com.st.stm32cube.ide.mcu.externaltools.gnu-tools-for-stm32.13.3.rel1.win32_1.0.0.202411081344/tools/bin/../lib/gcc/arm-none-eabi/13.3.1/../../../../arm-none-eabi/lib/thumb/v6-m/nofp\libc_nano.a(libc_a-fwalk.o)
                0x0800625c                _fwalk_sglue
 .text.printf   0x08006294       0x20 C:/ST/STM32CubeIDE_1.16.1/STM32CubeIDE/plugins/com.st.stm32cube.ide.mcu.externaltools.gnu-tools-for-stm32.13.3.rel1.win32_1.0.0.202411081344/tools/bin/../lib/gcc/arm-none-eabi/13.3.1/../../../../arm-none-eabi/lib/thumb/v6-m/nofp\libc_nano.a(libc_a-printf.o)
                0x08006294                iprintf
                0x08006294                printf
 .text._puts_r  0x080062b4       0xac C:/ST/STM32CubeIDE_1.16.1/STM32CubeIDE/plugins/com.st.stm32cube.ide.mcu.externaltools.gnu-tools-for-stm32.13.3.rel1.win32_1.0.0.202411081344/tools/bin/../lib/gcc/arm-none-eabi/13.3.1/../../../../arm-none-eabi/lib/thumb/v6-m/nofp\libc_nano.a(libc_a-puts.o)
                0x080062b4                _puts_r
 .text.puts     0x08006360       0x14 C:/ST/STM32CubeIDE_1.16.1/STM32CubeIDE/plugins/com.st.stm32cube.ide.mcu.externaltools.gnu-tools-for-stm32.13.3.rel1.win32_1.0.0.202411081344/tools/bin/../lib/gcc/arm-none-eabi/13.3.1/../../../../arm-none-eabi/lib/thumb/v6-m/nofp\libc_nano.a(libc_a-puts.o)
                0x08006360                puts
 .text.__sread  0x08006374       0x28 C:/ST/STM32CubeIDE_1.16.1/STM32CubeIDE/plugins/com.st.stm32cube.ide.mcu.externaltools.gnu-tools-for-stm32.13.3.rel1.win32_1.0.0.202411081344/tools/bin/../lib/gcc/arm-none-eabi/13.3.1/../../../../arm-none-eabi/lib/thumb/v6-m/nofp\libc_nano.a(libc_a-stdio.o)
                0x08006374                __sread
 .text.__swrite
                0x0800639c       0x38 C:/ST/STM32CubeIDE_1.16.1/STM32CubeIDE/plugins/com.st.stm32cube.ide.mcu.externaltools.gnu-tools-for-stm32.13.3.rel1.win32_1.0.0.202411081344/tools/bin/../lib/gcc/arm-none-eabi/13.3.1/../../../../arm-none-eabi/lib/thumb/v6-m/nofp\libc_nano.a(libc_a-stdio.o)
                0x0800639c                __swrite
 .text.__sseek  0x080063d4       0x2c C:/ST/STM32CubeIDE_1.16.1/STM32CubeIDE/plugins/com.st.stm32cube.ide.mcu.externaltools.gnu-tools-for-stm32.13.3.rel1.win32_1.0.0.202411081344/tools/bin/../lib/gcc/arm-none-eabi/13.3.1/../../../../arm-none-eabi/lib/thumb/v6-m/nofp\libc_nano.a(libc_a-stdio.o)
                0x080063d4                __sseek
 .text.__sclose
                0x08006400        0xc C:/ST/STM32CubeIDE_1.16.1/STM32CubeIDE/plugins/com.st.stm32cube.ide.mcu.externaltools.gnu-tools-for-stm32.13.3.rel1.win32_1.0.0.202411081344/tools/bin/../lib/gcc/arm-none-eabi/13.3.1/../../../../arm-none-eabi/lib/thumb/v6-m/nofp\libc_nano.a(libc_a-stdio.o)
                0x08006400                __sclose
 .text.__swbuf_r
                0x0800640c       0x84 C:/ST/STM32CubeIDE_1.16.1/STM32CubeIDE/plugins/com.st.stm32cube.ide.mcu.externaltools.gnu-tools-for-stm32.13.3.rel1.win32_1.0.0.202411081344/tools/bin/../lib/gcc/arm-none-eabi/13.3.1/../../../../arm-none-eabi/lib/thumb/v6-m/nofp\libc_nano.a(libc_a-wbuf.o)
                0x0800640c                __swbuf_r
 .text.__swsetup_r
                0x08006490       0xbc C:/ST/STM32CubeIDE_1.16.1/STM32CubeIDE/plugins/com.st.stm32cube.ide.mcu.externaltools.gnu-tools-for-stm32.13.3.rel1.win32_1.0.0.202411081344/tools/bin/../lib/gcc/arm-none-eabi/13.3.1/../../../../arm-none-eabi/lib/thumb/v6-m/nofp\libc_nano.a(libc_a-wsetup.o)
                0x08006490                __swsetup_r
 .text.memset   0x0800654c       0x10 C:/ST/STM32CubeIDE_1.16.1/STM32CubeIDE/plugins/com.st.stm32cube.ide.mcu.externaltools.gnu-tools-for-stm32.13.3.rel1.win32_1.0.0.202411081344/tools/bin/../lib/gcc/arm-none-eabi/13.3.1/../../../../arm-none-eabi/lib/thumb/v6-m/nofp\libc_nano.a(libc_a-memset.o)
                0x0800654c                memset
 .text._close_r
                0x0800655c       0x24 C:/ST/STM32CubeIDE_1.16.1/STM32CubeIDE/plugins/com.st.stm32cube.ide.mcu.externaltools.gnu-tools-for-stm32.13.3.rel1.win32_1.0.0.202411081344/tools/bin/../lib/gcc/arm-none-eabi/13.3.1/../../../../arm-none-eabi/lib/thumb/v6-m/nofp\libc_nano.a(libc_a-closer.o)
                0x0800655c                _close_r
 .text._lseek_r
                0x08006580       0x28 C:/ST/STM32CubeIDE_1.16.1/STM32CubeIDE/plugins/com.st.stm32cube.ide.mcu.externaltools.gnu-tools-for-stm32.13.3.rel1.win32_1.0.0.202411081344/tools/bin/../lib/gcc/arm-none-eabi/13.3.1/../../../../arm-none-eabi/lib/thumb/v6-m/nofp\libc_nano.a(libc_a-lseekr.o)
                0x08006580                _lseek_r
 .text._read_r  0x080065a8       0x28 C:/ST/STM32CubeIDE_1.16.1/STM32CubeIDE/plugins/com.st.stm32cube.ide.mcu.externaltools.gnu-tools-for-stm32.13.3.rel1.win32_1.0.0.202411081344/tools/bin/../lib/gcc/arm-none-eabi/13.3.1/../../../../arm-none-eabi/lib/thumb/v6-m/nofp\libc_nano.a(libc_a-readr.o)
                0x080065a8                _read_r
 .text._write_r
                0x080065d0       0x28 C:/ST/STM32CubeIDE_1.16.1/STM32CubeIDE/plugins/com.st.stm32cube.ide.mcu.externaltools.gnu-tools-for-stm32.13.3.rel1.win32_1.0.0.202411081344/tools/bin/../lib/gcc/arm-none-eabi/13.3.1/../../../../arm-none-eabi/lib/thumb/v6-m/nofp\libc_nano.a(libc_a-writer.o)
                0x080065d0                _write_r
 .text.__errno  0x080065f8        0xc C:/ST/STM32CubeIDE_1.16.1/STM32CubeIDE/plugins/com.st.stm32cube.ide.mcu.externaltools.gnu-tools-for-stm32.13.3.rel1.win32_1.0.0.202411081344/tools/bin/../lib/gcc/arm-none-eabi/13.3.1/../../../../arm-none-eabi/lib/thumb/v6-m/nofp\libc_nano.a(libc_a-errno.o)
                0x080065f8                __errno
 .text.__libc_init_array
                0x08006604       0x48 C:/ST/STM32CubeIDE_1.16.1/STM32CubeIDE/plugins/com.st.stm32cube.ide.mcu.externaltools.gnu-tools-for-stm32.13.3.rel1.win32_1.0.0.202411081344/tools/bin/../lib/gcc/arm-none-eabi/13.3.1/../../../../arm-none-eabi/lib/thumb/v6-m/nofp\libc_nano.a(libc_a-init.o)
                0x08006604                __libc_init_array
 .text.__retarget_lock_init_recursive
                0x0800664c        0x2 C:/ST/STM32CubeIDE_1.16.1/STM32CubeIDE/plugins/com.st.stm32cube.ide.mcu.externaltools.gnu-tools-for-stm32.13.3.rel1.win32_1.0.0.202411081344/tools/bin/../lib/gcc/arm-none-eabi/13.3.1/../../../../arm-none-eabi/lib/thumb/v6-m/nofp\libc_nano.a(libc_a-lock.o)
                0x0800664c                __retarget_lock_init_recursive
 .text.__retarget_lock_acquire_recursive
                0x0800664e        0x2 C:/ST/STM32CubeIDE_1.16.1/STM32CubeIDE/plugins/com.st.stm32cube.ide.mcu.externaltools.gnu-tools-for-stm32.13.3.rel1.win32_1.0.0.202411081344/tools/bin/../lib/gcc/arm-none-eabi/13.3.1/../../../../arm-none-eabi/lib/thumb/v6-m/nofp\libc_nano.a(libc_a-lock.o)
                0x0800664e                __retarget_lock_acquire_recursive
 .text.__retarget_lock_release_recursive
                0x08006650        0x2 C:/ST/STM32CubeIDE_1.16.1/STM32CubeIDE/plugins/com.st.stm32cube.ide.mcu.externaltools.gnu-tools-for-stm32.13.3.rel1.win32_1.0.0.202411081344/tools/bin/../lib/gcc/arm-none-eabi/13.3.1/../../../../arm-none-eabi/lib/thumb/v6-m/nofp\libc_nano.a(libc_a-lock.o)
                0x08006650                __retarget_lock_release_recursive
 *fill*         0x08006652        0x2 
 .text._free_r  0x08006654       0x94 C:/ST/STM32CubeIDE_1.16.1/STM32CubeIDE/plugins/com.st.stm32cube.ide.mcu.externaltools.gnu-tools-for-stm32.13.3.rel1.win32_1.0.0.202411081344/tools/bin/../lib/gcc/arm-none-eabi/13.3.1/../../../../arm-none-eabi/lib/thumb/v6-m/nofp\libc_nano.a(libc_a-freer.o)
                0x08006654                _free_r
 .text.sbrk_aligned
                0x080066e8       0x44 C:/ST/STM32CubeIDE_1.16.1/STM32CubeIDE/plugins/com.st.stm32cube.ide.mcu.externaltools.gnu-tools-for-stm32.13.3.rel1.win32_1.0.0.202411081344/tools/bin/../lib/gcc/arm-none-eabi/13.3.1/../../../../arm-none-eabi/lib/thumb/v6-m/nofp\libc_nano.a(libc_a-mallocr.o)
 .text._malloc_r
                0x0800672c      0x100 C:/ST/STM32CubeIDE_1.16.1/STM32CubeIDE/plugins/com.st.stm32cube.ide.mcu.externaltools.gnu-tools-for-stm32.13.3.rel1.win32_1.0.0.202411081344/tools/bin/../lib/gcc/arm-none-eabi/13.3.1/../../../../arm-none-eabi/lib/thumb/v6-m/nofp\libc_nano.a(libc_a-mallocr.o)
                0x0800672c                _malloc_r
 .text.__malloc_lock
                0x0800682c       0x10 C:/ST/STM32CubeIDE_1.16.1/STM32CubeIDE/plugins/com.st.stm32cube.ide.mcu.externaltools.gnu-tools-for-stm32.13.3.rel1.win32_1.0.0.202411081344/tools/bin/../lib/gcc/arm-none-eabi/13.3.1/../../../../arm-none-eabi/lib/thumb/v6-m/nofp\libc_nano.a(libc_a-mlock.o)
                0x0800682c                __malloc_lock
 .text.__malloc_unlock
                0x0800683c       0x10 C:/ST/STM32CubeIDE_1.16.1/STM32CubeIDE/plugins/com.st.stm32cube.ide.mcu.externaltools.gnu-tools-for-stm32.13.3.rel1.win32_1.0.0.202411081344/tools/bin/../lib/gcc/arm-none-eabi/13.3.1/../../../../arm-none-eabi/lib/thumb/v6-m/nofp\libc_nano.a(libc_a-mlock.o)
                0x0800683c                __malloc_unlock
 .text.__sfputc_r
                0x0800684c       0x2a C:/ST/STM32CubeIDE_1.16.1/STM32CubeIDE/plugins/com.st.stm32cube.ide.mcu.externaltools.gnu-tools-for-stm32.13.3.rel1.win32_1.0.0.202411081344/tools/bin/../lib/gcc/arm-none-eabi/13.3.1/../../../../arm-none-eabi/lib/thumb/v6-m/nofp\libc_nano.a(libc_a-nano-vfprintf.o)
 .text.__sfputs_r
                0x08006876       0x24 C:/ST/STM32CubeIDE_1.16.1/STM32CubeIDE/plugins/com.st.stm32cube.ide.mcu.externaltools.gnu-tools-for-stm32.13.3.rel1.win32_1.0.0.202411081344/tools/bin/../lib/gcc/arm-none-eabi/13.3.1/../../../../arm-none-eabi/lib/thumb/v6-m/nofp\libc_nano.a(libc_a-nano-vfprintf.o)
                0x08006876                __sfputs_r
 *fill*         0x0800689a        0x2 
 .text._vfprintf_r
                0x0800689c      0x238 C:/ST/STM32CubeIDE_1.16.1/STM32CubeIDE/plugins/com.st.stm32cube.ide.mcu.externaltools.gnu-tools-for-stm32.13.3.rel1.win32_1.0.0.202411081344/tools/bin/../lib/gcc/arm-none-eabi/13.3.1/../../../../arm-none-eabi/lib/thumb/v6-m/nofp\libc_nano.a(libc_a-nano-vfprintf.o)
                0x0800689c                _vfprintf_r
                0x0800689c                _vfiprintf_r
 .text._printf_common
                0x08006ad4       0xde C:/ST/STM32CubeIDE_1.16.1/STM32CubeIDE/plugins/com.st.stm32cube.ide.mcu.externaltools.gnu-tools-for-stm32.13.3.rel1.win32_1.0.0.202411081344/tools/bin/../lib/gcc/arm-none-eabi/13.3.1/../../../../arm-none-eabi/lib/thumb/v6-m/nofp\libc_nano.a(libc_a-nano-vfprintf_i.o)
                0x08006ad4                _printf_common
 *fill*         0x08006bb2        0x2 
 .text._printf_i
                0x08006bb4      0x218 C:/ST/STM32CubeIDE_1.16.1/STM32CubeIDE/plugins/com.st.stm32cube.ide.mcu.externaltools.gnu-tools-for-stm32.13.3.rel1.win32_1.0.0.202411081344/tools/bin/../lib/gcc/arm-none-eabi/13.3.1/../../../../arm-none-eabi/lib/thumb/v6-m/nofp\libc_nano.a(libc_a-nano-vfprintf_i.o)
                0x08006bb4                _printf_i
 .text.__sflush_r
                0x08006dcc      0x10c C:/ST/STM32CubeIDE_1.16.1/STM32CubeIDE/plugins/com.st.stm32cube.ide.mcu.externaltools.gnu-tools-for-stm32.13.3.rel1.win32_1.0.0.202411081344/tools/bin/../lib/gcc/arm-none-eabi/13.3.1/../../../../arm-none-eabi/lib/thumb/v6-m/nofp\libc_nano.a(libc_a-fflush.o)
                0x08006dcc                __sflush_r
 .text._fflush_r
                0x08006ed8       0x56 C:/ST/STM32CubeIDE_1.16.1/STM32CubeIDE/plugins/com.st.stm32cube.ide.mcu.externaltools.gnu-tools-for-stm32.13.3.rel1.win32_1.0.0.202411081344/tools/bin/../lib/gcc/arm-none-eabi/13.3.1/../../../../arm-none-eabi/lib/thumb/v6-m/nofp\libc_nano.a(libc_a-fflush.o)
                0x08006ed8                _fflush_r
 *fill*         0x08006f2e        0x2 
 .text.__swhatbuf_r
                0x08006f30       0x54 C:/ST/STM32CubeIDE_1.16.1/STM32CubeIDE/plugins/com.st.stm32cube.ide.mcu.externaltools.gnu-tools-for-stm32.13.3.rel1.win32_1.0.0.202411081344/tools/bin/../lib/gcc/arm-none-eabi/13.3.1/../../../../arm-none-eabi/lib/thumb/v6-m/nofp\libc_nano.a(libc_a-makebuf.o)
                0x08006f30                __swhatbuf_r
 .text.__smakebuf_r
                0x08006f84       0x82 C:/ST/STM32CubeIDE_1.16.1/STM32CubeIDE/plugins/com.st.stm32cube.ide.mcu.externaltools.gnu-tools-for-stm32.13.3.rel1.win32_1.0.0.202411081344/tools/bin/../lib/gcc/arm-none-eabi/13.3.1/../../../../arm-none-eabi/lib/thumb/v6-m/nofp\libc_nano.a(libc_a-makebuf.o)
                0x08006f84                __smakebuf_r
 *fill*         0x08007006        0x2 
 .text._fstat_r
                0x08007008       0x24 C:/ST/STM32CubeIDE_1.16.1/STM32CubeIDE/plugins/com.st.stm32cube.ide.mcu.externaltools.gnu-tools-for-stm32.13.3.rel1.win32_1.0.0.202411081344/tools/bin/../lib/gcc/arm-none-eabi/13.3.1/../../../../arm-none-eabi/lib/thumb/v6-m/nofp\libc_nano.a(libc_a-fstatr.o)
                0x08007008                _fstat_r
 .text._isatty_r
                0x0800702c       0x24 C:/ST/STM32CubeIDE_1.16.1/STM32CubeIDE/plugins/com.st.stm32cube.ide.mcu.externaltools.gnu-tools-for-stm32.13.3.rel1.win32_1.0.0.202411081344/tools/bin/../lib/gcc/arm-none-eabi/13.3.1/../../../../arm-none-eabi/lib/thumb/v6-m/nofp\libc_nano.a(libc_a-isattyr.o)
                0x0800702c                _isatty_r
 .text._sbrk_r  0x08007050       0x24 C:/ST/STM32CubeIDE_1.16.1/STM32CubeIDE/plugins/com.st.stm32cube.ide.mcu.externaltools.gnu-tools-for-stm32.13.3.rel1.win32_1.0.0.202411081344/tools/bin/../lib/gcc/arm-none-eabi/13.3.1/../../../../arm-none-eabi/lib/thumb/v6-m/nofp\libc_nano.a(libc_a-sbrkr.o)
                0x08007050                _sbrk_r
 .text.memchr   0x08007074       0x16 C:/ST/STM32CubeIDE_1.16.1/STM32CubeIDE/plugins/com.st.stm32cube.ide.mcu.externaltools.gnu-tools-for-stm32.13.3.rel1.win32_1.0.0.202411081344/tools/bin/../lib/gcc/arm-none-eabi/13.3.1/../../../../arm-none-eabi/lib/thumb/v6-m/nofp\libc_nano.a(libc_a-memchr-stub.o)
                0x08007074                memchr
 *(.glue_7)
 .glue_7        0x0800708a        0x0 linker stubs
 *(.glue_7t)
 .glue_7t       0x0800708a        0x0 linker stubs
 *(.eh_frame)
 *fill*         0x0800708a        0x2 
 .eh_frame      0x0800708c        0x0 C:/ST/STM32CubeIDE_1.16.1/STM32CubeIDE/plugins/com.st.stm32cube.ide.mcu.externaltools.gnu-tools-for-stm32.13.3.rel1.win32_1.0.0.202411081344/tools/bin/../lib/gcc/arm-none-eabi/13.3.1/thumb/v6-m/nofp/crtbegin.o
 *(.init)
 .init          0x0800708c        0x4 C:/ST/STM32CubeIDE_1.16.1/STM32CubeIDE/plugins/com.st.stm32cube.ide.mcu.externaltools.gnu-tools-for-stm32.13.3.rel1.win32_1.0.0.202411081344/tools/bin/../lib/gcc/arm-none-eabi/13.3.1/thumb/v6-m/nofp/crti.o
                0x0800708c                _init
 .init          0x08007090        0x8 C:/ST/STM32CubeIDE_1.16.1/STM32CubeIDE/plugins/com.st.stm32cube.ide.mcu.externaltools.gnu-tools-for-stm32.13.3.rel1.win32_1.0.0.202411081344/tools/bin/../lib/gcc/arm-none-eabi/13.3.1/thumb/v6-m/nofp/crtn.o
 *(.fini)
 .fini          0x08007098        0x4 C:/ST/STM32CubeIDE_1.16.1/STM32CubeIDE/plugins/com.st.stm32cube.ide.mcu.externaltools.gnu-tools-for-stm32.13.3.rel1.win32_1.0.0.202411081344/tools/bin/../lib/gcc/arm-none-eabi/13.3.1/thumb/v6-m/nofp/crti.o
                0x08007098                _fini
 .fini          0x0800709c        0x8 C:/ST/STM32CubeIDE_1.16.1/STM32CubeIDE/plugins/com.st.stm32cube.ide.mcu.externaltools.gnu-tools-for-stm32.13.3.rel1.win32_1.0.0.202411081344/tools/bin/../lib/gcc/arm-none-eabi/13.3.1/thumb/v6-m/nofp/crtn.o
                0x080070a4                        . = ALIGN (0x4)
                0x080070a4                        _etext = .

.vfp11_veneer   0x080070a4        0x0
 .vfp11_veneer  0x080070a4        0x0 linker stubs

.v4_bx          0x080070a4        0x0
 .v4_bx         0x080070a4        0x0 linker stubs

.iplt           0x080070a4        0x0
 .iplt          0x080070a4        0x0 C:/ST/STM32CubeIDE_1.16.1/STM32CubeIDE/plugins/com.st.stm32cube.ide.mcu.externaltools.gnu-tools-for-stm32.13.3.rel1.win32_1.0.0.202411081344/tools/bin/../lib/gcc/arm-none-eabi/13.3.1/thumb/v6-m/nofp/crtbegin.o

.rodata         0x080070a4      0x2b4
                0x080070a4                        . = ALIGN (0x4)
 *(.rodata)
 .rodata        0x080070a4      0x1cd ./Adafruit_BNO055/IMU.o
 *fill*         0x08007271        0x3 
 .rodata        0x08007274       0x3b ./Adafruit_BNO055/bno055.o
 *(.rodata*)
 *fill*         0x080072af        0x1 
 .rodata.AHBPrescTable
                0x080072b0       0x10 ./Core/Src/system_stm32f0xx.o
                0x080072b0                AHBPrescTable
 .rodata.APBPrescTable
                0x080072c0        0x8 ./Core/Src/system_stm32f0xx.o
                0x080072c0                APBPrescTable
 .rodata.HAL_CAN_RegisterCallback
                0x080072c8       0x3c ./Drivers/STM32F0xx_HAL_Driver/Src/stm32f0xx_hal_can.o
 .rodata.aPLLMULFactorTable.1
                0x08007304       0x10 ./Drivers/STM32F0xx_HAL_Driver/Src/stm32f0xx_hal_rcc.o
 .rodata.aPredivFactorTable.0
                0x08007314       0x10 ./Drivers/STM32F0xx_HAL_Driver/Src/stm32f0xx_hal_rcc.o
 .rodata._vfprintf_r.str1.1
                0x08007324       0x33 C:/ST/STM32CubeIDE_1.16.1/STM32CubeIDE/plugins/com.st.stm32cube.ide.mcu.externaltools.gnu-tools-for-stm32.13.3.rel1.win32_1.0.0.202411081344/tools/bin/../lib/gcc/arm-none-eabi/13.3.1/../../../../arm-none-eabi/lib/thumb/v6-m/nofp\libc_nano.a(libc_a-nano-vfprintf.o)
                                 0x11 (size before relaxing)
 .rodata._printf_i.str1.1
                0x08007357       0x22 C:/ST/STM32CubeIDE_1.16.1/STM32CubeIDE/plugins/com.st.stm32cube.ide.mcu.externaltools.gnu-tools-for-stm32.13.3.rel1.win32_1.0.0.202411081344/tools/bin/../lib/gcc/arm-none-eabi/13.3.1/../../../../arm-none-eabi/lib/thumb/v6-m/nofp\libc_nano.a(libc_a-nano-vfprintf_i.o)
                0x0800737c                        . = ALIGN (0x4)
 *fill*         0x08007357        0x1 

.ARM.extab      0x08007358        0x0
                0x08007358                        . = ALIGN (0x4)
 *(.ARM.extab* .gnu.linkonce.armextab.*)
                0x08007358                        . = ALIGN (0x4)

.ARM            0x08007358        0x0
                0x08007358                        . = ALIGN (0x4)
                0x08007358                        __exidx_start = .
 *(.ARM.exidx*)
                0x08007358                        __exidx_end = .
                0x08007358                        . = ALIGN (0x4)

.preinit_array  0x08007358        0x0
                0x08007358                        . = ALIGN (0x4)
                0x08007358                        PROVIDE (__preinit_array_start = .)
 *(.preinit_array*)
                0x08007358                        PROVIDE (__preinit_array_end = .)
                0x08007358                        . = ALIGN (0x4)

.init_array     0x08007358        0x4
                0x08007358                        . = ALIGN (0x4)
                0x08007358                        PROVIDE (__init_array_start = .)
 *(SORT_BY_NAME(.init_array.*))
 *(.init_array*)
 .init_array    0x08007358        0x4 C:/ST/STM32CubeIDE_1.16.1/STM32CubeIDE/plugins/com.st.stm32cube.ide.mcu.externaltools.gnu-tools-for-stm32.13.3.rel1.win32_1.0.0.202411081344/tools/bin/../lib/gcc/arm-none-eabi/13.3.1/thumb/v6-m/nofp/crtbegin.o
                0x0800735c                        PROVIDE (__init_array_end = .)
                0x0800735c                        . = ALIGN (0x4)

.fini_array     0x0800735c        0x4
                0x0800735c                        . = ALIGN (0x4)
                [!provide]                        PROVIDE (__fini_array_start = .)
 *(SORT_BY_NAME(.fini_array.*))
 *(.fini_array*)
 .fini_array    0x0800735c        0x4 C:/ST/STM32CubeIDE_1.16.1/STM32CubeIDE/plugins/com.st.stm32cube.ide.mcu.externaltools.gnu-tools-for-stm32.13.3.rel1.win32_1.0.0.202411081344/tools/bin/../lib/gcc/arm-none-eabi/13.3.1/thumb/v6-m/nofp/crtbegin.o
                [!provide]                        PROVIDE (__fini_array_end = .)
                0x08007360                        . = ALIGN (0x4)
                0x08007360                        _sidata = LOADADDR (.data)

.rel.dyn        0x08007360        0x0
 .rel.iplt      0x08007360        0x0 C:/ST/STM32CubeIDE_1.16.1/STM32CubeIDE/plugins/com.st.stm32cube.ide.mcu.externaltools.gnu-tools-for-stm32.13.3.rel1.win32_1.0.0.202411081344/tools/bin/../lib/gcc/arm-none-eabi/13.3.1/thumb/v6-m/nofp/crtbegin.o

.data           0x20000000       0xd8 load address 0x08007360
                0x20000000                        . = ALIGN (0x4)
                0x20000000                        _sdata = .
 *(.data)
 *(.data*)
 .data.SystemCoreClock
                0x20000000        0x4 ./Core/Src/system_stm32f0xx.o
                0x20000000                SystemCoreClock
 .data.uwTickPrio
                0x20000004        0x4 ./Drivers/STM32F0xx_HAL_Driver/Src/stm32f0xx_hal.o
                0x20000004                uwTickPrio
 .data.uwTickFreq
                0x20000008        0x1 ./Drivers/STM32F0xx_HAL_Driver/Src/stm32f0xx_hal.o
                0x20000008                uwTickFreq
 *fill*         0x20000009        0x3 
 .data.__usart1_serial_handler
                0x2000000c       0x1c ./serial/Serial.o
                0x2000000c                __usart1_serial_handler
 .data.__usart2_serial_handler
                0x20000028       0x1c ./serial/Serial.o
                0x20000028                __usart2_serial_handler
 .data.__usart3_serial_handler
                0x20000044       0x1c ./serial/Serial.o
                0x20000044                __usart3_serial_handler
 .data.__usart4_serial_handler
                0x20000060       0x1c ./serial/Serial.o
                0x20000060                __usart4_serial_handler
 .data.__sglue  0x2000007c        0xc C:/ST/STM32CubeIDE_1.16.1/STM32CubeIDE/plugins/com.st.stm32cube.ide.mcu.externaltools.gnu-tools-for-stm32.13.3.rel1.win32_1.0.0.202411081344/tools/bin/../lib/gcc/arm-none-eabi/13.3.1/../../../../arm-none-eabi/lib/thumb/v6-m/nofp\libc_nano.a(libc_a-findfp.o)
                0x2000007c                __sglue
 .data._impure_ptr
                0x20000088        0x4 C:/ST/STM32CubeIDE_1.16.1/STM32CubeIDE/plugins/com.st.stm32cube.ide.mcu.externaltools.gnu-tools-for-stm32.13.3.rel1.win32_1.0.0.202411081344/tools/bin/../lib/gcc/arm-none-eabi/13.3.1/../../../../arm-none-eabi/lib/thumb/v6-m/nofp\libc_nano.a(libc_a-impure.o)
                0x20000088                _impure_ptr
 .data._impure_data
                0x2000008c       0x4c C:/ST/STM32CubeIDE_1.16.1/STM32CubeIDE/plugins/com.st.stm32cube.ide.mcu.externaltools.gnu-tools-for-stm32.13.3.rel1.win32_1.0.0.202411081344/tools/bin/../lib/gcc/arm-none-eabi/13.3.1/../../../../arm-none-eabi/lib/thumb/v6-m/nofp\libc_nano.a(libc_a-impure.o)
                0x2000008c                _impure_data
 *(.RamFunc)
 *(.RamFunc*)
                0x200000d8                        . = ALIGN (0x4)
                0x200000d8                        _edata = .

.igot.plt       0x200000d8        0x0 load address 0x08007438
 .igot.plt      0x200000d8        0x0 C:/ST/STM32CubeIDE_1.16.1/STM32CubeIDE/plugins/com.st.stm32cube.ide.mcu.externaltools.gnu-tools-for-stm32.13.3.rel1.win32_1.0.0.202411081344/tools/bin/../lib/gcc/arm-none-eabi/13.3.1/thumb/v6-m/nofp/crtbegin.o
                0x200000d8                        . = ALIGN (0x4)

.bss            0x200000d8     0x16c8 load address 0x08007438
                0x200000d8                        _sbss = .
                0x200000d8                        __bss_start__ = _sbss
 *(.bss)
 .bss           0x200000d8       0x1c C:/ST/STM32CubeIDE_1.16.1/STM32CubeIDE/plugins/com.st.stm32cube.ide.mcu.externaltools.gnu-tools-for-stm32.13.3.rel1.win32_1.0.0.202411081344/tools/bin/../lib/gcc/arm-none-eabi/13.3.1/thumb/v6-m/nofp/crtbegin.o
 *(.bss*)
 .bss._bno055_i2c_port
                0x200000f4        0x4 ./Adafruit_BNO055/IMU.o
                0x200000f4                _bno055_i2c_port
 .bss.hcan      0x200000f8       0x64 ./Core/Src/main.o
                0x200000f8                hcan
 .bss.hi2c1     0x2000015c       0x54 ./Core/Src/main.o
                0x2000015c                hi2c1
 .bss.huart1    0x200001b0       0x88 ./Core/Src/main.o
                0x200001b0                huart1
 .bss.huart2    0x20000238       0x88 ./Core/Src/main.o
                0x20000238                huart2
 .bss.huart3    0x200002c0       0x88 ./Core/Src/main.o
                0x200002c0                huart3
 .bss.huart4    0x20000348       0x88 ./Core/Src/main.o
                0x20000348                huart4
 .bss.hdma_usart2_rx
                0x200003d0       0x44 ./Core/Src/main.o
                0x200003d0                hdma_usart2_rx
 .bss.hdma_usart2_tx
                0x20000414       0x44 ./Core/Src/main.o
                0x20000414                hdma_usart2_tx
 .bss.hdma_usart3_rx
                0x20000458       0x44 ./Core/Src/main.o
                0x20000458                hdma_usart3_rx
 .bss.hdma_usart3_tx
                0x2000049c       0x44 ./Core/Src/main.o
                0x2000049c                hdma_usart3_tx
 .bss.hdma_usart4_rx
                0x200004e0       0x44 ./Core/Src/main.o
                0x200004e0                hdma_usart4_rx
 .bss.hdma_usart4_tx
                0x20000524       0x44 ./Core/Src/main.o
                0x20000524                hdma_usart4_tx
 .bss.messageReceived
                0x20000568        0x1 ./Core/Src/main.o
                0x20000568                messageReceived
 *fill*         0x20000569        0x3 
 .bss.rxHeader  0x2000056c       0x1c ./Core/Src/main.o
                0x2000056c                rxHeader
 .bss.rxData    0x20000588        0x8 ./Core/Src/main.o
                0x20000588                rxData
 .bss.hserial_uart1
                0x20000590        0x4 ./Core/Src/main.o
                0x20000590                hserial_uart1
 .bss.hserial_uart2
                0x20000594        0x4 ./Core/Src/main.o
                0x20000594                hserial_uart2
 .bss.hserial_uart3
                0x20000598        0x4 ./Core/Src/main.o
                0x20000598                hserial_uart3
 .bss.hroboclaw_mc1
                0x2000059c       0x10 ./Core/Src/main.o
                0x2000059c                hroboclaw_mc1
 .bss.hroboclaw_mc2
                0x200005ac       0x10 ./Core/Src/main.o
                0x200005ac                hroboclaw_mc2
 .bss.hroboclaw_mc3
                0x200005bc       0x10 ./Core/Src/main.o
                0x200005bc                hroboclaw_mc3
 .bss.__sbrk_heap_end
                0x200005cc        0x4 ./Core/Src/sysmem.o
 .bss.uwTick    0x200005d0        0x4 ./Drivers/STM32F0xx_HAL_Driver/Src/stm32f0xx_hal.o
                0x200005d0                uwTick
 .bss.USART1_Serial_Handler
                0x200005d4        0x4 ./serial/Serial.o
                0x200005d4                USART1_Serial_Handler
 .bss.USART1_Buffer_TX
                0x200005d8      0x20c ./serial/Serial.o
                0x200005d8                USART1_Buffer_TX
 .bss.USART1_Buffer_RX
                0x200007e4      0x20c ./serial/Serial.o
                0x200007e4                USART1_Buffer_RX
 .bss.USART1_HAL_Reg_Tx
                0x200009f0        0x1 ./serial/Serial.o
                0x200009f0                USART1_HAL_Reg_Tx
 .bss.USART1_HAL_Reg_Rx
                0x200009f1        0x1 ./serial/Serial.o
                0x200009f1                USART1_HAL_Reg_Rx
 .bss.USART1_Application_Reg_Tx
                0x200009f2        0x1 ./serial/Serial.o
                0x200009f2                USART1_Application_Reg_Tx
 *fill*         0x200009f3        0x1 
 .bss.USART2_Serial_Handler
                0x200009f4        0x4 ./serial/Serial.o
                0x200009f4                USART2_Serial_Handler
 .bss.USART2_Buffer_TX
                0x200009f8      0x20c ./serial/Serial.o
                0x200009f8                USART2_Buffer_TX
 .bss.USART2_Buffer_RX
                0x20000c04      0x20c ./serial/Serial.o
                0x20000c04                USART2_Buffer_RX
 .bss.USART2_HAL_Reg_Tx
                0x20000e10        0x1 ./serial/Serial.o
                0x20000e10                USART2_HAL_Reg_Tx
 .bss.USART2_HAL_Reg_Rx
                0x20000e11        0x1 ./serial/Serial.o
                0x20000e11                USART2_HAL_Reg_Rx
 .bss.USART2_Application_Reg_Tx
                0x20000e12        0x1 ./serial/Serial.o
                0x20000e12                USART2_Application_Reg_Tx
 *fill*         0x20000e13        0x1 
 .bss.USART3_Serial_Handler
                0x20000e14        0x4 ./serial/Serial.o
                0x20000e14                USART3_Serial_Handler
 .bss.USART3_Buffer_TX
                0x20000e18      0x20c ./serial/Serial.o
                0x20000e18                USART3_Buffer_TX
 .bss.USART3_Buffer_RX
                0x20001024      0x20c ./serial/Serial.o
                0x20001024                USART3_Buffer_RX
 .bss.USART3_HAL_Reg_Tx
                0x20001230        0x1 ./serial/Serial.o
                0x20001230                USART3_HAL_Reg_Tx
 .bss.USART3_HAL_Reg_Rx
                0x20001231        0x1 ./serial/Serial.o
                0x20001231                USART3_HAL_Reg_Rx
 .bss.USART3_Application_Reg_Tx
                0x20001232        0x1 ./serial/Serial.o
                0x20001232                USART3_Application_Reg_Tx
 *fill*         0x20001233        0x1 
 .bss.USART4_Serial_Handler
                0x20001234        0x4 ./serial/Serial.o
                0x20001234                USART4_Serial_Handler
 .bss.USART4_Buffer_TX
                0x20001238      0x20c ./serial/Serial.o
                0x20001238                USART4_Buffer_TX
 .bss.USART4_Buffer_RX
                0x20001444      0x20c ./serial/Serial.o
                0x20001444                USART4_Buffer_RX
 .bss.USART4_HAL_Reg_Tx
                0x20001650        0x1 ./serial/Serial.o
                0x20001650                USART4_HAL_Reg_Tx
 .bss.USART4_HAL_Reg_Rx
                0x20001651        0x1 ./serial/Serial.o
                0x20001651                USART4_HAL_Reg_Rx
 .bss.USART4_Application_Reg_Tx
                0x20001652        0x1 ./serial/Serial.o
                0x20001652                USART4_Application_Reg_Tx
 *fill*         0x20001653        0x1 
 .bss.__sf      0x20001654      0x138 C:/ST/STM32CubeIDE_1.16.1/STM32CubeIDE/plugins/com.st.stm32cube.ide.mcu.externaltools.gnu-tools-for-stm32.13.3.rel1.win32_1.0.0.202411081344/tools/bin/../lib/gcc/arm-none-eabi/13.3.1/../../../../arm-none-eabi/lib/thumb/v6-m/nofp\libc_nano.a(libc_a-findfp.o)
                0x20001654                __sf
 .bss.__stdio_exit_handler
                0x2000178c        0x4 C:/ST/STM32CubeIDE_1.16.1/STM32CubeIDE/plugins/com.st.stm32cube.ide.mcu.externaltools.gnu-tools-for-stm32.13.3.rel1.win32_1.0.0.202411081344/tools/bin/../lib/gcc/arm-none-eabi/13.3.1/../../../../arm-none-eabi/lib/thumb/v6-m/nofp\libc_nano.a(libc_a-findfp.o)
                0x2000178c                __stdio_exit_handler
 .bss.errno     0x20001790        0x4 C:/ST/STM32CubeIDE_1.16.1/STM32CubeIDE/plugins/com.st.stm32cube.ide.mcu.externaltools.gnu-tools-for-stm32.13.3.rel1.win32_1.0.0.202411081344/tools/bin/../lib/gcc/arm-none-eabi/13.3.1/../../../../arm-none-eabi/lib/thumb/v6-m/nofp\libc_nano.a(libc_a-reent.o)
                0x20001790                errno
 .bss.__lock___malloc_recursive_mutex
                0x20001794        0x1 C:/ST/STM32CubeIDE_1.16.1/STM32CubeIDE/plugins/com.st.stm32cube.ide.mcu.externaltools.gnu-tools-for-stm32.13.3.rel1.win32_1.0.0.202411081344/tools/bin/../lib/gcc/arm-none-eabi/13.3.1/../../../../arm-none-eabi/lib/thumb/v6-m/nofp\libc_nano.a(libc_a-lock.o)
                0x20001794                __lock___malloc_recursive_mutex
 .bss.__lock___sfp_recursive_mutex
                0x20001795        0x1 C:/ST/STM32CubeIDE_1.16.1/STM32CubeIDE/plugins/com.st.stm32cube.ide.mcu.externaltools.gnu-tools-for-stm32.13.3.rel1.win32_1.0.0.202411081344/tools/bin/../lib/gcc/arm-none-eabi/13.3.1/../../../../arm-none-eabi/lib/thumb/v6-m/nofp\libc_nano.a(libc_a-lock.o)
                0x20001795                __lock___sfp_recursive_mutex
 *fill*         0x20001796        0x2 
 .bss.__malloc_sbrk_start
                0x20001798        0x4 C:/ST/STM32CubeIDE_1.16.1/STM32CubeIDE/plugins/com.st.stm32cube.ide.mcu.externaltools.gnu-tools-for-stm32.13.3.rel1.win32_1.0.0.202411081344/tools/bin/../lib/gcc/arm-none-eabi/13.3.1/../../../../arm-none-eabi/lib/thumb/v6-m/nofp\libc_nano.a(libc_a-mallocr.o)
                0x20001798                __malloc_sbrk_start
 .bss.__malloc_free_list
                0x2000179c        0x4 C:/ST/STM32CubeIDE_1.16.1/STM32CubeIDE/plugins/com.st.stm32cube.ide.mcu.externaltools.gnu-tools-for-stm32.13.3.rel1.win32_1.0.0.202411081344/tools/bin/../lib/gcc/arm-none-eabi/13.3.1/../../../../arm-none-eabi/lib/thumb/v6-m/nofp\libc_nano.a(libc_a-mallocr.o)
                0x2000179c                __malloc_free_list
 *(COMMON)
                0x200017a0                        . = ALIGN (0x4)
                0x200017a0                        _ebss = .
                0x200017a0                        __bss_end__ = _ebss

._user_heap_stack
                0x200017a0      0x600 load address 0x08007438
                0x200017a0                        . = ALIGN (0x8)
                [!provide]                        PROVIDE (end = .)
                0x200017a0                        PROVIDE (_end = .)
                0x200019a0                        . = (. + _Min_Heap_Size)
 *fill*         0x200017a0      0x200 
                0x20001da0                        . = (. + _Min_Stack_Size)
 *fill*         0x200019a0      0x400 
                0x20001da0                        . = ALIGN (0x8)

/DISCARD/
 libc.a(*)
 libm.a(*)
 libgcc.a(*)

.ARM.attributes
                0x00000000       0x28
 *(.ARM.attributes)
 .ARM.attributes
                0x00000000       0x1e C:/ST/STM32CubeIDE_1.16.1/STM32CubeIDE/plugins/com.st.stm32cube.ide.mcu.externaltools.gnu-tools-for-stm32.13.3.rel1.win32_1.0.0.202411081344/tools/bin/../lib/gcc/arm-none-eabi/13.3.1/thumb/v6-m/nofp/crti.o
 .ARM.attributes
                0x0000001e       0x2c C:/ST/STM32CubeIDE_1.16.1/STM32CubeIDE/plugins/com.st.stm32cube.ide.mcu.externaltools.gnu-tools-for-stm32.13.3.rel1.win32_1.0.0.202411081344/tools/bin/../lib/gcc/arm-none-eabi/13.3.1/thumb/v6-m/nofp/crtbegin.o
 .ARM.attributes
                0x0000004a       0x2c ./Adafruit_BNO055/IMU.o
 .ARM.attributes
                0x00000076       0x2c ./Adafruit_BNO055/bno055.o
 .ARM.attributes
                0x000000a2       0x2c ./Core/Src/main.o
 .ARM.attributes
                0x000000ce       0x2c ./Core/Src/stm32f0xx_hal_msp.o
 .ARM.attributes
                0x000000fa       0x2c ./Core/Src/stm32f0xx_it.o
 .ARM.attributes
                0x00000126       0x2c ./Core/Src/syscalls.o
 .ARM.attributes
                0x00000152       0x2c ./Core/Src/sysmem.o
 .ARM.attributes
                0x0000017e       0x2c ./Core/Src/system_stm32f0xx.o
 .ARM.attributes
                0x000001aa       0x21 ./Core/Startup/startup_stm32f072c8tx.o
 .ARM.attributes
                0x000001cb       0x2c ./Drivers/STM32F0xx_HAL_Driver/Src/stm32f0xx_hal.o
 .ARM.attributes
                0x000001f7       0x2c ./Drivers/STM32F0xx_HAL_Driver/Src/stm32f0xx_hal_can.o
 .ARM.attributes
                0x00000223       0x2c ./Drivers/STM32F0xx_HAL_Driver/Src/stm32f0xx_hal_cortex.o
 .ARM.attributes
                0x0000024f       0x2c ./Drivers/STM32F0xx_HAL_Driver/Src/stm32f0xx_hal_dma.o
 .ARM.attributes
                0x0000027b       0x2c ./Drivers/STM32F0xx_HAL_Driver/Src/stm32f0xx_hal_gpio.o
 .ARM.attributes
                0x000002a7       0x2c ./Drivers/STM32F0xx_HAL_Driver/Src/stm32f0xx_hal_i2c.o
 .ARM.attributes
                0x000002d3       0x2c ./Drivers/STM32F0xx_HAL_Driver/Src/stm32f0xx_hal_i2c_ex.o
 .ARM.attributes
                0x000002ff       0x2c ./Drivers/STM32F0xx_HAL_Driver/Src/stm32f0xx_hal_rcc.o
 .ARM.attributes
                0x0000032b       0x2c ./Drivers/STM32F0xx_HAL_Driver/Src/stm32f0xx_hal_rcc_ex.o
 .ARM.attributes
                0x00000357       0x2c ./Drivers/STM32F0xx_HAL_Driver/Src/stm32f0xx_hal_uart.o
 .ARM.attributes
                0x00000383       0x2c ./Drivers/STM32F0xx_HAL_Driver/Src/stm32f0xx_hal_uart_ex.o
 .ARM.attributes
                0x000003af       0x2c ./roboclaw/roboclaw.o
 .ARM.attributes
                0x000003db       0x2c ./serial/Serial.o
 .ARM.attributes
                0x00000407       0x2c ./serial/base_serial.o
 .ARM.attributes
                0x00000433       0x2c ./serial/ringbuffer.o
 .ARM.attributes
                0x0000045f       0x2c C:/ST/STM32CubeIDE_1.16.1/STM32CubeIDE/plugins/com.st.stm32cube.ide.mcu.externaltools.gnu-tools-for-stm32.13.3.rel1.win32_1.0.0.202411081344/tools/bin/../lib/gcc/arm-none-eabi/13.3.1/../../../../arm-none-eabi/lib/thumb/v6-m/nofp\libc_nano.a(libc_a-findfp.o)
 .ARM.attributes
                0x0000048b       0x2c C:/ST/STM32CubeIDE_1.16.1/STM32CubeIDE/plugins/com.st.stm32cube.ide.mcu.externaltools.gnu-tools-for-stm32.13.3.rel1.win32_1.0.0.202411081344/tools/bin/../lib/gcc/arm-none-eabi/13.3.1/../../../../arm-none-eabi/lib/thumb/v6-m/nofp\libc_nano.a(libc_a-fwalk.o)
 .ARM.attributes
                0x000004b7       0x2c C:/ST/STM32CubeIDE_1.16.1/STM32CubeIDE/plugins/com.st.stm32cube.ide.mcu.externaltools.gnu-tools-for-stm32.13.3.rel1.win32_1.0.0.202411081344/tools/bin/../lib/gcc/arm-none-eabi/13.3.1/../../../../arm-none-eabi/lib/thumb/v6-m/nofp\libc_nano.a(libc_a-printf.o)
 .ARM.attributes
                0x000004e3       0x2c C:/ST/STM32CubeIDE_1.16.1/STM32CubeIDE/plugins/com.st.stm32cube.ide.mcu.externaltools.gnu-tools-for-stm32.13.3.rel1.win32_1.0.0.202411081344/tools/bin/../lib/gcc/arm-none-eabi/13.3.1/../../../../arm-none-eabi/lib/thumb/v6-m/nofp\libc_nano.a(libc_a-puts.o)
 .ARM.attributes
                0x0000050f       0x2c C:/ST/STM32CubeIDE_1.16.1/STM32CubeIDE/plugins/com.st.stm32cube.ide.mcu.externaltools.gnu-tools-for-stm32.13.3.rel1.win32_1.0.0.202411081344/tools/bin/../lib/gcc/arm-none-eabi/13.3.1/../../../../arm-none-eabi/lib/thumb/v6-m/nofp\libc_nano.a(libc_a-stdio.o)
 .ARM.attributes
                0x0000053b       0x2c C:/ST/STM32CubeIDE_1.16.1/STM32CubeIDE/plugins/com.st.stm32cube.ide.mcu.externaltools.gnu-tools-for-stm32.13.3.rel1.win32_1.0.0.202411081344/tools/bin/../lib/gcc/arm-none-eabi/13.3.1/../../../../arm-none-eabi/lib/thumb/v6-m/nofp\libc_nano.a(libc_a-wbuf.o)
 .ARM.attributes
                0x00000567       0x2c C:/ST/STM32CubeIDE_1.16.1/STM32CubeIDE/plugins/com.st.stm32cube.ide.mcu.externaltools.gnu-tools-for-stm32.13.3.rel1.win32_1.0.0.202411081344/tools/bin/../lib/gcc/arm-none-eabi/13.3.1/../../../../arm-none-eabi/lib/thumb/v6-m/nofp\libc_nano.a(libc_a-wsetup.o)
 .ARM.attributes
                0x00000593       0x2c C:/ST/STM32CubeIDE_1.16.1/STM32CubeIDE/plugins/com.st.stm32cube.ide.mcu.externaltools.gnu-tools-for-stm32.13.3.rel1.win32_1.0.0.202411081344/tools/bin/../lib/gcc/arm-none-eabi/13.3.1/../../../../arm-none-eabi/lib/thumb/v6-m/nofp\libc_nano.a(libc_a-memset.o)
 .ARM.attributes
                0x000005bf       0x2c C:/ST/STM32CubeIDE_1.16.1/STM32CubeIDE/plugins/com.st.stm32cube.ide.mcu.externaltools.gnu-tools-for-stm32.13.3.rel1.win32_1.0.0.202411081344/tools/bin/../lib/gcc/arm-none-eabi/13.3.1/../../../../arm-none-eabi/lib/thumb/v6-m/nofp\libc_nano.a(libc_a-closer.o)
 .ARM.attributes
                0x000005eb       0x2c C:/ST/STM32CubeIDE_1.16.1/STM32CubeIDE/plugins/com.st.stm32cube.ide.mcu.externaltools.gnu-tools-for-stm32.13.3.rel1.win32_1.0.0.202411081344/tools/bin/../lib/gcc/arm-none-eabi/13.3.1/../../../../arm-none-eabi/lib/thumb/v6-m/nofp\libc_nano.a(libc_a-reent.o)
 .ARM.attributes
                0x00000617       0x2c C:/ST/STM32CubeIDE_1.16.1/STM32CubeIDE/plugins/com.st.stm32cube.ide.mcu.externaltools.gnu-tools-for-stm32.13.3.rel1.win32_1.0.0.202411081344/tools/bin/../lib/gcc/arm-none-eabi/13.3.1/../../../../arm-none-eabi/lib/thumb/v6-m/nofp\libc_nano.a(libc_a-impure.o)
 .ARM.attributes
                0x00000643       0x2c C:/ST/STM32CubeIDE_1.16.1/STM32CubeIDE/plugins/com.st.stm32cube.ide.mcu.externaltools.gnu-tools-for-stm32.13.3.rel1.win32_1.0.0.202411081344/tools/bin/../lib/gcc/arm-none-eabi/13.3.1/../../../../arm-none-eabi/lib/thumb/v6-m/nofp\libc_nano.a(libc_a-lseekr.o)
 .ARM.attributes
                0x0000066f       0x2c C:/ST/STM32CubeIDE_1.16.1/STM32CubeIDE/plugins/com.st.stm32cube.ide.mcu.externaltools.gnu-tools-for-stm32.13.3.rel1.win32_1.0.0.202411081344/tools/bin/../lib/gcc/arm-none-eabi/13.3.1/../../../../arm-none-eabi/lib/thumb/v6-m/nofp\libc_nano.a(libc_a-readr.o)
 .ARM.attributes
                0x0000069b       0x2c C:/ST/STM32CubeIDE_1.16.1/STM32CubeIDE/plugins/com.st.stm32cube.ide.mcu.externaltools.gnu-tools-for-stm32.13.3.rel1.win32_1.0.0.202411081344/tools/bin/../lib/gcc/arm-none-eabi/13.3.1/../../../../arm-none-eabi/lib/thumb/v6-m/nofp\libc_nano.a(libc_a-writer.o)
 .ARM.attributes
                0x000006c7       0x2c C:/ST/STM32CubeIDE_1.16.1/STM32CubeIDE/plugins/com.st.stm32cube.ide.mcu.externaltools.gnu-tools-for-stm32.13.3.rel1.win32_1.0.0.202411081344/tools/bin/../lib/gcc/arm-none-eabi/13.3.1/../../../../arm-none-eabi/lib/thumb/v6-m/nofp\libc_nano.a(libc_a-errno.o)
 .ARM.attributes
                0x000006f3       0x2c C:/ST/STM32CubeIDE_1.16.1/STM32CubeIDE/plugins/com.st.stm32cube.ide.mcu.externaltools.gnu-tools-for-stm32.13.3.rel1.win32_1.0.0.202411081344/tools/bin/../lib/gcc/arm-none-eabi/13.3.1/../../../../arm-none-eabi/lib/thumb/v6-m/nofp\libc_nano.a(libc_a-init.o)
 .ARM.attributes
                0x0000071f       0x2c C:/ST/STM32CubeIDE_1.16.1/STM32CubeIDE/plugins/com.st.stm32cube.ide.mcu.externaltools.gnu-tools-for-stm32.13.3.rel1.win32_1.0.0.202411081344/tools/bin/../lib/gcc/arm-none-eabi/13.3.1/../../../../arm-none-eabi/lib/thumb/v6-m/nofp\libc_nano.a(libc_a-lock.o)
 .ARM.attributes
                0x0000074b       0x2c C:/ST/STM32CubeIDE_1.16.1/STM32CubeIDE/plugins/com.st.stm32cube.ide.mcu.externaltools.gnu-tools-for-stm32.13.3.rel1.win32_1.0.0.202411081344/tools/bin/../lib/gcc/arm-none-eabi/13.3.1/../../../../arm-none-eabi/lib/thumb/v6-m/nofp\libc_nano.a(libc_a-freer.o)
 .ARM.attributes
                0x00000777       0x2c C:/ST/STM32CubeIDE_1.16.1/STM32CubeIDE/plugins/com.st.stm32cube.ide.mcu.externaltools.gnu-tools-for-stm32.13.3.rel1.win32_1.0.0.202411081344/tools/bin/../lib/gcc/arm-none-eabi/13.3.1/../../../../arm-none-eabi/lib/thumb/v6-m/nofp\libc_nano.a(libc_a-mallocr.o)
 .ARM.attributes
                0x000007a3       0x2c C:/ST/STM32CubeIDE_1.16.1/STM32CubeIDE/plugins/com.st.stm32cube.ide.mcu.externaltools.gnu-tools-for-stm32.13.3.rel1.win32_1.0.0.202411081344/tools/bin/../lib/gcc/arm-none-eabi/13.3.1/../../../../arm-none-eabi/lib/thumb/v6-m/nofp\libc_nano.a(libc_a-mlock.o)
 .ARM.attributes
                0x000007cf       0x2c C:/ST/STM32CubeIDE_1.16.1/STM32CubeIDE/plugins/com.st.stm32cube.ide.mcu.externaltools.gnu-tools-for-stm32.13.3.rel1.win32_1.0.0.202411081344/tools/bin/../lib/gcc/arm-none-eabi/13.3.1/../../../../arm-none-eabi/lib/thumb/v6-m/nofp\libc_nano.a(libc_a-nano-vfprintf.o)
 .ARM.attributes
                0x000007fb       0x2c C:/ST/STM32CubeIDE_1.16.1/STM32CubeIDE/plugins/com.st.stm32cube.ide.mcu.externaltools.gnu-tools-for-stm32.13.3.rel1.win32_1.0.0.202411081344/tools/bin/../lib/gcc/arm-none-eabi/13.3.1/../../../../arm-none-eabi/lib/thumb/v6-m/nofp\libc_nano.a(libc_a-nano-vfprintf_i.o)
 .ARM.attributes
                0x00000827       0x2c C:/ST/STM32CubeIDE_1.16.1/STM32CubeIDE/plugins/com.st.stm32cube.ide.mcu.externaltools.gnu-tools-for-stm32.13.3.rel1.win32_1.0.0.202411081344/tools/bin/../lib/gcc/arm-none-eabi/13.3.1/../../../../arm-none-eabi/lib/thumb/v6-m/nofp\libc_nano.a(libc_a-fflush.o)
 .ARM.attributes
                0x00000853       0x2c C:/ST/STM32CubeIDE_1.16.1/STM32CubeIDE/plugins/com.st.stm32cube.ide.mcu.externaltools.gnu-tools-for-stm32.13.3.rel1.win32_1.0.0.202411081344/tools/bin/../lib/gcc/arm-none-eabi/13.3.1/../../../../arm-none-eabi/lib/thumb/v6-m/nofp\libc_nano.a(libc_a-makebuf.o)
 .ARM.attributes
                0x0000087f       0x2c C:/ST/STM32CubeIDE_1.16.1/STM32CubeIDE/plugins/com.st.stm32cube.ide.mcu.externaltools.gnu-tools-for-stm32.13.3.rel1.win32_1.0.0.202411081344/tools/bin/../lib/gcc/arm-none-eabi/13.3.1/../../../../arm-none-eabi/lib/thumb/v6-m/nofp\libc_nano.a(libc_a-fstatr.o)
 .ARM.attributes
                0x000008ab       0x2c C:/ST/STM32CubeIDE_1.16.1/STM32CubeIDE/plugins/com.st.stm32cube.ide.mcu.externaltools.gnu-tools-for-stm32.13.3.rel1.win32_1.0.0.202411081344/tools/bin/../lib/gcc/arm-none-eabi/13.3.1/../../../../arm-none-eabi/lib/thumb/v6-m/nofp\libc_nano.a(libc_a-isattyr.o)
 .ARM.attributes
                0x000008d7       0x2c C:/ST/STM32CubeIDE_1.16.1/STM32CubeIDE/plugins/com.st.stm32cube.ide.mcu.externaltools.gnu-tools-for-stm32.13.3.rel1.win32_1.0.0.202411081344/tools/bin/../lib/gcc/arm-none-eabi/13.3.1/../../../../arm-none-eabi/lib/thumb/v6-m/nofp\libc_nano.a(libc_a-sbrkr.o)
 .ARM.attributes
                0x00000903       0x2c C:/ST/STM32CubeIDE_1.16.1/STM32CubeIDE/plugins/com.st.stm32cube.ide.mcu.externaltools.gnu-tools-for-stm32.13.3.rel1.win32_1.0.0.202411081344/tools/bin/../lib/gcc/arm-none-eabi/13.3.1/../../../../arm-none-eabi/lib/thumb/v6-m/nofp\libc_nano.a(libc_a-memchr-stub.o)
 .ARM.attributes
                0x0000092f       0x1e C:/ST/STM32CubeIDE_1.16.1/STM32CubeIDE/plugins/com.st.stm32cube.ide.mcu.externaltools.gnu-tools-for-stm32.13.3.rel1.win32_1.0.0.202411081344/tools/bin/../lib/gcc/arm-none-eabi/13.3.1/thumb/v6-m/nofp\libgcc.a(_thumb1_case_shi.o)
 .ARM.attributes
                0x0000094d       0x1e C:/ST/STM32CubeIDE_1.16.1/STM32CubeIDE/plugins/com.st.stm32cube.ide.mcu.externaltools.gnu-tools-for-stm32.13.3.rel1.win32_1.0.0.202411081344/tools/bin/../lib/gcc/arm-none-eabi/13.3.1/thumb/v6-m/nofp\libgcc.a(_udivsi3.o)
 .ARM.attributes
                0x0000096b       0x1e C:/ST/STM32CubeIDE_1.16.1/STM32CubeIDE/plugins/com.st.stm32cube.ide.mcu.externaltools.gnu-tools-for-stm32.13.3.rel1.win32_1.0.0.202411081344/tools/bin/../lib/gcc/arm-none-eabi/13.3.1/thumb/v6-m/nofp\libgcc.a(_dvmd_tls.o)
 .ARM.attributes
                0x00000989       0x1e C:/ST/STM32CubeIDE_1.16.1/STM32CubeIDE/plugins/com.st.stm32cube.ide.mcu.externaltools.gnu-tools-for-stm32.13.3.rel1.win32_1.0.0.202411081344/tools/bin/../lib/gcc/arm-none-eabi/13.3.1/thumb/v6-m/nofp/crtn.o
OUTPUT(Rover_Final.elf elf32-littlearm)
LOAD linker stubs
LOAD C:/ST/STM32CubeIDE_1.16.1/STM32CubeIDE/plugins/com.st.stm32cube.ide.mcu.externaltools.gnu-tools-for-stm32.13.3.rel1.win32_1.0.0.202411081344/tools/bin/../lib/gcc/arm-none-eabi/13.3.1/../../../../arm-none-eabi/lib/thumb/v6-m/nofp\libc.a
LOAD C:/ST/STM32CubeIDE_1.16.1/STM32CubeIDE/plugins/com.st.stm32cube.ide.mcu.externaltools.gnu-tools-for-stm32.13.3.rel1.win32_1.0.0.202411081344/tools/bin/../lib/gcc/arm-none-eabi/13.3.1/../../../../arm-none-eabi/lib/thumb/v6-m/nofp\libm.a
LOAD C:/ST/STM32CubeIDE_1.16.1/STM32CubeIDE/plugins/com.st.stm32cube.ide.mcu.externaltools.gnu-tools-for-stm32.13.3.rel1.win32_1.0.0.202411081344/tools/bin/../lib/gcc/arm-none-eabi/13.3.1/thumb/v6-m/nofp\libgcc.a

.debug_info     0x00000000    0x14202
 .debug_info    0x00000000      0xb9d ./Adafruit_BNO055/IMU.o
 .debug_info    0x00000b9d      0x88c ./Adafruit_BNO055/bno055.o
 .debug_info    0x00001429     0x225a ./Core/Src/main.o
 .debug_info    0x00003683     0x1432 ./Core/Src/stm32f0xx_hal_msp.o
 .debug_info    0x00004ab5      0xc0c ./Core/Src/stm32f0xx_it.o
 .debug_info    0x000056c1      0x6a3 ./Core/Src/syscalls.o
 .debug_info    0x00005d64      0x168 ./Core/Src/sysmem.o
 .debug_info    0x00005ecc      0x242 ./Core/Src/system_stm32f0xx.o
 .debug_info    0x0000610e       0x30 ./Core/Startup/startup_stm32f072c8tx.o
 .debug_info    0x0000613e      0x6c9 ./Drivers/STM32F0xx_HAL_Driver/Src/stm32f0xx_hal.o
 .debug_info    0x00006807     0x10b4 ./Drivers/STM32F0xx_HAL_Driver/Src/stm32f0xx_hal_can.o
 .debug_info    0x000078bb      0x6c5 ./Drivers/STM32F0xx_HAL_Driver/Src/stm32f0xx_hal_cortex.o
 .debug_info    0x00007f80      0x6ea ./Drivers/STM32F0xx_HAL_Driver/Src/stm32f0xx_hal_dma.o
 .debug_info    0x0000866a      0x5a6 ./Drivers/STM32F0xx_HAL_Driver/Src/stm32f0xx_hal_gpio.o
 .debug_info    0x00008c10     0x20c5 ./Drivers/STM32F0xx_HAL_Driver/Src/stm32f0xx_hal_i2c.o
 .debug_info    0x0000acd5      0x824 ./Drivers/STM32F0xx_HAL_Driver/Src/stm32f0xx_hal_i2c_ex.o
 .debug_info    0x0000b4f9      0x83f ./Drivers/STM32F0xx_HAL_Driver/Src/stm32f0xx_hal_rcc.o
 .debug_info    0x0000bd38      0x61c ./Drivers/STM32F0xx_HAL_Driver/Src/stm32f0xx_hal_rcc_ex.o
 .debug_info    0x0000c354     0x3aa2 ./Drivers/STM32F0xx_HAL_Driver/Src/stm32f0xx_hal_uart.o
 .debug_info    0x0000fdf6      0xc8c ./Drivers/STM32F0xx_HAL_Driver/Src/stm32f0xx_hal_uart_ex.o
 .debug_info    0x00010a82     0x20cc ./roboclaw/roboclaw.o
 .debug_info    0x00012b4e      0xb99 ./serial/Serial.o
 .debug_info    0x000136e7      0x7d4 ./serial/base_serial.o
 .debug_info    0x00013ebb      0x347 ./serial/ringbuffer.o

.debug_abbrev   0x00000000     0x301d
 .debug_abbrev  0x00000000      0x232 ./Adafruit_BNO055/IMU.o
 .debug_abbrev  0x00000232      0x21a ./Adafruit_BNO055/bno055.o
 .debug_abbrev  0x0000044c      0x360 ./Core/Src/main.o
 .debug_abbrev  0x000007ac      0x287 ./Core/Src/stm32f0xx_hal_msp.o
 .debug_abbrev  0x00000a33      0x1cc ./Core/Src/stm32f0xx_it.o
 .debug_abbrev  0x00000bff      0x1b6 ./Core/Src/syscalls.o
 .debug_abbrev  0x00000db5       0xbc ./Core/Src/sysmem.o
 .debug_abbrev  0x00000e71      0x11c ./Core/Src/system_stm32f0xx.o
 .debug_abbrev  0x00000f8d       0x24 ./Core/Startup/startup_stm32f072c8tx.o
 .debug_abbrev  0x00000fb1      0x213 ./Drivers/STM32F0xx_HAL_Driver/Src/stm32f0xx_hal.o
 .debug_abbrev  0x000011c4      0x1f3 ./Drivers/STM32F0xx_HAL_Driver/Src/stm32f0xx_hal_can.o
 .debug_abbrev  0x000013b7      0x28c ./Drivers/STM32F0xx_HAL_Driver/Src/stm32f0xx_hal_cortex.o
 .debug_abbrev  0x00001643      0x224 ./Drivers/STM32F0xx_HAL_Driver/Src/stm32f0xx_hal_dma.o
 .debug_abbrev  0x00001867      0x1cb ./Drivers/STM32F0xx_HAL_Driver/Src/stm32f0xx_hal_gpio.o
 .debug_abbrev  0x00001a32      0x261 ./Drivers/STM32F0xx_HAL_Driver/Src/stm32f0xx_hal_i2c.o
 .debug_abbrev  0x00001c93      0x1c3 ./Drivers/STM32F0xx_HAL_Driver/Src/stm32f0xx_hal_i2c_ex.o
 .debug_abbrev  0x00001e56      0x28c ./Drivers/STM32F0xx_HAL_Driver/Src/stm32f0xx_hal_rcc.o
 .debug_abbrev  0x000020e2      0x1a6 ./Drivers/STM32F0xx_HAL_Driver/Src/stm32f0xx_hal_rcc_ex.o
 .debug_abbrev  0x00002288      0x2cd ./Drivers/STM32F0xx_HAL_Driver/Src/stm32f0xx_hal_uart.o
 .debug_abbrev  0x00002555      0x2a9 ./Drivers/STM32F0xx_HAL_Driver/Src/stm32f0xx_hal_uart_ex.o
 .debug_abbrev  0x000027fe      0x309 ./roboclaw/roboclaw.o
 .debug_abbrev  0x00002b07      0x22c ./serial/Serial.o
 .debug_abbrev  0x00002d33      0x188 ./serial/base_serial.o
 .debug_abbrev  0x00002ebb      0x162 ./serial/ringbuffer.o

.debug_aranges  0x00000000     0x1110
 .debug_aranges
                0x00000000       0x58 ./Adafruit_BNO055/IMU.o
 .debug_aranges
                0x00000058       0xf8 ./Adafruit_BNO055/bno055.o
 .debug_aranges
                0x00000150       0x80 ./Core/Src/main.o
 .debug_aranges
                0x000001d0       0x50 ./Core/Src/stm32f0xx_hal_msp.o
 .debug_aranges
                0x00000220       0x70 ./Core/Src/stm32f0xx_it.o
 .debug_aranges
                0x00000290       0xa8 ./Core/Src/syscalls.o
 .debug_aranges
                0x00000338       0x20 ./Core/Src/sysmem.o
 .debug_aranges
                0x00000358       0x28 ./Core/Src/system_stm32f0xx.o
 .debug_aranges
                0x00000380       0x28 ./Core/Startup/startup_stm32f072c8tx.o
 .debug_aranges
                0x000003a8       0xd0 ./Drivers/STM32F0xx_HAL_Driver/Src/stm32f0xx_hal.o
 .debug_aranges
                0x00000478      0x148 ./Drivers/STM32F0xx_HAL_Driver/Src/stm32f0xx_hal_can.o
 .debug_aranges
                0x000005c0       0xc0 ./Drivers/STM32F0xx_HAL_Driver/Src/stm32f0xx_hal_cortex.o
 .debug_aranges
                0x00000680       0x88 ./Drivers/STM32F0xx_HAL_Driver/Src/stm32f0xx_hal_dma.o
 .debug_aranges
                0x00000708       0x58 ./Drivers/STM32F0xx_HAL_Driver/Src/stm32f0xx_hal_gpio.o
 .debug_aranges
                0x00000760      0x2a0 ./Drivers/STM32F0xx_HAL_Driver/Src/stm32f0xx_hal_i2c.o
 .debug_aranges
                0x00000a00       0x48 ./Drivers/STM32F0xx_HAL_Driver/Src/stm32f0xx_hal_i2c_ex.o
 .debug_aranges
                0x00000a48       0x80 ./Drivers/STM32F0xx_HAL_Driver/Src/stm32f0xx_hal_rcc.o
 .debug_aranges
                0x00000ac8       0x78 ./Drivers/STM32F0xx_HAL_Driver/Src/stm32f0xx_hal_rcc_ex.o
 .debug_aranges
                0x00000b40      0x228 ./Drivers/STM32F0xx_HAL_Driver/Src/stm32f0xx_hal_uart.o
 .debug_aranges
                0x00000d68       0x70 ./Drivers/STM32F0xx_HAL_Driver/Src/stm32f0xx_hal_uart_ex.o
 .debug_aranges
                0x00000dd8      0x268 ./roboclaw/roboclaw.o
 .debug_aranges
                0x00001040       0x50 ./serial/Serial.o
 .debug_aranges
                0x00001090       0x20 ./serial/base_serial.o
 .debug_aranges
                0x000010b0       0x60 ./serial/ringbuffer.o

.debug_rnglists
                0x00000000      0xd23
 .debug_rnglists
                0x00000000       0x41 ./Adafruit_BNO055/IMU.o
 .debug_rnglists
                0x00000041       0xba ./Adafruit_BNO055/bno055.o
 .debug_rnglists
                0x000000fb       0x60 ./Core/Src/main.o
 .debug_rnglists
                0x0000015b       0x3b ./Core/Src/stm32f0xx_hal_msp.o
 .debug_rnglists
                0x00000196       0x4f ./Core/Src/stm32f0xx_it.o
 .debug_rnglists
                0x000001e5       0x79 ./Core/Src/syscalls.o
 .debug_rnglists
                0x0000025e       0x13 ./Core/Src/sysmem.o
 .debug_rnglists
                0x00000271       0x1a ./Core/Src/system_stm32f0xx.o
 .debug_rnglists
                0x0000028b       0x19 ./Core/Startup/startup_stm32f072c8tx.o
 .debug_rnglists
                0x000002a4       0x97 ./Drivers/STM32F0xx_HAL_Driver/Src/stm32f0xx_hal.o
 .debug_rnglists
                0x0000033b       0xfc ./Drivers/STM32F0xx_HAL_Driver/Src/stm32f0xx_hal_can.o
 .debug_rnglists
                0x00000437       0x8c ./Drivers/STM32F0xx_HAL_Driver/Src/stm32f0xx_hal_cortex.o
 .debug_rnglists
                0x000004c3       0x6a ./Drivers/STM32F0xx_HAL_Driver/Src/stm32f0xx_hal_dma.o
 .debug_rnglists
                0x0000052d       0x3f ./Drivers/STM32F0xx_HAL_Driver/Src/stm32f0xx_hal_gpio.o
 .debug_rnglists
                0x0000056c      0x229 ./Drivers/STM32F0xx_HAL_Driver/Src/stm32f0xx_hal_i2c.o
 .debug_rnglists
                0x00000795       0x35 ./Drivers/STM32F0xx_HAL_Driver/Src/stm32f0xx_hal_i2c_ex.o
 .debug_rnglists
                0x000007ca       0x61 ./Drivers/STM32F0xx_HAL_Driver/Src/stm32f0xx_hal_rcc.o
 .debug_rnglists
                0x0000082b       0x5b ./Drivers/STM32F0xx_HAL_Driver/Src/stm32f0xx_hal_rcc_ex.o
 .debug_rnglists
                0x00000886      0x1db ./Drivers/STM32F0xx_HAL_Driver/Src/stm32f0xx_hal_uart.o
 .debug_rnglists
                0x00000a61       0x54 ./Drivers/STM32F0xx_HAL_Driver/Src/stm32f0xx_hal_uart_ex.o
 .debug_rnglists
                0x00000ab5      0x1e0 ./roboclaw/roboclaw.o
 .debug_rnglists
                0x00000c95       0x38 ./serial/Serial.o
 .debug_rnglists
                0x00000ccd       0x13 ./serial/base_serial.o
 .debug_rnglists
                0x00000ce0       0x43 ./serial/ringbuffer.o

.debug_macro    0x00000000     0x4551
 .debug_macro   0x00000000      0x2c1 ./Adafruit_BNO055/IMU.o
 .debug_macro   0x000002c1       0x40 ./Adafruit_BNO055/IMU.o
 .debug_macro   0x00000301       0x22 ./Adafruit_BNO055/IMU.o
 .debug_macro   0x00000323       0x16 ./Adafruit_BNO055/IMU.o
 .debug_macro   0x00000339       0x16 ./Adafruit_BNO055/IMU.o
 .debug_macro   0x0000034f      0x337 ./Adafruit_BNO055/IMU.o
 .debug_macro   0x00000686      0x188 ./Adafruit_BNO055/bno055.o
 .debug_macro   0x0000080e       0x9e ./Adafruit_BNO055/bno055.o
 .debug_macro   0x000008ac      0x112 ./Adafruit_BNO055/bno055.o
 .debug_macro   0x000009be      0x34e ./Core/Src/main.o
 .debug_macro   0x00000d0c       0x10 ./Core/Src/main.o
 .debug_macro   0x00000d1c       0x46 ./Core/Src/main.o
 .debug_macro   0x00000d62       0x1c ./Core/Src/main.o
 .debug_macro   0x00000d7e       0x10 ./Core/Src/main.o
 .debug_macro   0x00000d8e      0x460 ./Core/Src/main.o
 .debug_macro   0x000011ee       0x16 ./Core/Src/main.o
 .debug_macro   0x00001204       0x3a ./Core/Src/main.o
 .debug_macro   0x0000123e       0x4c ./Core/Src/main.o
 .debug_macro   0x0000128a       0x16 ./Core/Src/main.o
 .debug_macro   0x000012a0      0x1c2 ./Core/Src/stm32f0xx_hal_msp.o
 .debug_macro   0x00001462      0x1cc ./Core/Src/stm32f0xx_it.o
 .debug_macro   0x0000162e      0x274 ./Core/Src/syscalls.o
 .debug_macro   0x000018a2       0x5b ./Core/Src/syscalls.o
 .debug_macro   0x000018fd       0x94 ./Core/Src/syscalls.o
 .debug_macro   0x00001991       0x57 ./Core/Src/syscalls.o
 .debug_macro   0x000019e8       0x10 ./Core/Src/syscalls.o
 .debug_macro   0x000019f8       0x10 ./Core/Src/syscalls.o
 .debug_macro   0x00001a08       0x10 ./Core/Src/syscalls.o
 .debug_macro   0x00001a18       0x10 ./Core/Src/syscalls.o
 .debug_macro   0x00001a28       0x1c ./Core/Src/syscalls.o
 .debug_macro   0x00001a44       0x52 ./Core/Src/syscalls.o
 .debug_macro   0x00001a96       0x22 ./Core/Src/syscalls.o
 .debug_macro   0x00001ab8       0x10 ./Core/Src/syscalls.o
 .debug_macro   0x00001ac8       0x52 ./Core/Src/syscalls.o
 .debug_macro   0x00001b1a       0xcf ./Core/Src/syscalls.o
 .debug_macro   0x00001be9       0x1c ./Core/Src/syscalls.o
 .debug_macro   0x00001c05       0x3d ./Core/Src/syscalls.o
 .debug_macro   0x00001c42       0x35 ./Core/Src/syscalls.o
 .debug_macro   0x00001c77      0x12c ./Core/Src/syscalls.o
 .debug_macro   0x00001da3       0x10 ./Core/Src/syscalls.o
 .debug_macro   0x00001db3      0x242 ./Core/Src/syscalls.o
 .debug_macro   0x00001ff5       0x10 ./Core/Src/syscalls.o
 .debug_macro   0x00002005      0x18a ./Core/Src/syscalls.o
 .debug_macro   0x0000218f       0x16 ./Core/Src/syscalls.o
 .debug_macro   0x000021a5       0xce ./Core/Src/syscalls.o
 .debug_macro   0x00002273      0x112 ./Core/Src/sysmem.o
 .debug_macro   0x00002385      0x23c ./Core/Src/sysmem.o
 .debug_macro   0x000025c1      0x1b8 ./Core/Src/system_stm32f0xx.o
 .debug_macro   0x00002779      0x1dc ./Drivers/STM32F0xx_HAL_Driver/Src/stm32f0xx_hal.o
 .debug_macro   0x00002955      0x1c7 ./Drivers/STM32F0xx_HAL_Driver/Src/stm32f0xx_hal_can.o
 .debug_macro   0x00002b1c      0x1b8 ./Drivers/STM32F0xx_HAL_Driver/Src/stm32f0xx_hal_cortex.o
 .debug_macro   0x00002cd4      0x1b8 ./Drivers/STM32F0xx_HAL_Driver/Src/stm32f0xx_hal_dma.o
 .debug_macro   0x00002e8c      0x1bf ./Drivers/STM32F0xx_HAL_Driver/Src/stm32f0xx_hal_gpio.o
 .debug_macro   0x0000304b      0x284 ./Drivers/STM32F0xx_HAL_Driver/Src/stm32f0xx_hal_i2c.o
 .debug_macro   0x000032cf      0x1b8 ./Drivers/STM32F0xx_HAL_Driver/Src/stm32f0xx_hal_i2c_ex.o
 .debug_macro   0x00003487      0x1ca ./Drivers/STM32F0xx_HAL_Driver/Src/stm32f0xx_hal_rcc.o
 .debug_macro   0x00003651      0x1ca ./Drivers/STM32F0xx_HAL_Driver/Src/stm32f0xx_hal_rcc_ex.o
 .debug_macro   0x0000381b      0x1d5 ./Drivers/STM32F0xx_HAL_Driver/Src/stm32f0xx_hal_uart.o
 .debug_macro   0x000039f0      0x1b8 ./Drivers/STM32F0xx_HAL_Driver/Src/stm32f0xx_hal_uart_ex.o
 .debug_macro   0x00003ba8      0x265 ./roboclaw/roboclaw.o
 .debug_macro   0x00003e0d       0x3a ./roboclaw/roboclaw.o
 .debug_macro   0x00003e47       0x89 ./roboclaw/roboclaw.o
 .debug_macro   0x00003ed0      0x119 ./roboclaw/roboclaw.o
 .debug_macro   0x00003fe9       0x58 ./roboclaw/roboclaw.o
 .debug_macro   0x00004041       0x16 ./roboclaw/roboclaw.o
 .debug_macro   0x00004057      0x226 ./serial/Serial.o
 .debug_macro   0x0000427d      0x21c ./serial/base_serial.o